Archive member included to satisfy reference by file (symbol)

D:/ST/STM32CubeIDE_1.16.0/STM32CubeIDE/plugins/com.st.stm32cube.ide.mcu.externaltools.gnu-tools-for-stm32.12.3.rel1.win32_1.0.200.202406191623/tools/bin/../lib/gcc/arm-none-eabi/12.3.1/../../../../arm-none-eabi/lib/thumb/v7-m/nofp\libc_nano.a(libc_a-exit.o)
                              D:/ST/STM32CubeIDE_1.16.0/STM32CubeIDE/plugins/com.st.stm32cube.ide.mcu.externaltools.gnu-tools-for-stm32.12.3.rel1.win32_1.0.200.202406191623/tools/bin/../lib/gcc/arm-none-eabi/12.3.1/../../../../arm-none-eabi/lib/thumb/v7-m/nofp/crt0.o (exit)
D:/ST/STM32CubeIDE_1.16.0/STM32CubeIDE/plugins/com.st.stm32cube.ide.mcu.externaltools.gnu-tools-for-stm32.12.3.rel1.win32_1.0.200.202406191623/tools/bin/../lib/gcc/arm-none-eabi/12.3.1/../../../../arm-none-eabi/lib/thumb/v7-m/nofp\libc_nano.a(libc_a-findfp.o)
                              D:/ST/STM32CubeIDE_1.16.0/STM32CubeIDE/plugins/com.st.stm32cube.ide.mcu.externaltools.gnu-tools-for-stm32.12.3.rel1.win32_1.0.200.202406191623/tools/bin/../lib/gcc/arm-none-eabi/12.3.1/../../../../arm-none-eabi/lib/thumb/v7-m/nofp\libc_nano.a(libc_a-exit.o) (__stdio_exit_handler)
D:/ST/STM32CubeIDE_1.16.0/STM32CubeIDE/plugins/com.st.stm32cube.ide.mcu.externaltools.gnu-tools-for-stm32.12.3.rel1.win32_1.0.200.202406191623/tools/bin/../lib/gcc/arm-none-eabi/12.3.1/../../../../arm-none-eabi/lib/thumb/v7-m/nofp\libc_nano.a(libc_a-fwalk.o)
                              D:/ST/STM32CubeIDE_1.16.0/STM32CubeIDE/plugins/com.st.stm32cube.ide.mcu.externaltools.gnu-tools-for-stm32.12.3.rel1.win32_1.0.200.202406191623/tools/bin/../lib/gcc/arm-none-eabi/12.3.1/../../../../arm-none-eabi/lib/thumb/v7-m/nofp\libc_nano.a(libc_a-findfp.o) (_fwalk_sglue)
D:/ST/STM32CubeIDE_1.16.0/STM32CubeIDE/plugins/com.st.stm32cube.ide.mcu.externaltools.gnu-tools-for-stm32.12.3.rel1.win32_1.0.200.202406191623/tools/bin/../lib/gcc/arm-none-eabi/12.3.1/../../../../arm-none-eabi/lib/thumb/v7-m/nofp\libc_nano.a(libc_a-sprintf.o)
                              ./Core/Src/main.o (sprintf)
D:/ST/STM32CubeIDE_1.16.0/STM32CubeIDE/plugins/com.st.stm32cube.ide.mcu.externaltools.gnu-tools-for-stm32.12.3.rel1.win32_1.0.200.202406191623/tools/bin/../lib/gcc/arm-none-eabi/12.3.1/../../../../arm-none-eabi/lib/thumb/v7-m/nofp\libc_nano.a(libc_a-stdio.o)
                              D:/ST/STM32CubeIDE_1.16.0/STM32CubeIDE/plugins/com.st.stm32cube.ide.mcu.externaltools.gnu-tools-for-stm32.12.3.rel1.win32_1.0.200.202406191623/tools/bin/../lib/gcc/arm-none-eabi/12.3.1/../../../../arm-none-eabi/lib/thumb/v7-m/nofp\libc_nano.a(libc_a-findfp.o) (__sread)
D:/ST/STM32CubeIDE_1.16.0/STM32CubeIDE/plugins/com.st.stm32cube.ide.mcu.externaltools.gnu-tools-for-stm32.12.3.rel1.win32_1.0.200.202406191623/tools/bin/../lib/gcc/arm-none-eabi/12.3.1/../../../../arm-none-eabi/lib/thumb/v7-m/nofp\libc_nano.a(libc_a-memcmp.o)
                              ./Core/Src/oled.o (memcmp)
D:/ST/STM32CubeIDE_1.16.0/STM32CubeIDE/plugins/com.st.stm32cube.ide.mcu.externaltools.gnu-tools-for-stm32.12.3.rel1.win32_1.0.200.202406191623/tools/bin/../lib/gcc/arm-none-eabi/12.3.1/../../../../arm-none-eabi/lib/thumb/v7-m/nofp\libc_nano.a(libc_a-memset.o)
                              D:/ST/STM32CubeIDE_1.16.0/STM32CubeIDE/plugins/com.st.stm32cube.ide.mcu.externaltools.gnu-tools-for-stm32.12.3.rel1.win32_1.0.200.202406191623/tools/bin/../lib/gcc/arm-none-eabi/12.3.1/../../../../arm-none-eabi/lib/thumb/v7-m/nofp/crt0.o (memset)
D:/ST/STM32CubeIDE_1.16.0/STM32CubeIDE/plugins/com.st.stm32cube.ide.mcu.externaltools.gnu-tools-for-stm32.12.3.rel1.win32_1.0.200.202406191623/tools/bin/../lib/gcc/arm-none-eabi/12.3.1/../../../../arm-none-eabi/lib/thumb/v7-m/nofp\libc_nano.a(libc_a-closer.o)
                              D:/ST/STM32CubeIDE_1.16.0/STM32CubeIDE/plugins/com.st.stm32cube.ide.mcu.externaltools.gnu-tools-for-stm32.12.3.rel1.win32_1.0.200.202406191623/tools/bin/../lib/gcc/arm-none-eabi/12.3.1/../../../../arm-none-eabi/lib/thumb/v7-m/nofp\libc_nano.a(libc_a-stdio.o) (_close_r)
D:/ST/STM32CubeIDE_1.16.0/STM32CubeIDE/plugins/com.st.stm32cube.ide.mcu.externaltools.gnu-tools-for-stm32.12.3.rel1.win32_1.0.200.202406191623/tools/bin/../lib/gcc/arm-none-eabi/12.3.1/../../../../arm-none-eabi/lib/thumb/v7-m/nofp\libc_nano.a(libc_a-reent.o)
                              D:/ST/STM32CubeIDE_1.16.0/STM32CubeIDE/plugins/com.st.stm32cube.ide.mcu.externaltools.gnu-tools-for-stm32.12.3.rel1.win32_1.0.200.202406191623/tools/bin/../lib/gcc/arm-none-eabi/12.3.1/../../../../arm-none-eabi/lib/thumb/v7-m/nofp\libc_nano.a(libc_a-closer.o) (errno)
D:/ST/STM32CubeIDE_1.16.0/STM32CubeIDE/plugins/com.st.stm32cube.ide.mcu.externaltools.gnu-tools-for-stm32.12.3.rel1.win32_1.0.200.202406191623/tools/bin/../lib/gcc/arm-none-eabi/12.3.1/../../../../arm-none-eabi/lib/thumb/v7-m/nofp\libc_nano.a(libc_a-impure.o)
[...]
Memory Configuration

Name             Origin             Length             Attributes
RAM              0x20000000         0x00005000         xrw
FLASH            0x08000000         0x00010000         xr
*default*        0x00000000         0xffffffff

Linker script and memory map

LOAD D:/ST/STM32CubeIDE_1.16.0/STM32CubeIDE/plugins/com.st.stm32cube.ide.mcu.externaltools.gnu-tools-for-stm32.12.3.rel1.win32_1.0.200.202406191623/tools/bin/../lib/gcc/arm-none-eabi/12.3.1/thumb/v7-m/nofp/crti.o
LOAD D:/ST/STM32CubeIDE_1.16.0/STM32CubeIDE/plugins/com.st.stm32cube.ide.mcu.externaltools.gnu-tools-for-stm32.12.3.rel1.win32_1.0.200.202406191623/tools/bin/../lib/gcc/arm-none-eabi/12.3.1/thumb/v7-m/nofp/crtbegin.o
LOAD D:/ST/STM32CubeIDE_1.16.0/STM32CubeIDE/plugins/com.st.stm32cube.ide.mcu.externaltools.gnu-tools-for-stm32.12.3.rel1.win32_1.0.200.202406191623/tools/bin/../lib/gcc/arm-none-eabi/12.3.1/../../../../arm-none-eabi/lib/thumb/v7-m/nofp/crt0.o
LOAD ./Core/Src/PID.o
LOAD ./Core/Src/adc.o
LOAD ./Core/Src/dma.o
LOAD ./Core/Src/font.o
LOAD ./Core/Src/gpio.o
LOAD ./Core/Src/i2c.o
LOAD ./Core/Src/main.o
LOAD ./Core/Src/mpu6050.o
LOAD ./Core/Src/my_main.o
LOAD ./Core/Src/oled.o
LOAD ./Core/Src/stm32f1xx_hal_msp.o
LOAD ./Core/Src/stm32f1xx_it.o
LOAD ./Core/Src/syscalls.o
LOAD ./Core/Src/sysmem.o
LOAD ./Core/Src/system_stm32f1xx.o
LOAD ./Core/Src/tim.o
LOAD ./Core/Src/usart.o
LOAD ./Core/Startup/startup_stm32f103c8tx.o
LOAD ./Drivers/STM32F1xx_HAL_Driver/Src/stm32f1xx_hal.o
LOAD ./Drivers/STM32F1xx_HAL_Driver/Src/stm32f1xx_hal_adc.o
LOAD ./Drivers/STM32F1xx_HAL_Driver/Src/stm32f1xx_hal_adc_ex.o
LOAD ./Drivers/STM32F1xx_HAL_Driver/Src/stm32f1xx_hal_cortex.o
LOAD ./Drivers/STM32F1xx_HAL_Driver/Src/stm32f1xx_hal_dma.o
LOAD ./Drivers/STM32F1xx_HAL_Driver/Src/stm32f1xx_hal_exti.o
LOAD ./Drivers/STM32F1xx_HAL_Driver/Src/stm32f1xx_hal_flash.o
LOAD ./Drivers/STM32F1xx_HAL_Driver/Src/stm32f1xx_hal_flash_ex.o
LOAD ./Drivers/STM32F1xx_HAL_Driver/Src/stm32f1xx_hal_gpio.o
LOAD ./Drivers/STM32F1xx_HAL_Driver/Src/stm32f1xx_hal_gpio_ex.o
LOAD ./Drivers/STM32F1xx_HAL_Driver/Src/stm32f1xx_hal_i2c.o
LOAD ./Drivers/STM32F1xx_HAL_Driver/Src/stm32f1xx_hal_pwr.o
LOAD ./Drivers/STM32F1xx_HAL_Driver/Src/stm32f1xx_hal_rcc.o
LOAD ./Drivers/STM32F1xx_HAL_Driver/Src/stm32f1xx_hal_rcc_ex.o
LOAD ./Drivers/STM32F1xx_HAL_Driver/Src/stm32f1xx_hal_tim.o
LOAD ./Drivers/STM32F1xx_HAL_Driver/Src/stm32f1xx_hal_tim_ex.o
LOAD ./Drivers/STM32F1xx_HAL_Driver/Src/stm32f1xx_hal_uart.o
START GROUP
LOAD D:/ST/STM32CubeIDE_1.16.0/STM32CubeIDE/plugins/com.st.stm32cube.ide.mcu.externaltools.gnu-tools-for-stm32.12.3.rel1.win32_1.0.200.202406191623/tools/bin/../lib/gcc/arm-none-eabi/12.3.1/../../../../arm-none-eabi/lib/thumb/v7-m/nofp\libc_nano.a
LOAD D:/ST/STM32CubeIDE_1.16.0/STM32CubeIDE/plugins/com.st.stm32cube.ide.mcu.externaltools.gnu-tools-for-stm32.12.3.rel1.win32_1.0.200.202406191623/tools/bin/../lib/gcc/arm-none-eabi/12.3.1/../../../../arm-none-eabi/lib/thumb/v7-m/nofp\libm.a
END GROUP
START GROUP
LOAD D:/ST/STM32CubeIDE_1.16.0/STM32CubeIDE/plugins/com.st.stm32cube.ide.mcu.externaltools.gnu-tools-for-stm32.12.3.rel1.win32_1.0.200.202406191623/tools/bin/../lib/gcc/arm-none-eabi/12.3.1/thumb/v7-m/nofp\libgcc.a
LOAD D:/ST/STM32CubeIDE_1.16.0/STM32CubeIDE/plugins/com.st.stm32cube.ide.mcu.externaltools.gnu-tools-for-stm32.12.3.rel1.win32_1.0.200.202406191623/tools/bin/../lib/gcc/arm-none-eabi/12.3.1/../../../../arm-none-eabi/lib/thumb/v7-m/nofp\libc_nano.a
END GROUP
START GROUP
LOAD D:/ST/STM32CubeIDE_1.16.0/STM32CubeIDE/plugins/com.st.stm32cube.ide.mcu.externaltools.gnu-tools-for-stm32.12.3.rel1.win32_1.0.200.202406191623/tools/bin/../lib/gcc/arm-none-eabi/12.3.1/thumb/v7-m/nofp\libgcc.a
LOAD D:/ST/STM32CubeIDE_1.16.0/STM32CubeIDE/plugins/com.st.stm32cube.ide.mcu.externaltools.gnu-tools-for-stm32.12.3.rel1.win32_1.0.200.202406191623/tools/bin/../lib/gcc/arm-none-eabi/12.3.1/../../../../arm-none-eabi/lib/thumb/v7-m/nofp\libc_nano.a
LOAD D:/ST/STM32CubeIDE_1.16.0/STM32CubeIDE/plugins/com.st.stm32cube.ide.mcu.externaltools.gnu-tools-for-stm32.12.3.rel1.win32_1.0.200.202406191623/tools/bin/../lib/gcc/arm-none-eabi/12.3.1/../../../../arm-none-eabi/lib/thumb/v7-m/nofp\libnosys.a
END GROUP
START GROUP
LOAD D:/ST/STM32CubeIDE_1.16.0/STM32CubeIDE/plugins/com.st.stm32cube.ide.mcu.externaltools.gnu-tools-for-stm32.12.3.rel1.win32_1.0.200.202406191623/tools/bin/../lib/gcc/arm-none-eabi/12.3.1/thumb/v7-m/nofp\libgcc.a
LOAD D:/ST/STM32CubeIDE_1.16.0/STM32CubeIDE/plugins/com.st.stm32cube.ide.mcu.externaltools.gnu-tools-for-stm32.12.3.rel1.win32_1.0.200.202406191623/tools/bin/../lib/gcc/arm-none-eabi/12.3.1/../../../../arm-none-eabi/lib/thumb/v7-m/nofp\libc_nano.a
LOAD D:/ST/STM32CubeIDE_1.16.0/STM32CubeIDE/plugins/com.st.stm32cube.ide.mcu.externaltools.gnu-tools-for-stm32.12.3.rel1.win32_1.0.200.202406191623/tools/bin/../lib/gcc/arm-none-eabi/12.3.1/../../../../arm-none-eabi/lib/thumb/v7-m/nofp\libnosys.a
END GROUP
LOAD D:/ST/STM32CubeIDE_1.16.0/STM32CubeIDE/plugins/com.st.stm32cube.ide.mcu.externaltools.gnu-tools-for-stm32.12.3.rel1.win32_1.0.200.202406191623/tools/bin/../lib/gcc/arm-none-eabi/12.3.1/thumb/v7-m/nofp/crtend.o
LOAD D:/ST/STM32CubeIDE_1.16.0/STM32CubeIDE/plugins/com.st.stm32cube.ide.mcu.externaltools.gnu-tools-for-stm32.12.3.rel1.win32_1.0.200.202406191623/tools/bin/../lib/gcc/arm-none-eabi/12.3.1/thumb/v7-m/nofp/crtn.o
                0x20005000                        _estack = (ORIGIN (RAM) + LENGTH (RAM))
                0x00000200                        _Min_Heap_Size = 0x200
                0x00000400                        _Min_Stack_Size = 0x400

.isr_vector     0x08000000      0x10c
                0x08000000                        . = ALIGN (0x4)
 *(.isr_vector)
 .isr_vector    0x08000000      0x10c ./Core/Startup/startup_stm32f103c8tx.o
                0x08000000                g_pfnVectors
                0x0800010c                        . = ALIGN (0x4)

.text           0x08000110     0x9eb4
                0x08000110                        . = ALIGN (0x4)
 *(.text)
 .text          0x08000110       0x40 D:/ST/STM32CubeIDE_1.16.0/STM32CubeIDE/plugins/com.st.stm32cube.ide.mcu.externaltools.gnu-tools-for-stm32.12.3.rel1.win32_1.0.200.202406191623/tools/bin/../lib/gcc/arm-none-eabi/12.3.1/thumb/v7-m/nofp/crtbegin.o
 .text          0x08000150      0x378 D:/ST/STM32CubeIDE_1.16.0/STM32CubeIDE/plugins/com.st.stm32cube.ide.mcu.externaltools.gnu-tools-for-stm32.12.3.rel1.win32_1.0.200.202406191623/tools/bin/../lib/gcc/arm-none-eabi/12.3.1/thumb/v7-m/nofp\libgcc.a(_arm_addsubdf3.o)
                0x08000150                __aeabi_drsub
                0x08000158                __aeabi_dsub
                0x08000158                __subdf3
                0x0800015c                __aeabi_dadd
                0x0800015c                __adddf3
                0x080003d4                __floatunsidf
                0x080003d4                __aeabi_ui2d
                0x080003f4                __floatsidf
                0x080003f4                __aeabi_i2d
                0x08000418                __aeabi_f2d
                0x08000418                __extendsfdf2
                0x0800045c                __floatundidf
                0x0800045c                __aeabi_ul2d
                0x0800046c                __floatdidf
                0x0800046c                __aeabi_l2d
 .text          0x080004c8      0x424 D:/ST/STM32CubeIDE_1.16.0/STM32CubeIDE/plugins/com.st.stm32cube.ide.mcu.externaltools.gnu-tools-for-stm32.12.3.rel1.win32_1.0.200.202406191623/tools/bin/../lib/gcc/arm-none-eabi/12.3.1/thumb/v7-m/nofp\libgcc.a(_arm_muldivdf3.o)
                0x080004c8                __aeabi_dmul
                0x080004c8                __muldf3
                0x0800071c                __divdf3
                0x0800071c                __aeabi_ddiv
 .text          0x080008ec      0x110 D:/ST/STM32CubeIDE_1.16.0/STM32CubeIDE/plugins/com.st.stm32cube.ide.mcu.externaltools.gnu-tools-for-stm32.12.3.rel1.win32_1.0.200.202406191623/tools/bin/../lib/gcc/arm-none-eabi/12.3.1/thumb/v7-m/nofp\libgcc.a(_arm_cmpdf2.o)
                0x080008ec                __gtdf2
                0x080008ec                __gedf2
                0x080008f4                __ltdf2
                0x080008f4                __ledf2
                0x080008fc                __nedf2
                0x080008fc                __eqdf2
                0x080008fc                __cmpdf2
                0x08000978                __aeabi_cdrcmple
                0x08000988                __aeabi_cdcmpeq
                0x08000988                __aeabi_cdcmple
                0x08000998                __aeabi_dcmpeq
                0x080009ac                __aeabi_dcmplt
                0x080009c0                __aeabi_dcmple
                0x080009d4                __aeabi_dcmpge
                0x080009e8                __aeabi_dcmpgt
 .text          0x080009fc       0x2c D:/ST/STM32CubeIDE_1.16.0/STM32CubeIDE/plugins/com.st.stm32cube.ide.mcu.externaltools.gnu-tools-for-stm32.12.3.rel1.win32_1.0.200.202406191623/tools/bin/../lib/gcc/arm-none-eabi/12.3.1/thumb/v7-m/nofp\libgcc.a(_arm_unorddf2.o)
                0x080009fc                __unorddf2
                0x080009fc                __aeabi_dcmpun
 .text          0x08000a28       0x50 D:/ST/STM32CubeIDE_1.16.0/STM32CubeIDE/plugins/com.st.stm32cube.ide.mcu.externaltools.gnu-tools-for-stm32.12.3.rel1.win32_1.0.200.202406191623/tools/bin/../lib/gcc/arm-none-eabi/12.3.1/thumb/v7-m/nofp\libgcc.a(_arm_fixdfsi.o)
                0x08000a28                __aeabi_d2iz
                0x08000a28                __fixdfsi
 .text          0x08000a78      0x21c D:/ST/STM32CubeIDE_1.16.0/STM32CubeIDE/plugins/com.st.stm32cube.ide.mcu.externaltools.gnu-tools-for-stm32.12.3.rel1.win32_1.0.200.202406191623/tools/bin/../lib/gcc/arm-none-eabi/12.3.1/thumb/v7-m/nofp\libgcc.a(_arm_addsubsf3.o)
                0x08000a78                __aeabi_frsub
                0x08000a80                __subsf3
                0x08000a80                __aeabi_fsub
                0x08000a84                __aeabi_fadd
                0x08000a84                __addsf3
                0x08000be4                __aeabi_ui2f
                0x08000be4                __floatunsisf
                0x08000bec                __aeabi_i2f
                0x08000bec                __floatsisf
                0x08000c08                __aeabi_ul2f
                0x08000c08                __floatundisf
                0x08000c18                __aeabi_l2f
                0x08000c18                __floatdisf
 .text          0x08000c94      0x2a0 D:/ST/STM32CubeIDE_1.16.0/STM32CubeIDE/plugins/com.st.stm32cube.ide.mcu.externaltools.gnu-tools-for-stm32.12.3.rel1.win32_1.0.200.202406191623/tools/bin/../lib/gcc/arm-none-eabi/12.3.1/thumb/v7-m/nofp\libgcc.a(_arm_muldivsf3.o)
                0x08000c94                __mulsf3
                0x08000c94                __aeabi_fmul
                0x08000dfc                __aeabi_fdiv
                0x08000dfc                __divsf3
 .text          0x08000f34       0xec D:/ST/STM32CubeIDE_1.16.0/STM32CubeIDE/plugins/com.st.stm32cube.ide.mcu.externaltools.gnu-tools-for-stm32.12.3.rel1.win32_1.0.200.202406191623/tools/bin/../lib/gcc/arm-none-eabi/12.3.1/thumb/v7-m/nofp\libgcc.a(_arm_cmpsf2.o)
                0x08000f34                __gesf2
                0x08000f34                __gtsf2
                0x08000f3c                __lesf2
                0x08000f3c                __ltsf2
                0x08000f44                __nesf2
                0x08000f44                __eqsf2
                0x08000f44                __cmpsf2
                0x08000fa4                __aeabi_cfrcmple
                0x08000fac                __aeabi_cfcmpeq
                0x08000fac                __aeabi_cfcmple
                0x08000fbc                __aeabi_fcmpeq
                0x08000fd0                __aeabi_fcmplt
                0x08000fe4                __aeabi_fcmple
                0x08000ff8                __aeabi_fcmpge
                0x0800100c                __aeabi_fcmpgt
 .text          0x08001020       0x4c D:/ST/STM32CubeIDE_1.16.0/STM32CubeIDE/plugins/com.st.stm32cube.ide.mcu.externaltools.gnu-tools-for-stm32.12.3.rel1.win32_1.0.200.202406191623/tools/bin/../lib/gcc/arm-none-eabi/12.3.1/thumb/v7-m/nofp\libgcc.a(_arm_fixsfsi.o)
                0x08001020                __aeabi_f2iz
                0x08001020                __fixsfsi
 *(.text*)
 .text.Num2Abs  0x0800106c       0x2a ./Core/Src/PID.o
                0x0800106c                Num2Abs
 .text.PID_Init
                0x08001096       0x4e ./Core/Src/PID.o
                0x08001096                PID_Init
 .text.PID_Calculate
                0x080010e4       0xf0 ./Core/Src/PID.o
                0x080010e4                PID_Calculate
 .text.MX_ADC1_Init
                0x080011d4       0x7c ./Core/Src/adc.o
                0x080011d4                MX_ADC1_Init
 .text.HAL_ADC_MspInit
                0x08001250       0x78 ./Core/Src/adc.o
                0x08001250                HAL_ADC_MspInit
 .text.MX_DMA_Init
                0x080012c8       0x4c ./Core/Src/dma.o
                0x080012c8                MX_DMA_Init
 .text.MX_GPIO_Init
                0x08001314      0x110 ./Core/Src/gpio.o
                0x08001314                MX_GPIO_Init
 .text.MX_I2C1_Init
                0x08001424       0x5c ./Core/Src/i2c.o
                0x08001424                MX_I2C1_Init
 .text.MX_I2C2_Init
                0x08001480       0x5c ./Core/Src/i2c.o
                0x08001480                MX_I2C2_Init
 .text.HAL_I2C_MspInit
                0x080014dc       0xf8 ./Core/Src/i2c.o
                0x080014dc                HAL_I2C_MspInit
 .text.HAL_GPIO_EXTI_Callback
                0x080015d4       0x84 ./Core/Src/main.o
                0x080015d4                HAL_GPIO_EXTI_Callback
 .text.encoder_to_angle
                0x08001658       0x84 ./Core/Src/main.o
                0x08001658                encoder_to_angle
 *fill*         0x080016dc        0x4 
 .text.main     0x080016e0      0x2dc ./Core/Src/main.o
                0x080016e0                main
 .text.SystemClock_Config
                0x080019bc       0xb6 ./Core/Src/main.o
                0x080019bc                SystemClock_Config
 .text.Error_Handler
                0x08001a72        0xc ./Core/Src/main.o
                0x08001a72                Error_Handler
 .text.MPU6050_Init
                0x08001a7e       0xcc ./Core/Src/mpu6050.o
                0x08001a7e                MPU6050_Init
 *fill*         0x08001b4a        0x6 
 .text.MPU6050_Read_All
                0x08001b50      0x438 ./Core/Src/mpu6050.o
                0x08001b50                MPU6050_Read_All
 .text.Kalman_getAngle
                0x08001f88      0x2a6 ./Core/Src/mpu6050.o
                0x08001f88                Kalman_getAngle
 *fill*         0x0800222e        0x2 
 .text.HAL_TIM_PeriodElapsedCallback
                0x08002230       0xc4 ./Core/Src/my_main.o
                0x08002230                HAL_TIM_PeriodElapsedCallback
 .text.ADC_Read
                0x080022f4       0xd4 ./Core/Src/my_main.o
                0x080022f4                ADC_Read
 .text.encoder_speed
                0x080023c8       0x28 ./Core/Src/my_main.o
                0x080023c8                encoder_speed
 .text.Load     0x080023f0       0x60 ./Core/Src/my_main.o
                0x080023f0                Load
 .text.OLED_Send
                0x08002450       0x2c ./Core/Src/oled.o
                0x08002450                OLED_Send
 .text.OLED_SendCmd
                0x0800247c       0x24 ./Core/Src/oled.o
                0x0800247c                OLED_SendCmd
 .text.OLED_Init
                0x080024a0       0xb8 ./Core/Src/oled.o
                0x080024a0                OLED_Init
 .text.OLED_DisPlay_On
                0x08002558       0x1a ./Core/Src/oled.o
                0x08002558                OLED_DisPlay_On
 *fill*         0x08002572        0x2 
 .text.OLED_NewFrame
                0x08002574       0x18 ./Core/Src/oled.o
                0x08002574                OLED_NewFrame
 .text.OLED_ShowFrame
                0x0800258c       0x68 ./Core/Src/oled.o
                0x0800258c                OLED_ShowFrame
 .text.OLED_SetByte_Fine
                0x080025f4       0xf8 ./Core/Src/oled.o
                0x080025f4                OLED_SetByte_Fine
 .text.OLED_SetBits_Fine
                0x080026ec       0xbe ./Core/Src/oled.o
                0x080026ec                OLED_SetBits_Fine
 .text.OLED_SetBits
                0x080027aa       0x82 ./Core/Src/oled.o
                0x080027aa                OLED_SetBits
 .text.OLED_SetBlock
                0x0800282c       0xe2 ./Core/Src/oled.o
                0x0800282c                OLED_SetBlock
 .text.OLED_PrintASCIIChar
                0x0800290e       0x5e ./Core/Src/oled.o
                0x0800290e                OLED_PrintASCIIChar
 .text._OLED_GetUTF8Len
                0x0800296c       0x52 ./Core/Src/oled.o
                0x0800296c                _OLED_GetUTF8Len
 .text.OLED_PrintString
                0x080029be      0x14c ./Core/Src/oled.o
                0x080029be                OLED_PrintString
 *fill*         0x08002b0a        0x2 
 .text.HAL_MspInit
                0x08002b0c       0x64 ./Core/Src/stm32f1xx_hal_msp.o
                0x08002b0c                HAL_MspInit
 .text.NMI_Handler
                0x08002b70        0x8 ./Core/Src/stm32f1xx_it.o
                0x08002b70                NMI_Handler
 .text.HardFault_Handler
                0x08002b78        0x8 ./Core/Src/stm32f1xx_it.o
                0x08002b78                HardFault_Handler
 .text.MemManage_Handler
                0x08002b80        0x8 ./Core/Src/stm32f1xx_it.o
                0x08002b80                MemManage_Handler
 .text.BusFault_Handler
                0x08002b88        0x8 ./Core/Src/stm32f1xx_it.o
                0x08002b88                BusFault_Handler
 .text.UsageFault_Handler
                0x08002b90        0x8 ./Core/Src/stm32f1xx_it.o
                0x08002b90                UsageFault_Handler
 .text.SVC_Handler
                0x08002b98        0xc ./Core/Src/stm32f1xx_it.o
                0x08002b98                SVC_Handler
 .text.DebugMon_Handler
                0x08002ba4        0xc ./Core/Src/stm32f1xx_it.o
                0x08002ba4                DebugMon_Handler
 .text.PendSV_Handler
                0x08002bb0        0xc ./Core/Src/stm32f1xx_it.o
                0x08002bb0                PendSV_Handler
 .text.SysTick_Handler
                0x08002bbc        0xc ./Core/Src/stm32f1xx_it.o
                0x08002bbc                SysTick_Handler
 .text.EXTI3_IRQHandler
                0x08002bc8        0xe ./Core/Src/stm32f1xx_it.o
                0x08002bc8                EXTI3_IRQHandler
 .text.EXTI4_IRQHandler
                0x08002bd6        0xe ./Core/Src/stm32f1xx_it.o
                0x08002bd6                EXTI4_IRQHandler
 .text.DMA1_Channel6_IRQHandler
                0x08002be4       0x14 ./Core/Src/stm32f1xx_it.o
                0x08002be4                DMA1_Channel6_IRQHandler
 .text.DMA1_Channel7_IRQHandler
                0x08002bf8       0x14 ./Core/Src/stm32f1xx_it.o
                0x08002bf8                DMA1_Channel7_IRQHandler
 .text.EXTI9_5_IRQHandler
                0x08002c0c        0xe ./Core/Src/stm32f1xx_it.o
                0x08002c0c                EXTI9_5_IRQHandler
 *fill*         0x08002c1a        0x2 
 .text.TIM2_IRQHandler
                0x08002c1c       0x14 ./Core/Src/stm32f1xx_it.o
                0x08002c1c                TIM2_IRQHandler
 .text.USART2_IRQHandler
                0x08002c30       0x14 ./Core/Src/stm32f1xx_it.o
                0x08002c30                USART2_IRQHandler
 .text.EXTI15_10_IRQHandler
                0x08002c44       0x18 ./Core/Src/stm32f1xx_it.o
                0x08002c44                EXTI15_10_IRQHandler
 .text._sbrk    0x08002c5c       0x6c ./Core/Src/sysmem.o
                0x08002c5c                _sbrk
 .text.SystemInit
                0x08002cc8        0xc ./Core/Src/system_stm32f1xx.o
                0x08002cc8                SystemInit
 .text.MX_TIM2_Init
                0x08002cd4       0x98 ./Core/Src/tim.o
                0x08002cd4                MX_TIM2_Init
 .text.MX_TIM3_Init
                0x08002d6c       0xa8 ./Core/Src/tim.o
                0x08002d6c                MX_TIM3_Init
 .text.MX_TIM4_Init
                0x08002e14       0xec ./Core/Src/tim.o
                0x08002e14                MX_TIM4_Init
 .text.HAL_TIM_Base_MspInit
                0x08002f00       0x70 ./Core/Src/tim.o
                0x08002f00                HAL_TIM_Base_MspInit
 .text.HAL_TIM_Encoder_MspInit
                0x08002f70       0x7c ./Core/Src/tim.o
                0x08002f70                HAL_TIM_Encoder_MspInit
 .text.HAL_TIM_MspPostInit
                0x08002fec       0x64 ./Core/Src/tim.o
                0x08002fec                HAL_TIM_MspPostInit
 .text.MX_USART2_UART_Init
                0x08003050       0x54 ./Core/Src/usart.o
                0x08003050                MX_USART2_UART_Init
 .text.HAL_UART_MspInit
                0x080030a4      0x150 ./Core/Src/usart.o
                0x080030a4                HAL_UART_MspInit
 .text.Reset_Handler
                0x080031f4       0x48 ./Core/Startup/startup_stm32f103c8tx.o
                0x080031f4                Reset_Handler
 .text.Default_Handler
                0x0800323c        0x2 ./Core/Startup/startup_stm32f103c8tx.o
                0x0800323c                RTC_Alarm_IRQHandler
                0x0800323c                EXTI2_IRQHandler
                0x0800323c                TIM1_CC_IRQHandler
                0x0800323c                PVD_IRQHandler
                0x0800323c                EXTI0_IRQHandler
                0x0800323c                I2C2_EV_IRQHandler
                0x0800323c                ADC1_2_IRQHandler
                0x0800323c                SPI1_IRQHandler
                0x0800323c                TAMPER_IRQHandler
                0x0800323c                DMA1_Channel4_IRQHandler
                0x0800323c                USART3_IRQHandler
                0x0800323c                RTC_IRQHandler
                0x0800323c                CAN1_RX1_IRQHandler
                0x0800323c                TIM4_IRQHandler
                0x0800323c                I2C1_EV_IRQHandler
                0x0800323c                TIM3_IRQHandler
                0x0800323c                RCC_IRQHandler
                0x0800323c                TIM1_TRG_COM_IRQHandler
                0x0800323c                DMA1_Channel1_IRQHandler
                0x0800323c                Default_Handler
                0x0800323c                SPI2_IRQHandler
                0x0800323c                DMA1_Channel5_IRQHandler
                0x0800323c                USB_LP_CAN1_RX0_IRQHandler
                0x0800323c                USB_HP_CAN1_TX_IRQHandler
                0x0800323c                DMA1_Channel3_IRQHandler
                0x0800323c                TIM1_UP_IRQHandler
                0x0800323c                WWDG_IRQHandler
                0x0800323c                TIM1_BRK_IRQHandler
                0x0800323c                EXTI1_IRQHandler
                0x0800323c                I2C2_ER_IRQHandler
                0x0800323c                DMA1_Channel2_IRQHandler
                0x0800323c                CAN1_SCE_IRQHandler
                0x0800323c                FLASH_IRQHandler
                0x0800323c                USART1_IRQHandler
                0x0800323c                I2C1_ER_IRQHandler
                0x0800323c                USBWakeUp_IRQHandler
 *fill*         0x0800323e        0x2 
 .text.HAL_Init
                0x08003240       0x2c ./Drivers/STM32F1xx_HAL_Driver/Src/stm32f1xx_hal.o
                0x08003240                HAL_Init
 .text.HAL_InitTick
                0x0800326c       0x60 ./Drivers/STM32F1xx_HAL_Driver/Src/stm32f1xx_hal.o
                0x0800326c                HAL_InitTick
 .text.HAL_IncTick
                0x080032cc       0x24 ./Drivers/STM32F1xx_HAL_Driver/Src/stm32f1xx_hal.o
                0x080032cc                HAL_IncTick
 .text.HAL_GetTick
                0x080032f0       0x14 ./Drivers/STM32F1xx_HAL_Driver/Src/stm32f1xx_hal.o
                0x080032f0                HAL_GetTick
 .text.HAL_ADC_Init
                0x08003304      0x1b0 ./Drivers/STM32F1xx_HAL_Driver/Src/stm32f1xx_hal_adc.o
                0x08003304                HAL_ADC_Init
 .text.HAL_ADC_Start
                0x080034b4      0x15c ./Drivers/STM32F1xx_HAL_Driver/Src/stm32f1xx_hal_adc.o
                0x080034b4                HAL_ADC_Start
 .text.HAL_ADC_PollForConversion
                0x08003610      0x20c ./Drivers/STM32F1xx_HAL_Driver/Src/stm32f1xx_hal_adc.o
                0x08003610                HAL_ADC_PollForConversion
 .text.HAL_ADC_GetValue
                0x0800381c       0x18 ./Drivers/STM32F1xx_HAL_Driver/Src/stm32f1xx_hal_adc.o
                0x0800381c                HAL_ADC_GetValue
 .text.HAL_ADC_ConfigChannel
                0x08003834      0x1f0 ./Drivers/STM32F1xx_HAL_Driver/Src/stm32f1xx_hal_adc.o
                0x08003834                HAL_ADC_ConfigChannel
 .text.ADC_Enable
                0x08003a24       0xb4 ./Drivers/STM32F1xx_HAL_Driver/Src/stm32f1xx_hal_adc.o
                0x08003a24                ADC_Enable
 .text.ADC_ConversionStop_Disable
                0x08003ad8       0x82 ./Drivers/STM32F1xx_HAL_Driver/Src/stm32f1xx_hal_adc.o
                0x08003ad8                ADC_ConversionStop_Disable
 *fill*         0x08003b5a        0x2 
 .text.HAL_ADCEx_Calibration_Start
                0x08003b5c      0x15c ./Drivers/STM32F1xx_HAL_Driver/Src/stm32f1xx_hal_adc_ex.o
                0x08003b5c                HAL_ADCEx_Calibration_Start
 .text.__NVIC_SetPriorityGrouping
                0x08003cb8       0x48 ./Drivers/STM32F1xx_HAL_Driver/Src/stm32f1xx_hal_cortex.o
 .text.__NVIC_GetPriorityGrouping
                0x08003d00       0x1c ./Drivers/STM32F1xx_HAL_Driver/Src/stm32f1xx_hal_cortex.o
 .text.__NVIC_EnableIRQ
                0x08003d1c       0x38 ./Drivers/STM32F1xx_HAL_Driver/Src/stm32f1xx_hal_cortex.o
 .text.__NVIC_SetPriority
                0x08003d54       0x54 ./Drivers/STM32F1xx_HAL_Driver/Src/stm32f1xx_hal_cortex.o
 .text.NVIC_EncodePriority
                0x08003da8       0x64 ./Drivers/STM32F1xx_HAL_Driver/Src/stm32f1xx_hal_cortex.o
 .text.SysTick_Config
                0x08003e0c       0x44 ./Drivers/STM32F1xx_HAL_Driver/Src/stm32f1xx_hal_cortex.o
 .text.HAL_NVIC_SetPriorityGrouping
                0x08003e50       0x16 ./Drivers/STM32F1xx_HAL_Driver/Src/stm32f1xx_hal_cortex.o
                0x08003e50                HAL_NVIC_SetPriorityGrouping
 .text.HAL_NVIC_SetPriority
                0x08003e66       0x38 ./Drivers/STM32F1xx_HAL_Driver/Src/stm32f1xx_hal_cortex.o
                0x08003e66                HAL_NVIC_SetPriority
 .text.HAL_NVIC_EnableIRQ
                0x08003e9e       0x1c ./Drivers/STM32F1xx_HAL_Driver/Src/stm32f1xx_hal_cortex.o
                0x08003e9e                HAL_NVIC_EnableIRQ
 .text.HAL_SYSTICK_Config
                0x08003eba       0x18 ./Drivers/STM32F1xx_HAL_Driver/Src/stm32f1xx_hal_cortex.o
                0x08003eba                HAL_SYSTICK_Config
 *fill*         0x08003ed2        0x2 
 .text.HAL_DMA_Init
                0x08003ed4       0xb4 ./Drivers/STM32F1xx_HAL_Driver/Src/stm32f1xx_hal_dma.o
                0x08003ed4                HAL_DMA_Init
 .text.HAL_DMA_Abort
                0x08003f88       0x76 ./Drivers/STM32F1xx_HAL_Driver/Src/stm32f1xx_hal_dma.o
                0x08003f88                HAL_DMA_Abort
 *fill*         0x08003ffe        0x2 
 .text.HAL_DMA_Abort_IT
                0x08004000       0xf0 ./Drivers/STM32F1xx_HAL_Driver/Src/stm32f1xx_hal_dma.o
                0x08004000                HAL_DMA_Abort_IT
 .text.HAL_DMA_IRQHandler
                0x080040f0      0x20c ./Drivers/STM32F1xx_HAL_Driver/Src/stm32f1xx_hal_dma.o
                0x080040f0                HAL_DMA_IRQHandler
 .text.HAL_GPIO_Init
                0x080042fc      0x308 ./Drivers/STM32F1xx_HAL_Driver/Src/stm32f1xx_hal_gpio.o
                0x080042fc                HAL_GPIO_Init
 .text.HAL_GPIO_WritePin
                0x08004604       0x30 ./Drivers/STM32F1xx_HAL_Driver/Src/stm32f1xx_hal_gpio.o
                0x08004604                HAL_GPIO_WritePin
 .text.HAL_GPIO_EXTI_IRQHandler
                0x08004634       0x30 ./Drivers/STM32F1xx_HAL_Driver/Src/stm32f1xx_hal_gpio.o
                0x08004634                HAL_GPIO_EXTI_IRQHandler
 .text.HAL_I2C_Init
                0x08004664      0x288 ./Drivers/STM32F1xx_HAL_Driver/Src/stm32f1xx_hal_i2c.o
                0x08004664                HAL_I2C_Init
 .text.HAL_I2C_Master_Transmit
                0x080048ec      0x1fc ./Drivers/STM32F1xx_HAL_Driver/Src/stm32f1xx_hal_i2c.o
                0x080048ec                HAL_I2C_Master_Transmit
 .text.HAL_I2C_Mem_Write
                0x08004ae8      0x1f4 ./Drivers/STM32F1xx_HAL_Driver/Src/stm32f1xx_hal_i2c.o
                0x08004ae8                HAL_I2C_Mem_Write
 .text.HAL_I2C_Mem_Read
                0x08004cdc      0x4e8 ./Drivers/STM32F1xx_HAL_Driver/Src/stm32f1xx_hal_i2c.o
                0x08004cdc                HAL_I2C_Mem_Read
 .text.I2C_MasterRequestWrite
                0x080051c4      0x104 ./Drivers/STM32F1xx_HAL_Driver/Src/stm32f1xx_hal_i2c.o
 .text.I2C_RequestMemoryWrite
                0x080052c8      0x12c ./Drivers/STM32F1xx_HAL_Driver/Src/stm32f1xx_hal_i2c.o
 .text.I2C_RequestMemoryRead
                0x080053f4      0x1d0 ./Drivers/STM32F1xx_HAL_Driver/Src/stm32f1xx_hal_i2c.o
 .text.I2C_WaitOnFlagUntilTimeout
                0x080055c4       0xf4 ./Drivers/STM32F1xx_HAL_Driver/Src/stm32f1xx_hal_i2c.o
 .text.I2C_WaitOnMasterAddressFlagUntilTimeout
                0x080056b8      0x140 ./Drivers/STM32F1xx_HAL_Driver/Src/stm32f1xx_hal_i2c.o
 .text.I2C_WaitOnTXEFlagUntilTimeout
                0x080057f8       0x90 ./Drivers/STM32F1xx_HAL_Driver/Src/stm32f1xx_hal_i2c.o
 .text.I2C_WaitOnBTFFlagUntilTimeout
                0x08005888       0x90 ./Drivers/STM32F1xx_HAL_Driver/Src/stm32f1xx_hal_i2c.o
 .text.I2C_WaitOnRXNEFlagUntilTimeout
                0x08005918       0xba ./Drivers/STM32F1xx_HAL_Driver/Src/stm32f1xx_hal_i2c.o
 .text.I2C_IsAcknowledgeFailed
                0x080059d2       0x5c ./Drivers/STM32F1xx_HAL_Driver/Src/stm32f1xx_hal_i2c.o
 *fill*         0x08005a2e        0x2 
 .text.HAL_RCC_OscConfig
                0x08005a30      0x504 ./Drivers/STM32F1xx_HAL_Driver/Src/stm32f1xx_hal_rcc.o
                0x08005a30                HAL_RCC_OscConfig
 .text.HAL_RCC_ClockConfig
                0x08005f34      0x1d4 ./Drivers/STM32F1xx_HAL_Driver/Src/stm32f1xx_hal_rcc.o
                0x08005f34                HAL_RCC_ClockConfig
 .text.HAL_RCC_GetSysClockFreq
                0x08006108       0xa8 ./Drivers/STM32F1xx_HAL_Driver/Src/stm32f1xx_hal_rcc.o
                0x08006108                HAL_RCC_GetSysClockFreq
 .text.HAL_RCC_GetHCLKFreq
                0x080061b0       0x14 ./Drivers/STM32F1xx_HAL_Driver/Src/stm32f1xx_hal_rcc.o
                0x080061b0                HAL_RCC_GetHCLKFreq
 .text.HAL_RCC_GetPCLK1Freq
                0x080061c4       0x28 ./Drivers/STM32F1xx_HAL_Driver/Src/stm32f1xx_hal_rcc.o
                0x080061c4                HAL_RCC_GetPCLK1Freq
 .text.HAL_RCC_GetPCLK2Freq
                0x080061ec       0x28 ./Drivers/STM32F1xx_HAL_Driver/Src/stm32f1xx_hal_rcc.o
                0x080061ec                HAL_RCC_GetPCLK2Freq
 .text.RCC_Delay
                0x08006214       0x3c ./Drivers/STM32F1xx_HAL_Driver/Src/stm32f1xx_hal_rcc.o
 .text.HAL_RCCEx_PeriphCLKConfig
                0x08006250      0x16c ./Drivers/STM32F1xx_HAL_Driver/Src/stm32f1xx_hal_rcc_ex.o
                0x08006250                HAL_RCCEx_PeriphCLKConfig
 .text.HAL_RCCEx_GetPeriphCLKFreq
                0x080063bc      0x16c ./Drivers/STM32F1xx_HAL_Driver/Src/stm32f1xx_hal_rcc_ex.o
                0x080063bc                HAL_RCCEx_GetPeriphCLKFreq
 .text.HAL_TIM_Base_Init
                0x08006528       0x9e ./Drivers/STM32F1xx_HAL_Driver/Src/stm32f1xx_hal_tim.o
                0x08006528                HAL_TIM_Base_Init
 *fill*         0x080065c6        0x2 
 .text.HAL_TIM_Base_Start_IT
                0x080065c8       0xa4 ./Drivers/STM32F1xx_HAL_Driver/Src/stm32f1xx_hal_tim.o
                0x080065c8                HAL_TIM_Base_Start_IT
 .text.HAL_TIM_PWM_Init
                0x0800666c       0x9e ./Drivers/STM32F1xx_HAL_Driver/Src/stm32f1xx_hal_tim.o
                0x0800666c                HAL_TIM_PWM_Init
 .text.HAL_TIM_PWM_MspInit
                0x0800670a       0x12 ./Drivers/STM32F1xx_HAL_Driver/Src/stm32f1xx_hal_tim.o
                0x0800670a                HAL_TIM_PWM_MspInit
 .text.HAL_TIM_PWM_Start
                0x0800671c      0x144 ./Drivers/STM32F1xx_HAL_Driver/Src/stm32f1xx_hal_tim.o
                0x0800671c                HAL_TIM_PWM_Start
 .text.HAL_TIM_Encoder_Init
                0x08006860      0x144 ./Drivers/STM32F1xx_HAL_Driver/Src/stm32f1xx_hal_tim.o
                0x08006860                HAL_TIM_Encoder_Init
 .text.HAL_TIM_Encoder_Start
                0x080069a4      0x11c ./Drivers/STM32F1xx_HAL_Driver/Src/stm32f1xx_hal_tim.o
                0x080069a4                HAL_TIM_Encoder_Start
 .text.HAL_TIM_IRQHandler
                0x08006ac0      0x1e0 ./Drivers/STM32F1xx_HAL_Driver/Src/stm32f1xx_hal_tim.o
                0x08006ac0                HAL_TIM_IRQHandler
 .text.HAL_TIM_PWM_ConfigChannel
                0x08006ca0      0x184 ./Drivers/STM32F1xx_HAL_Driver/Src/stm32f1xx_hal_tim.o
                0x08006ca0                HAL_TIM_PWM_ConfigChannel
 .text.HAL_TIM_ConfigClockSource
                0x08006e24      0x18e ./Drivers/STM32F1xx_HAL_Driver/Src/stm32f1xx_hal_tim.o
                0x08006e24                HAL_TIM_ConfigClockSource
 .text.HAL_TIM_OC_DelayElapsedCallback
                0x08006fb2       0x12 ./Drivers/STM32F1xx_HAL_Driver/Src/stm32f1xx_hal_tim.o
                0x08006fb2                HAL_TIM_OC_DelayElapsedCallback
 .text.HAL_TIM_IC_CaptureCallback
                0x08006fc4       0x12 ./Drivers/STM32F1xx_HAL_Driver/Src/stm32f1xx_hal_tim.o
                0x08006fc4                HAL_TIM_IC_CaptureCallback
 .text.HAL_TIM_PWM_PulseFinishedCallback
                0x08006fd6       0x12 ./Drivers/STM32F1xx_HAL_Driver/Src/stm32f1xx_hal_tim.o
                0x08006fd6                HAL_TIM_PWM_PulseFinishedCallback
 .text.HAL_TIM_TriggerCallback
                0x08006fe8       0x12 ./Drivers/STM32F1xx_HAL_Driver/Src/stm32f1xx_hal_tim.o
                0x08006fe8                HAL_TIM_TriggerCallback
 *fill*         0x08006ffa        0x2 
 .text.TIM_Base_SetConfig
                0x08006ffc       0xdc ./Drivers/STM32F1xx_HAL_Driver/Src/stm32f1xx_hal_tim.o
                0x08006ffc                TIM_Base_SetConfig
 .text.TIM_OC1_SetConfig
                0x080070d8       0xcc ./Drivers/STM32F1xx_HAL_Driver/Src/stm32f1xx_hal_tim.o
 .text.TIM_OC2_SetConfig
                0x080071a4       0xd4 ./Drivers/STM32F1xx_HAL_Driver/Src/stm32f1xx_hal_tim.o
                0x080071a4                TIM_OC2_SetConfig
 .text.TIM_OC3_SetConfig
                0x08007278       0xd4 ./Drivers/STM32F1xx_HAL_Driver/Src/stm32f1xx_hal_tim.o
 .text.TIM_OC4_SetConfig
                0x0800734c       0x9c ./Drivers/STM32F1xx_HAL_Driver/Src/stm32f1xx_hal_tim.o
 .text.TIM_TI1_ConfigInputStage
                0x080073e8       0x5c ./Drivers/STM32F1xx_HAL_Driver/Src/stm32f1xx_hal_tim.o
 .text.TIM_TI2_ConfigInputStage
                0x08007444       0x5e ./Drivers/STM32F1xx_HAL_Driver/Src/stm32f1xx_hal_tim.o
 .text.TIM_ITRx_SetConfig
                0x080074a2       0x34 ./Drivers/STM32F1xx_HAL_Driver/Src/stm32f1xx_hal_tim.o
 .text.TIM_ETR_SetConfig
                0x080074d6       0x3e ./Drivers/STM32F1xx_HAL_Driver/Src/stm32f1xx_hal_tim.o
                0x080074d6                TIM_ETR_SetConfig
 .text.TIM_CCxChannelCmd
                0x08007514       0x48 ./Drivers/STM32F1xx_HAL_Driver/Src/stm32f1xx_hal_tim.o
                0x08007514                TIM_CCxChannelCmd
 .text.HAL_TIMEx_MasterConfigSynchronization
                0x0800755c       0xbc ./Drivers/STM32F1xx_HAL_Driver/Src/stm32f1xx_hal_tim_ex.o
                0x0800755c                HAL_TIMEx_MasterConfigSynchronization
 .text.HAL_TIMEx_CommutCallback
                0x08007618       0x12 ./Drivers/STM32F1xx_HAL_Driver/Src/stm32f1xx_hal_tim_ex.o
                0x08007618                HAL_TIMEx_CommutCallback
 .text.HAL_TIMEx_BreakCallback
                0x0800762a       0x12 ./Drivers/STM32F1xx_HAL_Driver/Src/stm32f1xx_hal_tim_ex.o
                0x0800762a                HAL_TIMEx_BreakCallback
 .text.HAL_UART_Init
                0x0800763c       0xa0 ./Drivers/STM32F1xx_HAL_Driver/Src/stm32f1xx_hal_uart.o
                0x0800763c                HAL_UART_Init
 .text.HAL_UART_IRQHandler
                0x080076dc      0x524 ./Drivers/STM32F1xx_HAL_Driver/Src/stm32f1xx_hal_uart.o
                0x080076dc                HAL_UART_IRQHandler
 .text.HAL_UART_TxCpltCallback
                0x08007c00       0x12 ./Drivers/STM32F1xx_HAL_Driver/Src/stm32f1xx_hal_uart.o
                0x08007c00                HAL_UART_TxCpltCallback
 .text.HAL_UART_RxCpltCallback
                0x08007c12       0x12 ./Drivers/STM32F1xx_HAL_Driver/Src/stm32f1xx_hal_uart.o
                0x08007c12                HAL_UART_RxCpltCallback
 .text.HAL_UART_ErrorCallback
                0x08007c24       0x12 ./Drivers/STM32F1xx_HAL_Driver/Src/stm32f1xx_hal_uart.o
                0x08007c24                HAL_UART_ErrorCallback
 .text.HAL_UARTEx_RxEventCallback
                0x08007c36       0x16 ./Drivers/STM32F1xx_HAL_Driver/Src/stm32f1xx_hal_uart.o
                0x08007c36                HAL_UARTEx_RxEventCallback
 .text.UART_EndRxTransfer
                0x08007c4c       0xc4 ./Drivers/STM32F1xx_HAL_Driver/Src/stm32f1xx_hal_uart.o
 .text.UART_DMAAbortOnError
                0x08007d10       0x28 ./Drivers/STM32F1xx_HAL_Driver/Src/stm32f1xx_hal_uart.o
 .text.UART_Transmit_IT
                0x08007d38       0x9e ./Drivers/STM32F1xx_HAL_Driver/Src/stm32f1xx_hal_uart.o
 .text.UART_EndTransmit_IT
                0x08007dd6       0x30 ./Drivers/STM32F1xx_HAL_Driver/Src/stm32f1xx_hal_uart.o
 .text.UART_Receive_IT
                0x08007e06      0x17c ./Drivers/STM32F1xx_HAL_Driver/Src/stm32f1xx_hal_uart.o
 *fill*         0x08007f82        0x2 
 .text.UART_SetConfig
                0x08007f84      0x11c ./Drivers/STM32F1xx_HAL_Driver/Src/stm32f1xx_hal_uart.o
 .text.sprintf  0x080080a0       0x40 D:/ST/STM32CubeIDE_1.16.0/STM32CubeIDE/plugins/com.st.stm32cube.ide.mcu.externaltools.gnu-tools-for-stm32.12.3.rel1.win32_1.0.200.202406191623/tools/bin/../lib/gcc/arm-none-eabi/12.3.1/../../../../arm-none-eabi/lib/thumb/v7-m/nofp\libc_nano.a(libc_a-sprintf.o)
                0x080080a0                siprintf
                0x080080a0                sprintf
 .text.memcmp   0x080080e0       0x20 D:/ST/STM32CubeIDE_1.16.0/STM32CubeIDE/plugins/com.st.stm32cube.ide.mcu.externaltools.gnu-tools-for-stm32.12.3.rel1.win32_1.0.200.202406191623/tools/bin/../lib/gcc/arm-none-eabi/12.3.1/../../../../arm-none-eabi/lib/thumb/v7-m/nofp\libc_nano.a(libc_a-memcmp.o)
                0x080080e0                memcmp
 .text.memset   0x08008100       0x10 D:/ST/STM32CubeIDE_1.16.0/STM32CubeIDE/plugins/com.st.stm32cube.ide.mcu.externaltools.gnu-tools-for-stm32.12.3.rel1.win32_1.0.200.202406191623/tools/bin/../lib/gcc/arm-none-eabi/12.3.1/../../../../arm-none-eabi/lib/thumb/v7-m/nofp\libc_nano.a(libc_a-memset.o)
                0x08008100                memset
 .text.__errno  0x08008110        0xc D:/ST/STM32CubeIDE_1.16.0/STM32CubeIDE/plugins/com.st.stm32cube.ide.mcu.externaltools.gnu-tools-for-stm32.12.3.rel1.win32_1.0.200.202406191623/tools/bin/../lib/gcc/arm-none-eabi/12.3.1/../../../../arm-none-eabi/lib/thumb/v7-m/nofp\libc_nano.a(libc_a-errno.o)
                0x08008110                __errno
 .text.__libc_init_array
                0x0800811c       0x48 D:/ST/STM32CubeIDE_1.16.0/STM32CubeIDE/plugins/com.st.stm32cube.ide.mcu.externaltools.gnu-tools-for-stm32.12.3.rel1.win32_1.0.200.202406191623/tools/bin/../lib/gcc/arm-none-eabi/12.3.1/../../../../arm-none-eabi/lib/thumb/v7-m/nofp\libc_nano.a(libc_a-init.o)
                0x0800811c                __libc_init_array
 .text.__retarget_lock_acquire_recursive
                0x08008164        0x2 D:/ST/STM32CubeIDE_1.16.0/STM32CubeIDE/plugins/com.st.stm32cube.ide.mcu.externaltools.gnu-tools-for-stm32.12.3.rel1.win32_1.0.200.202406191623/tools/bin/../lib/gcc/arm-none-eabi/12.3.1/../../../../arm-none-eabi/lib/thumb/v7-m/nofp\libc_nano.a(libc_a-lock.o)
                0x08008164                __retarget_lock_acquire_recursive
 .text.__retarget_lock_release_recursive
                0x08008166        0x2 D:/ST/STM32CubeIDE_1.16.0/STM32CubeIDE/plugins/com.st.stm32cube.ide.mcu.externaltools.gnu-tools-for-stm32.12.3.rel1.win32_1.0.200.202406191623/tools/bin/../lib/gcc/arm-none-eabi/12.3.1/../../../../arm-none-eabi/lib/thumb/v7-m/nofp\libc_nano.a(libc_a-lock.o)
                0x08008166                __retarget_lock_release_recursive
 .text.memcpy   0x08008168       0x1c D:/ST/STM32CubeIDE_1.16.0/STM32CubeIDE/plugins/com.st.stm32cube.ide.mcu.externaltools.gnu-tools-for-stm32.12.3.rel1.win32_1.0.200.202406191623/tools/bin/../lib/gcc/arm-none-eabi/12.3.1/../../../../arm-none-eabi/lib/thumb/v7-m/nofp\libc_nano.a(libc_a-memcpy-stub.o)
                0x08008168                memcpy
 .text._free_r  0x08008184       0x90 D:/ST/STM32CubeIDE_1.16.0/STM32CubeIDE/plugins/com.st.stm32cube.ide.mcu.externaltools.gnu-tools-for-stm32.12.3.rel1.win32_1.0.200.202406191623/tools/bin/../lib/gcc/arm-none-eabi/12.3.1/../../../../arm-none-eabi/lib/thumb/v7-m/nofp\libc_nano.a(libc_a-freer.o)
                0x08008184                _free_r
 .text.sbrk_aligned
                0x08008214       0x44 D:/ST/STM32CubeIDE_1.16.0/STM32CubeIDE/plugins/com.st.stm32cube.ide.mcu.externaltools.gnu-tools-for-stm32.12.3.rel1.win32_1.0.200.202406191623/tools/bin/../lib/gcc/arm-none-eabi/12.3.1/../../../../arm-none-eabi/lib/thumb/v7-m/nofp\libc_nano.a(libc_a-mallocr.o)
 .text._malloc_r
                0x08008258      0x100 D:/ST/STM32CubeIDE_1.16.0/STM32CubeIDE/plugins/com.st.stm32cube.ide.mcu.externaltools.gnu-tools-for-stm32.12.3.rel1.win32_1.0.200.202406191623/tools/bin/../lib/gcc/arm-none-eabi/12.3.1/../../../../arm-none-eabi/lib/thumb/v7-m/nofp\libc_nano.a(libc_a-mallocr.o)
                0x08008258                _malloc_r
 .text.__malloc_lock
                0x08008358        0xc D:/ST/STM32CubeIDE_1.16.0/STM32CubeIDE/plugins/com.st.stm32cube.ide.mcu.externaltools.gnu-tools-for-stm32.12.3.rel1.win32_1.0.200.202406191623/tools/bin/../lib/gcc/arm-none-eabi/12.3.1/../../../../arm-none-eabi/lib/thumb/v7-m/nofp\libc_nano.a(libc_a-mlock.o)
                0x08008358                __malloc_lock
 .text.__malloc_unlock
                0x08008364        0xc D:/ST/STM32CubeIDE_1.16.0/STM32CubeIDE/plugins/com.st.stm32cube.ide.mcu.externaltools.gnu-tools-for-stm32.12.3.rel1.win32_1.0.200.202406191623/tools/bin/../lib/gcc/arm-none-eabi/12.3.1/../../../../arm-none-eabi/lib/thumb/v7-m/nofp\libc_nano.a(libc_a-mlock.o)
                0x08008364                __malloc_unlock
 .text.__ssputs_r
                0x08008370       0xb6 D:/ST/STM32CubeIDE_1.16.0/STM32CubeIDE/plugins/com.st.stm32cube.ide.mcu.externaltools.gnu-tools-for-stm32.12.3.rel1.win32_1.0.200.202406191623/tools/bin/../lib/gcc/arm-none-eabi/12.3.1/../../../../arm-none-eabi/lib/thumb/v7-m/nofp\libc_nano.a(libc_a-nano-svfprintf.o)
                0x08008370                __ssputs_r
 *fill*         0x08008426        0x2 
 .text._svfprintf_r
                0x08008428      0x1f8 D:/ST/STM32CubeIDE_1.16.0/STM32CubeIDE/plugins/com.st.stm32cube.ide.mcu.externaltools.gnu-tools-for-stm32.12.3.rel1.win32_1.0.200.202406191623/tools/bin/../lib/gcc/arm-none-eabi/12.3.1/../../../../arm-none-eabi/lib/thumb/v7-m/nofp\libc_nano.a(libc_a-nano-svfprintf.o)
                0x08008428                _svfiprintf_r
                0x08008428                _svfprintf_r
 .text._printf_common
                0x08008620       0xe4 D:/ST/STM32CubeIDE_1.16.0/STM32CubeIDE/plugins/com.st.stm32cube.ide.mcu.externaltools.gnu-tools-for-stm32.12.3.rel1.win32_1.0.200.202406191623/tools/bin/../lib/gcc/arm-none-eabi/12.3.1/../../../../arm-none-eabi/lib/thumb/v7-m/nofp\libc_nano.a(libc_a-nano-vfprintf_i.o)
                0x08008620                _printf_common
 .text._printf_i
                0x08008704      0x240 D:/ST/STM32CubeIDE_1.16.0/STM32CubeIDE/plugins/com.st.stm32cube.ide.mcu.externaltools.gnu-tools-for-stm32.12.3.rel1.win32_1.0.200.202406191623/tools/bin/../lib/gcc/arm-none-eabi/12.3.1/../../../../arm-none-eabi/lib/thumb/v7-m/nofp\libc_nano.a(libc_a-nano-vfprintf_i.o)
                0x08008704                _printf_i
 .text.memmove  0x08008944       0x34 D:/ST/STM32CubeIDE_1.16.0/STM32CubeIDE/plugins/com.st.stm32cube.ide.mcu.externaltools.gnu-tools-for-stm32.12.3.rel1.win32_1.0.200.202406191623/tools/bin/../lib/gcc/arm-none-eabi/12.3.1/../../../../arm-none-eabi/lib/thumb/v7-m/nofp\libc_nano.a(libc_a-memmove.o)
                0x08008944                memmove
 .text._sbrk_r  0x08008978       0x20 D:/ST/STM32CubeIDE_1.16.0/STM32CubeIDE/plugins/com.st.stm32cube.ide.mcu.externaltools.gnu-tools-for-stm32.12.3.rel1.win32_1.0.200.202406191623/tools/bin/../lib/gcc/arm-none-eabi/12.3.1/../../../../arm-none-eabi/lib/thumb/v7-m/nofp\libc_nano.a(libc_a-sbrkr.o)
                0x08008978                _sbrk_r
 .text.memchr   0x08008998       0x1c D:/ST/STM32CubeIDE_1.16.0/STM32CubeIDE/plugins/com.st.stm32cube.ide.mcu.externaltools.gnu-tools-for-stm32.12.3.rel1.win32_1.0.200.202406191623/tools/bin/../lib/gcc/arm-none-eabi/12.3.1/../../../../arm-none-eabi/lib/thumb/v7-m/nofp\libc_nano.a(libc_a-memchr-stub.o)
                0x08008998                memchr
 .text._realloc_r
                0x080089b4       0x5c D:/ST/STM32CubeIDE_1.16.0/STM32CubeIDE/plugins/com.st.stm32cube.ide.mcu.externaltools.gnu-tools-for-stm32.12.3.rel1.win32_1.0.200.202406191623/tools/bin/../lib/gcc/arm-none-eabi/12.3.1/../../../../arm-none-eabi/lib/thumb/v7-m/nofp\libc_nano.a(libc_a-reallocr.o)
                0x080089b4                _realloc_r
 .text._malloc_usable_size_r
                0x08008a10       0x10 D:/ST/STM32CubeIDE_1.16.0/STM32CubeIDE/plugins/com.st.stm32cube.ide.mcu.externaltools.gnu-tools-for-stm32.12.3.rel1.win32_1.0.200.202406191623/tools/bin/../lib/gcc/arm-none-eabi/12.3.1/../../../../arm-none-eabi/lib/thumb/v7-m/nofp\libc_nano.a(libc_a-msizer.o)
                0x08008a10                _malloc_usable_size_r
 .text.atan2    0x08008a20        0x4 D:/ST/STM32CubeIDE_1.16.0/STM32CubeIDE/plugins/com.st.stm32cube.ide.mcu.externaltools.gnu-tools-for-stm32.12.3.rel1.win32_1.0.200.202406191623/tools/bin/../lib/gcc/arm-none-eabi/12.3.1/../../../../arm-none-eabi/lib/thumb/v7-m/nofp\libm.a(libm_a-w_atan2.o)
                0x08008a20                atan2
 .text.fmod     0x08008a24       0x50 D:/ST/STM32CubeIDE_1.16.0/STM32CubeIDE/plugins/com.st.stm32cube.ide.mcu.externaltools.gnu-tools-for-stm32.12.3.rel1.win32_1.0.200.202406191623/tools/bin/../lib/gcc/arm-none-eabi/12.3.1/../../../../arm-none-eabi/lib/thumb/v7-m/nofp\libm.a(libm_a-w_fmod.o)
                0x08008a24                fmod
 .text.pow      0x08008a74       0xd0 D:/ST/STM32CubeIDE_1.16.0/STM32CubeIDE/plugins/com.st.stm32cube.ide.mcu.externaltools.gnu-tools-for-stm32.12.3.rel1.win32_1.0.200.202406191623/tools/bin/../lib/gcc/arm-none-eabi/12.3.1/../../../../arm-none-eabi/lib/thumb/v7-m/nofp\libm.a(libm_a-w_pow.o)
                0x08008a74                pow
 .text.sqrt     0x08008b44       0x48 D:/ST/STM32CubeIDE_1.16.0/STM32CubeIDE/plugins/com.st.stm32cube.ide.mcu.externaltools.gnu-tools-for-stm32.12.3.rel1.win32_1.0.200.202406191623/tools/bin/../lib/gcc/arm-none-eabi/12.3.1/../../../../arm-none-eabi/lib/thumb/v7-m/nofp\libm.a(libm_a-w_sqrt.o)
                0x08008b44                sqrt
 *fill*         0x08008b8c        0x4 
 .text.atan     0x08008b90      0x320 D:/ST/STM32CubeIDE_1.16.0/STM32CubeIDE/plugins/com.st.stm32cube.ide.mcu.externaltools.gnu-tools-for-stm32.12.3.rel1.win32_1.0.200.202406191623/tools/bin/../lib/gcc/arm-none-eabi/12.3.1/../../../../arm-none-eabi/lib/thumb/v7-m/nofp\libm.a(libm_a-s_atan.o)
                0x08008b90                atan
 .text.fabs     0x08008eb0        0x8 D:/ST/STM32CubeIDE_1.16.0/STM32CubeIDE/plugins/com.st.stm32cube.ide.mcu.externaltools.gnu-tools-for-stm32.12.3.rel1.win32_1.0.200.202406191623/tools/bin/../lib/gcc/arm-none-eabi/12.3.1/../../../../arm-none-eabi/lib/thumb/v7-m/nofp\libm.a(libm_a-s_fabs.o)
                0x08008eb0                fabs
 .text.finite   0x08008eb8        0xc D:/ST/STM32CubeIDE_1.16.0/STM32CubeIDE/plugins/com.st.stm32cube.ide.mcu.externaltools.gnu-tools-for-stm32.12.3.rel1.win32_1.0.200.202406191623/tools/bin/../lib/gcc/arm-none-eabi/12.3.1/../../../../arm-none-eabi/lib/thumb/v7-m/nofp\libm.a(libm_a-s_finite.o)
                0x08008eb8                finite
 .text.__ieee754_sqrt
                0x08008ec4      0x1ac D:/ST/STM32CubeIDE_1.16.0/STM32CubeIDE/plugins/com.st.stm32cube.ide.mcu.externaltools.gnu-tools-for-stm32.12.3.rel1.win32_1.0.200.202406191623/tools/bin/../lib/gcc/arm-none-eabi/12.3.1/../../../../arm-none-eabi/lib/thumb/v7-m/nofp\libm.a(libm_a-e_sqrt.o)
                0x08008ec4                __ieee754_sqrt
 .text.__ieee754_atan2
                0x08009070      0x1a4 D:/ST/STM32CubeIDE_1.16.0/STM32CubeIDE/plugins/com.st.stm32cube.ide.mcu.externaltools.gnu-tools-for-stm32.12.3.rel1.win32_1.0.200.202406191623/tools/bin/../lib/gcc/arm-none-eabi/12.3.1/../../../../arm-none-eabi/lib/thumb/v7-m/nofp\libm.a(libm_a-e_atan2.o)
                0x08009070                __ieee754_atan2
 .text.__ieee754_fmod
                0x08009214      0x208 D:/ST/STM32CubeIDE_1.16.0/STM32CubeIDE/plugins/com.st.stm32cube.ide.mcu.externaltools.gnu-tools-for-stm32.12.3.rel1.win32_1.0.200.202406191623/tools/bin/../lib/gcc/arm-none-eabi/12.3.1/../../../../arm-none-eabi/lib/thumb/v7-m/nofp\libm.a(libm_a-e_fmod.o)
                0x08009214                __ieee754_fmod
 *fill*         0x0800941c        0x4 
 .text.__ieee754_pow
                0x08009420      0xa50 D:/ST/STM32CubeIDE_1.16.0/STM32CubeIDE/plugins/com.st.stm32cube.ide.mcu.externaltools.gnu-tools-for-stm32.12.3.rel1.win32_1.0.200.202406191623/tools/bin/../lib/gcc/arm-none-eabi/12.3.1/../../../../arm-none-eabi/lib/thumb/v7-m/nofp\libm.a(libm_a-e_pow.o)
                0x08009420                __ieee754_pow
 .text.scalbn   0x08009e70       0xec D:/ST/STM32CubeIDE_1.16.0/STM32CubeIDE/plugins/com.st.stm32cube.ide.mcu.externaltools.gnu-tools-for-stm32.12.3.rel1.win32_1.0.200.202406191623/tools/bin/../lib/gcc/arm-none-eabi/12.3.1/../../../../arm-none-eabi/lib/thumb/v7-m/nofp\libm.a(libm_a-s_scalbn.o)
                0x08009e70                scalbn
 .text.with_errno
                0x08009f5c       0x14 D:/ST/STM32CubeIDE_1.16.0/STM32CubeIDE/plugins/com.st.stm32cube.ide.mcu.externaltools.gnu-tools-for-stm32.12.3.rel1.win32_1.0.200.202406191623/tools/bin/../lib/gcc/arm-none-eabi/12.3.1/../../../../arm-none-eabi/lib/thumb/v7-m/nofp\libm.a(libm_a-math_err.o)
 .text.xflow    0x08009f70       0x26 D:/ST/STM32CubeIDE_1.16.0/STM32CubeIDE/plugins/com.st.stm32cube.ide.mcu.externaltools.gnu-tools-for-stm32.12.3.rel1.win32_1.0.200.202406191623/tools/bin/../lib/gcc/arm-none-eabi/12.3.1/../../../../arm-none-eabi/lib/thumb/v7-m/nofp\libm.a(libm_a-math_err.o)
 .text.__math_uflow
                0x08009f96        0xa D:/ST/STM32CubeIDE_1.16.0/STM32CubeIDE/plugins/com.st.stm32cube.ide.mcu.externaltools.gnu-tools-for-stm32.12.3.rel1.win32_1.0.200.202406191623/tools/bin/../lib/gcc/arm-none-eabi/12.3.1/../../../../arm-none-eabi/lib/thumb/v7-m/nofp\libm.a(libm_a-math_err.o)
                0x08009f96                __math_uflow
 .text.__math_oflow
                0x08009fa0        0xa D:/ST/STM32CubeIDE_1.16.0/STM32CubeIDE/plugins/com.st.stm32cube.ide.mcu.externaltools.gnu-tools-for-stm32.12.3.rel1.win32_1.0.200.202406191623/tools/bin/../lib/gcc/arm-none-eabi/12.3.1/../../../../arm-none-eabi/lib/thumb/v7-m/nofp\libm.a(libm_a-math_err.o)
                0x08009fa0                __math_oflow
 *(.glue_7)
 .glue_7        0x08009faa        0x0 linker stubs
 *(.glue_7t)
 .glue_7t       0x08009faa        0x0 linker stubs
 *(.eh_frame)
 *fill*         0x08009faa        0x2 
 .eh_frame      0x08009fac        0x0 D:/ST/STM32CubeIDE_1.16.0/STM32CubeIDE/plugins/com.st.stm32cube.ide.mcu.externaltools.gnu-tools-for-stm32.12.3.rel1.win32_1.0.200.202406191623/tools/bin/../lib/gcc/arm-none-eabi/12.3.1/thumb/v7-m/nofp/crtbegin.o
 *(.init)
 .init          0x08009fac        0x4 D:/ST/STM32CubeIDE_1.16.0/STM32CubeIDE/plugins/com.st.stm32cube.ide.mcu.externaltools.gnu-tools-for-stm32.12.3.rel1.win32_1.0.200.202406191623/tools/bin/../lib/gcc/arm-none-eabi/12.3.1/thumb/v7-m/nofp/crti.o
                0x08009fac                _init
 .init          0x08009fb0        0x8 D:/ST/STM32CubeIDE_1.16.0/STM32CubeIDE/plugins/com.st.stm32cube.ide.mcu.externaltools.gnu-tools-for-stm32.12.3.rel1.win32_1.0.200.202406191623/tools/bin/../lib/gcc/arm-none-eabi/12.3.1/thumb/v7-m/nofp/crtn.o
 *(.fini)
 .fini          0x08009fb8        0x4 D:/ST/STM32CubeIDE_1.16.0/STM32CubeIDE/plugins/com.st.stm32cube.ide.mcu.externaltools.gnu-tools-for-stm32.12.3.rel1.win32_1.0.200.202406191623/tools/bin/../lib/gcc/arm-none-eabi/12.3.1/thumb/v7-m/nofp/crti.o
                0x08009fb8                _fini
 .fini          0x08009fbc        0x8 D:/ST/STM32CubeIDE_1.16.0/STM32CubeIDE/plugins/com.st.stm32cube.ide.mcu.externaltools.gnu-tools-for-stm32.12.3.rel1.win32_1.0.200.202406191623/tools/bin/../lib/gcc/arm-none-eabi/12.3.1/thumb/v7-m/nofp/crtn.o
                0x08009fc4                        . = ALIGN (0x4)
                0x08009fc4                        _etext = .

.vfp11_veneer   0x08009fc4        0x0
 .vfp11_veneer  0x08009fc4        0x0 linker stubs

.v4_bx          0x08009fc4        0x0
 .v4_bx         0x08009fc4        0x0 linker stubs

.iplt           0x08009fc4        0x0
 .iplt          0x08009fc4        0x0 D:/ST/STM32CubeIDE_1.16.0/STM32CubeIDE/plugins/com.st.stm32cube.ide.mcu.externaltools.gnu-tools-for-stm32.12.3.rel1.win32_1.0.200.202406191623/tools/bin/../lib/gcc/arm-none-eabi/12.3.1/thumb/v7-m/nofp/crtbegin.o

.rodata         0x08009fc8      0x7f0
                0x08009fc8                        . = ALIGN (0x4)
 *(.rodata)
 .rodata        0x08009fc8       0x33 ./Core/Src/main.o
 *(.rodata*)
 *fill*         0x08009ffb        0x1 
 .rodata.ascii_16x8
                0x08009ffc      0x5f0 ./Core/Src/font.o
                0x08009ffc                ascii_16x8
 .rodata.afont16x8
                0x0800a5ec        0x8 ./Core/Src/font.o
                0x0800a5ec                afont16x8
 .rodata.zh16x16
                0x0800a5f4       0x90 ./Core/Src/font.o
                0x0800a5f4                zh16x16
 .rodata.font16x16
                0x0800a684       0x10 ./Core/Src/font.o
                0x0800a684                font16x16
 .rodata.AHBPrescTable
                0x0800a694       0x10 ./Core/Src/system_stm32f1xx.o
                0x0800a694                AHBPrescTable
 .rodata.APBPrescTable
                0x0800a6a4        0x8 ./Core/Src/system_stm32f1xx.o
                0x0800a6a4                APBPrescTable
 .rodata.aPLLMULFactorTable.1
                0x0800a6ac       0x10 ./Drivers/STM32F1xx_HAL_Driver/Src/stm32f1xx_hal_rcc.o
 .rodata.aPredivFactorTable.0
                0x0800a6bc        0x2 ./Drivers/STM32F1xx_HAL_Driver/Src/stm32f1xx_hal_rcc.o
 *fill*         0x0800a6be        0x2 
 .rodata.aPLLMULFactorTable.1
                0x0800a6c0       0x10 ./Drivers/STM32F1xx_HAL_Driver/Src/stm32f1xx_hal_rcc_ex.o
 .rodata.aPredivFactorTable.0
                0x0800a6d0        0x2 ./Drivers/STM32F1xx_HAL_Driver/Src/stm32f1xx_hal_rcc_ex.o
 .rodata._svfprintf_r.str1.1
                0x0800a6d2       0x11 D:/ST/STM32CubeIDE_1.16.0/STM32CubeIDE/plugins/com.st.stm32cube.ide.mcu.externaltools.gnu-tools-for-stm32.12.3.rel1.win32_1.0.200.202406191623/tools/bin/../lib/gcc/arm-none-eabi/12.3.1/../../../../arm-none-eabi/lib/thumb/v7-m/nofp\libc_nano.a(libc_a-nano-svfprintf.o)
 .rodata._printf_i.str1.1
                0x0800a6e3       0x22 D:/ST/STM32CubeIDE_1.16.0/STM32CubeIDE/plugins/com.st.stm32cube.ide.mcu.externaltools.gnu-tools-for-stm32.12.3.rel1.win32_1.0.200.202406191623/tools/bin/../lib/gcc/arm-none-eabi/12.3.1/../../../../arm-none-eabi/lib/thumb/v7-m/nofp\libc_nano.a(libc_a-nano-vfprintf_i.o)
 *fill*         0x0800a705        0x3 
 .rodata.atanlo
                0x0800a708       0x20 D:/ST/STM32CubeIDE_1.16.0/STM32CubeIDE/plugins/com.st.stm32cube.ide.mcu.externaltools.gnu-tools-for-stm32.12.3.rel1.win32_1.0.200.202406191623/tools/bin/../lib/gcc/arm-none-eabi/12.3.1/../../../../arm-none-eabi/lib/thumb/v7-m/nofp\libm.a(libm_a-s_atan.o)
 .rodata.atanhi
                0x0800a728       0x20 D:/ST/STM32CubeIDE_1.16.0/STM32CubeIDE/plugins/com.st.stm32cube.ide.mcu.externaltools.gnu-tools-for-stm32.12.3.rel1.win32_1.0.200.202406191623/tools/bin/../lib/gcc/arm-none-eabi/12.3.1/../../../../arm-none-eabi/lib/thumb/v7-m/nofp\libm.a(libm_a-s_atan.o)
 .rodata.CSWTCH.9
                0x0800a748       0x18 D:/ST/STM32CubeIDE_1.16.0/STM32CubeIDE/plugins/com.st.stm32cube.ide.mcu.externaltools.gnu-tools-for-stm32.12.3.rel1.win32_1.0.200.202406191623/tools/bin/../lib/gcc/arm-none-eabi/12.3.1/../../../../arm-none-eabi/lib/thumb/v7-m/nofp\libm.a(libm_a-e_atan2.o)
 .rodata.CSWTCH.8
                0x0800a760       0x18 D:/ST/STM32CubeIDE_1.16.0/STM32CubeIDE/plugins/com.st.stm32cube.ide.mcu.externaltools.gnu-tools-for-stm32.12.3.rel1.win32_1.0.200.202406191623/tools/bin/../lib/gcc/arm-none-eabi/12.3.1/../../../../arm-none-eabi/lib/thumb/v7-m/nofp\libm.a(libm_a-e_atan2.o)
 .rodata.Zero   0x0800a778       0x10 D:/ST/STM32CubeIDE_1.16.0/STM32CubeIDE/plugins/com.st.stm32cube.ide.mcu.externaltools.gnu-tools-for-stm32.12.3.rel1.win32_1.0.200.202406191623/tools/bin/../lib/gcc/arm-none-eabi/12.3.1/../../../../arm-none-eabi/lib/thumb/v7-m/nofp\libm.a(libm_a-e_fmod.o)
 .rodata.dp_l   0x0800a788       0x10 D:/ST/STM32CubeIDE_1.16.0/STM32CubeIDE/plugins/com.st.stm32cube.ide.mcu.externaltools.gnu-tools-for-stm32.12.3.rel1.win32_1.0.200.202406191623/tools/bin/../lib/gcc/arm-none-eabi/12.3.1/../../../../arm-none-eabi/lib/thumb/v7-m/nofp\libm.a(libm_a-e_pow.o)
 .rodata.dp_h   0x0800a798       0x10 D:/ST/STM32CubeIDE_1.16.0/STM32CubeIDE/plugins/com.st.stm32cube.ide.mcu.externaltools.gnu-tools-for-stm32.12.3.rel1.win32_1.0.200.202406191623/tools/bin/../lib/gcc/arm-none-eabi/12.3.1/../../../../arm-none-eabi/lib/thumb/v7-m/nofp\libm.a(libm_a-e_pow.o)
 .rodata.bp     0x0800a7a8       0x10 D:/ST/STM32CubeIDE_1.16.0/STM32CubeIDE/plugins/com.st.stm32cube.ide.mcu.externaltools.gnu-tools-for-stm32.12.3.rel1.win32_1.0.200.202406191623/tools/bin/../lib/gcc/arm-none-eabi/12.3.1/../../../../arm-none-eabi/lib/thumb/v7-m/nofp\libm.a(libm_a-e_pow.o)
                0x0800a7b8                        . = ALIGN (0x4)

.ARM.extab      0x0800a7b8        0x0
                0x0800a7b8                        . = ALIGN (0x4)
 *(.ARM.extab* .gnu.linkonce.armextab.*)
                0x0800a7b8                        . = ALIGN (0x4)

.ARM            0x0800a7b8        0x0
                0x0800a7b8                        . = ALIGN (0x4)
                0x0800a7b8                        __exidx_start = .
 *(.ARM.exidx*)
                0x0800a7b8                        __exidx_end = .
                0x0800a7b8                        . = ALIGN (0x4)

.preinit_array  0x0800a7b8        0x0
                0x0800a7b8                        . = ALIGN (0x4)
                0x0800a7b8                        PROVIDE (__preinit_array_start = .)
 *(.preinit_array*)
                0x0800a7b8                        PROVIDE (__preinit_array_end = .)
                0x0800a7b8                        . = ALIGN (0x4)

.init_array     0x0800a7b8        0x4
                0x0800a7b8                        . = ALIGN (0x4)
                0x0800a7b8                        PROVIDE (__init_array_start = .)
 *(SORT_BY_NAME(.init_array.*))
 *(.init_array*)
 .init_array    0x0800a7b8        0x4 D:/ST/STM32CubeIDE_1.16.0/STM32CubeIDE/plugins/com.st.stm32cube.ide.mcu.externaltools.gnu-tools-for-stm32.12.3.rel1.win32_1.0.200.202406191623/tools/bin/../lib/gcc/arm-none-eabi/12.3.1/thumb/v7-m/nofp/crtbegin.o
                0x0800a7bc                        PROVIDE (__init_array_end = .)
                0x0800a7bc                        . = ALIGN (0x4)

.fini_array     0x0800a7bc        0x4
                0x0800a7bc                        . = ALIGN (0x4)
                [!provide]                        PROVIDE (__fini_array_start = .)
 *(SORT_BY_NAME(.fini_array.*))
 *(.fini_array*)
 .fini_array    0x0800a7bc        0x4 D:/ST/STM32CubeIDE_1.16.0/STM32CubeIDE/plugins/com.st.stm32cube.ide.mcu.externaltools.gnu-tools-for-stm32.12.3.rel1.win32_1.0.200.202406191623/tools/bin/../lib/gcc/arm-none-eabi/12.3.1/thumb/v7-m/nofp/crtbegin.o
                [!provide]                        PROVIDE (__fini_array_end = .)
                0x0800a7c0                        . = ALIGN (0x4)
                0x0800a7c0                        _sidata = LOADADDR (.data)

.rel.dyn        0x0800a7c0        0x0
 .rel.iplt      0x0800a7c0        0x0 D:/ST/STM32CubeIDE_1.16.0/STM32CubeIDE/plugins/com.st.stm32cube.ide.mcu.externaltools.gnu-tools-for-stm32.12.3.rel1.win32_1.0.200.202406191623/tools/bin/../lib/gcc/arm-none-eabi/12.3.1/thumb/v7-m/nofp/crtbegin.o

.data           0x20000000      0x118 load address 0x0800a7c0
                0x20000000                        . = ALIGN (0x4)
                0x20000000                        _sdata = .
 *(.data)
 *(.data*)
 .data.message  0x20000000       0x14 ./Core/Src/main.o
                0x20000000                message
 *fill*         0x20000014        0x4 
 .data.KalmanX  0x20000018       0x48 ./Core/Src/mpu6050.o
                0x20000018                KalmanX
 .data.KalmanY  0x20000060       0x48 ./Core/Src/mpu6050.o
                0x20000060                KalmanY
 .data.SystemCoreClock
                0x200000a8        0x4 ./Core/Src/system_stm32f1xx.o
                0x200000a8                SystemCoreClock
 .data.uwTickPrio
                0x200000ac        0x4 ./Drivers/STM32F1xx_HAL_Driver/Src/stm32f1xx_hal.o
                0x200000ac                uwTickPrio
 .data.uwTickFreq
                0x200000b0        0x1 ./Drivers/STM32F1xx_HAL_Driver/Src/stm32f1xx_hal.o
                0x200000b0                uwTickFreq
 *fill*         0x200000b1        0x3 
 .data._impure_ptr
                0x200000b4        0x4 D:/ST/STM32CubeIDE_1.16.0/STM32CubeIDE/plugins/com.st.stm32cube.ide.mcu.externaltools.gnu-tools-for-stm32.12.3.rel1.win32_1.0.200.202406191623/tools/bin/../lib/gcc/arm-none-eabi/12.3.1/../../../../arm-none-eabi/lib/thumb/v7-m/nofp\libc_nano.a(libc_a-impure.o)
                0x200000b4                _impure_ptr
 .data._impure_data
                0x200000b8       0x4c D:/ST/STM32CubeIDE_1.16.0/STM32CubeIDE/plugins/com.st.stm32cube.ide.mcu.externaltools.gnu-tools-for-stm32.12.3.rel1.win32_1.0.200.202406191623/tools/bin/../lib/gcc/arm-none-eabi/12.3.1/../../../../arm-none-eabi/lib/thumb/v7-m/nofp\libc_nano.a(libc_a-impure.o)
                0x200000b8                _impure_data
 *fill*         0x20000104        0x4 
 .data.tiny     0x20000108        0x8 D:/ST/STM32CubeIDE_1.16.0/STM32CubeIDE/plugins/com.st.stm32cube.ide.mcu.externaltools.gnu-tools-for-stm32.12.3.rel1.win32_1.0.200.202406191623/tools/bin/../lib/gcc/arm-none-eabi/12.3.1/../../../../arm-none-eabi/lib/thumb/v7-m/nofp\libm.a(libm_a-e_sqrt.o)
 .data.one      0x20000110        0x8 D:/ST/STM32CubeIDE_1.16.0/STM32CubeIDE/plugins/com.st.stm32cube.ide.mcu.externaltools.gnu-tools-for-stm32.12.3.rel1.win32_1.0.200.202406191623/tools/bin/../lib/gcc/arm-none-eabi/12.3.1/../../../../arm-none-eabi/lib/thumb/v7-m/nofp\libm.a(libm_a-e_sqrt.o)
 *(.RamFunc)
 *(.RamFunc*)
                0x20000118                        . = ALIGN (0x4)
                0x20000118                        _edata = .

.igot.plt       0x20000118        0x0 load address 0x0800a8d8
 .igot.plt      0x20000118        0x0 D:/ST/STM32CubeIDE_1.16.0/STM32CubeIDE/plugins/com.st.stm32cube.ide.mcu.externaltools.gnu-tools-for-stm32.12.3.rel1.win32_1.0.200.202406191623/tools/bin/../lib/gcc/arm-none-eabi/12.3.1/thumb/v7-m/nofp/crtbegin.o
                0x20000118                        . = ALIGN (0x4)

.bss            0x20000118      0x9b0 load address 0x0800a8d8
                0x20000118                        _sbss = .
                0x20000118                        __bss_start__ = _sbss
 *(.bss)
 .bss           0x20000118       0x1c D:/ST/STM32CubeIDE_1.16.0/STM32CubeIDE/plugins/com.st.stm32cube.ide.mcu.externaltools.gnu-tools-for-stm32.12.3.rel1.win32_1.0.200.202406191623/tools/bin/../lib/gcc/arm-none-eabi/12.3.1/thumb/v7-m/nofp/crtbegin.o
 *(.bss*)
 .bss.hadc1     0x20000134       0x30 ./Core/Src/adc.o
                0x20000134                hadc1
 .bss.hi2c1     0x20000164       0x54 ./Core/Src/i2c.o
                0x20000164                hi2c1
 .bss.hi2c2     0x200001b8       0x54 ./Core/Src/i2c.o
                0x200001b8                hi2c2
 .bss.en_place  0x2000020c       0x14 ./Core/Src/main.o
                0x2000020c                en_place
 .bss.adc_xx    0x20000220       0x14 ./Core/Src/main.o
                0x20000220                adc_xx
 .bss.angle_m   0x20000234       0x14 ./Core/Src/main.o
                0x20000234                angle_m
 .bss.angle_n   0x20000248       0x14 ./Core/Src/main.o
                0x20000248                angle_n
 .bss.angle1    0x2000025c        0x4 ./Core/Src/main.o
                0x2000025c                angle1
 .bss.angle2    0x20000260        0x4 ./Core/Src/main.o
                0x20000260                angle2
 *fill*         0x20000264        0x4 
 .bss.Gyro_Z_corrector
                0x20000268        0x8 ./Core/Src/mpu6050.o
                0x20000268                Gyro_Z_corrector
 .bss.timer     0x20000270        0x4 ./Core/Src/mpu6050.o
                0x20000270                timer
 *fill*         0x20000274        0x4 
 .bss.MPU6050   0x20000278       0x60 ./Core/Src/my_main.o
                0x20000278                MPU6050
 .bss.Turn_PID_1
                0x200002d8       0x2c ./Core/Src/my_main.o
                0x200002d8                Turn_PID_1
 .bss.Turn_PID_2
                0x20000304       0x2c ./Core/Src/my_main.o
                0x20000304                Turn_PID_2
 .bss.Encoder_Cnt
                0x20000330        0x4 ./Core/Src/my_main.o
                0x20000330                Encoder_Cnt
 .bss.Encoder_Integral
                0x20000334        0x4 ./Core/Src/my_main.o
                0x20000334                Encoder_Integral
 .bss.adc_value
                0x20000338        0x2 ./Core/Src/my_main.o
                0x20000338                adc_value
 *fill*         0x2000033a        0x2 
 .bss.adc       0x2000033c        0xa ./Core/Src/my_main.o
                0x2000033c                adc
 *fill*         0x20000346        0x2 
 .bss.OLED_GRAM
                0x20000348      0x400 ./Core/Src/oled.o
                0x20000348                OLED_GRAM
 .bss.sendBuffer.3
                0x20000748        0x2 ./Core/Src/oled.o
 *fill*         0x2000074a        0x2 
 .bss.sendBuffer.2
                0x2000074c       0x81 ./Core/Src/oled.o
 .bss.temp.1    0x200007cd        0x1 ./Core/Src/oled.o
 *fill*         0x200007ce        0x2 
 .bss.__sbrk_heap_end
                0x200007d0        0x4 ./Core/Src/sysmem.o
 .bss.htim2     0x200007d4       0x48 ./Core/Src/tim.o
                0x200007d4                htim2
 .bss.htim3     0x2000081c       0x48 ./Core/Src/tim.o
                0x2000081c                htim3
 .bss.htim4     0x20000864       0x48 ./Core/Src/tim.o
                0x20000864                htim4
 .bss.huart2    0x200008ac       0x48 ./Core/Src/usart.o
                0x200008ac                huart2
 .bss.hdma_usart2_rx
                0x200008f4       0x44 ./Core/Src/usart.o
                0x200008f4                hdma_usart2_rx
 .bss.hdma_usart2_tx
                0x20000938       0x44 ./Core/Src/usart.o
                0x20000938                hdma_usart2_tx
 .bss.uwTick    0x2000097c        0x4 ./Drivers/STM32F1xx_HAL_Driver/Src/stm32f1xx_hal.o
                0x2000097c                uwTick
 .bss.__sf      0x20000980      0x138 D:/ST/STM32CubeIDE_1.16.0/STM32CubeIDE/plugins/com.st.stm32cube.ide.mcu.externaltools.gnu-tools-for-stm32.12.3.rel1.win32_1.0.200.202406191623/tools/bin/../lib/gcc/arm-none-eabi/12.3.1/../../../../arm-none-eabi/lib/thumb/v7-m/nofp\libc_nano.a(libc_a-findfp.o)
                0x20000980                __sf
 .bss.errno     0x20000ab8        0x4 D:/ST/STM32CubeIDE_1.16.0/STM32CubeIDE/plugins/com.st.stm32cube.ide.mcu.externaltools.gnu-tools-for-stm32.12.3.rel1.win32_1.0.200.202406191623/tools/bin/../lib/gcc/arm-none-eabi/12.3.1/../../../../arm-none-eabi/lib/thumb/v7-m/nofp\libc_nano.a(libc_a-reent.o)
                0x20000ab8                errno
 .bss.__lock___malloc_recursive_mutex
                0x20000abc        0x1 D:/ST/STM32CubeIDE_1.16.0/STM32CubeIDE/plugins/com.st.stm32cube.ide.mcu.externaltools.gnu-tools-for-stm32.12.3.rel1.win32_1.0.200.202406191623/tools/bin/../lib/gcc/arm-none-eabi/12.3.1/../../../../arm-none-eabi/lib/thumb/v7-m/nofp\libc_nano.a(libc_a-lock.o)
                0x20000abc                __lock___malloc_recursive_mutex
 *fill*         0x20000abd        0x3 
 .bss.__malloc_sbrk_start
                0x20000ac0        0x4 D:/ST/STM32CubeIDE_1.16.0/STM32CubeIDE/plugins/com.st.stm32cube.ide.mcu.externaltools.gnu-tools-for-stm32.12.3.rel1.win32_1.0.200.202406191623/tools/bin/../lib/gcc/arm-none-eabi/12.3.1/../../../../arm-none-eabi/lib/thumb/v7-m/nofp\libc_nano.a(libc_a-mallocr.o)
                0x20000ac0                __malloc_sbrk_start
 .bss.__malloc_free_list
                0x20000ac4        0x4 D:/ST/STM32CubeIDE_1.16.0/STM32CubeIDE/plugins/com.st.stm32cube.ide.mcu.externaltools.gnu-tools-for-stm32.12.3.rel1.win32_1.0.200.202406191623/tools/bin/../lib/gcc/arm-none-eabi/12.3.1/../../../../arm-none-eabi/lib/thumb/v7-m/nofp\libc_nano.a(libc_a-mallocr.o)
                0x20000ac4                __malloc_free_list
 *(COMMON)
                0x20000ac8                        . = ALIGN (0x4)
                0x20000ac8                        _ebss = .
                0x20000ac8                        __bss_end__ = _ebss

._user_heap_stack
                0x20000ac8      0x600 load address 0x0800a8d8
                0x20000ac8                        . = ALIGN (0x8)
                [!provide]                        PROVIDE (end = .)
                0x20000ac8                        PROVIDE (_end = .)
                0x20000cc8                        . = (. + _Min_Heap_Size)
 *fill*         0x20000ac8      0x200 
                0x200010c8                        . = (. + _Min_Stack_Size)
 *fill*         0x20000cc8      0x400 
                0x200010c8                        . = ALIGN (0x8)

/DISCARD/
 libc.a(*)
 libm.a(*)
 libgcc.a(*)

.ARM.attributes
                0x00000000       0x29
 *(.ARM.attributes)
 .ARM.attributes
                0x00000000       0x1d D:/ST/STM32CubeIDE_1.16.0/STM32CubeIDE/plugins/com.st.stm32cube.ide.mcu.externaltools.gnu-tools-for-stm32.12.3.rel1.win32_1.0.200.202406191623/tools/bin/../lib/gcc/arm-none-eabi/12.3.1/thumb/v7-m/nofp/crti.o
 .ARM.attributes
                0x0000001d       0x2d D:/ST/STM32CubeIDE_1.16.0/STM32CubeIDE/plugins/com.st.stm32cube.ide.mcu.externaltools.gnu-tools-for-stm32.12.3.rel1.win32_1.0.200.202406191623/tools/bin/../lib/gcc/arm-none-eabi/12.3.1/thumb/v7-m/nofp/crtbegin.o
 .ARM.attributes
                0x0000004a       0x2d ./Core/Src/PID.o
 .ARM.attributes
                0x00000077       0x2d ./Core/Src/adc.o
 .ARM.attributes
                0x000000a4       0x2d ./Core/Src/dma.o
 .ARM.attributes
                0x000000d1       0x2d ./Core/Src/font.o
 .ARM.attributes
                0x000000fe       0x2d ./Core/Src/gpio.o
 .ARM.attributes
                0x0000012b       0x2d ./Core/Src/i2c.o
 .ARM.attributes
                0x00000158       0x2d ./Core/Src/main.o
 .ARM.attributes
                0x00000185       0x2d ./Core/Src/mpu6050.o
 .ARM.attributes
                0x000001b2       0x2d ./Core/Src/my_main.o
 .ARM.attributes
                0x000001df       0x2d ./Core/Src/oled.o
 .ARM.attributes
                0x0000020c       0x2d ./Core/Src/stm32f1xx_hal_msp.o
 .ARM.attributes
                0x00000239       0x2d ./Core/Src/stm32f1xx_it.o
 .ARM.attributes
                0x00000266       0x2d ./Core/Src/sysmem.o
 .ARM.attributes
                0x00000293       0x2d ./Core/Src/system_stm32f1xx.o
 .ARM.attributes
                0x000002c0       0x2d ./Core/Src/tim.o
 .ARM.attributes
                0x000002ed       0x2d ./Core/Src/usart.o
 .ARM.attributes
                0x0000031a       0x21 ./Core/Startup/startup_stm32f103c8tx.o
 .ARM.attributes
                0x0000033b       0x2d ./Drivers/STM32F1xx_HAL_Driver/Src/stm32f1xx_hal.o
 .ARM.attributes
                0x00000368       0x2d ./Drivers/STM32F1xx_HAL_Driver/Src/stm32f1xx_hal_adc.o
 .ARM.attributes
                0x00000395       0x2d ./Drivers/STM32F1xx_HAL_Driver/Src/stm32f1xx_hal_adc_ex.o
 .ARM.attributes
                0x000003c2       0x2d ./Drivers/STM32F1xx_HAL_Driver/Src/stm32f1xx_hal_cortex.o
 .ARM.attributes
                0x000003ef       0x2d ./Drivers/STM32F1xx_HAL_Driver/Src/stm32f1xx_hal_dma.o
 .ARM.attributes
                0x0000041c       0x2d ./Drivers/STM32F1xx_HAL_Driver/Src/stm32f1xx_hal_gpio.o
 .ARM.attributes
                0x00000449       0x2d ./Drivers/STM32F1xx_HAL_Driver/Src/stm32f1xx_hal_i2c.o
 .ARM.attributes
                0x00000476       0x2d ./Drivers/STM32F1xx_HAL_Driver/Src/stm32f1xx_hal_rcc.o
 .ARM.attributes
                0x000004a3       0x2d ./Drivers/STM32F1xx_HAL_Driver/Src/stm32f1xx_hal_rcc_ex.o
 .ARM.attributes
                0x000004d0       0x2d ./Drivers/STM32F1xx_HAL_Driver/Src/stm32f1xx_hal_tim.o
 .ARM.attributes
                0x000004fd       0x2d ./Drivers/STM32F1xx_HAL_Driver/Src/stm32f1xx_hal_tim_ex.o
 .ARM.attributes
                0x0000052a       0x2d ./Drivers/STM32F1xx_HAL_Driver/Src/stm32f1xx_hal_uart.o
 .ARM.attributes
                0x00000557       0x2d D:/ST/STM32CubeIDE_1.16.0/STM32CubeIDE/plugins/com.st.stm32cube.ide.mcu.externaltools.gnu-tools-for-stm32.12.3.rel1.win32_1.0.200.202406191623/tools/bin/../lib/gcc/arm-none-eabi/12.3.1/../../../../arm-none-eabi/lib/thumb/v7-m/nofp\libc_nano.a(libc_a-findfp.o)
 .ARM.attributes
                0x00000584       0x2d D:/ST/STM32CubeIDE_1.16.0/STM32CubeIDE/plugins/com.st.stm32cube.ide.mcu.externaltools.gnu-tools-for-stm32.12.3.rel1.win32_1.0.200.202406191623/tools/bin/../lib/gcc/arm-none-eabi/12.3.1/../../../../arm-none-eabi/lib/thumb/v7-m/nofp\libc_nano.a(libc_a-sprintf.o)
 .ARM.attributes
                0x000005b1       0x2d D:/ST/STM32CubeIDE_1.16.0/STM32CubeIDE/plugins/com.st.stm32cube.ide.mcu.externaltools.gnu-tools-for-stm32.12.3.rel1.win32_1.0.200.202406191623/tools/bin/../lib/gcc/arm-none-eabi/12.3.1/../../../../arm-none-eabi/lib/thumb/v7-m/nofp\libc_nano.a(libc_a-memcmp.o)
 .ARM.attributes
                0x000005de       0x2d D:/ST/STM32CubeIDE_1.16.0/STM32CubeIDE/plugins/com.st.stm32cube.ide.mcu.externaltools.gnu-tools-for-stm32.12.3.rel1.win32_1.0.200.202406191623/tools/bin/../lib/gcc/arm-none-eabi/12.3.1/../../../../arm-none-eabi/lib/thumb/v7-m/nofp\libc_nano.a(libc_a-memset.o)
 .ARM.attributes
                0x0000060b       0x2d D:/ST/STM32CubeIDE_1.16.0/STM32CubeIDE/plugins/com.st.stm32cube.ide.mcu.externaltools.gnu-tools-for-stm32.12.3.rel1.win32_1.0.200.202406191623/tools/bin/../lib/gcc/arm-none-eabi/12.3.1/../../../../arm-none-eabi/lib/thumb/v7-m/nofp\libc_nano.a(libc_a-reent.o)
 .ARM.attributes
                0x00000638       0x2d D:/ST/STM32CubeIDE_1.16.0/STM32CubeIDE/plugins/com.st.stm32cube.ide.mcu.externaltools.gnu-tools-for-stm32.12.3.rel1.win32_1.0.200.202406191623/tools/bin/../lib/gcc/arm-none-eabi/12.3.1/../../../../arm-none-eabi/lib/thumb/v7-m/nofp\libc_nano.a(libc_a-impure.o)
 .ARM.attributes
                0x00000665       0x2d D:/ST/STM32CubeIDE_1.16.0/STM32CubeIDE/plugins/com.st.stm32cube.ide.mcu.externaltools.gnu-tools-for-stm32.12.3.rel1.win32_1.0.200.202406191623/tools/bin/../lib/gcc/arm-none-eabi/12.3.1/../../../../arm-none-eabi/lib/thumb/v7-m/nofp\libc_nano.a(libc_a-errno.o)
 .ARM.attributes
                0x00000692       0x2d D:/ST/STM32CubeIDE_1.16.0/STM32CubeIDE/plugins/com.st.stm32cube.ide.mcu.externaltools.gnu-tools-for-stm32.12.3.rel1.win32_1.0.200.202406191623/tools/bin/../lib/gcc/arm-none-eabi/12.3.1/../../../../arm-none-eabi/lib/thumb/v7-m/nofp\libc_nano.a(libc_a-init.o)
 .ARM.attributes
                0x000006bf       0x2d D:/ST/STM32CubeIDE_1.16.0/STM32CubeIDE/plugins/com.st.stm32cube.ide.mcu.externaltools.gnu-tools-for-stm32.12.3.rel1.win32_1.0.200.202406191623/tools/bin/../lib/gcc/arm-none-eabi/12.3.1/../../../../arm-none-eabi/lib/thumb/v7-m/nofp\libc_nano.a(libc_a-lock.o)
 .ARM.attributes
                0x000006ec       0x2d D:/ST/STM32CubeIDE_1.16.0/STM32CubeIDE/plugins/com.st.stm32cube.ide.mcu.externaltools.gnu-tools-for-stm32.12.3.rel1.win32_1.0.200.202406191623/tools/bin/../lib/gcc/arm-none-eabi/12.3.1/../../../../arm-none-eabi/lib/thumb/v7-m/nofp\libc_nano.a(libc_a-memcpy-stub.o)
 .ARM.attributes
                0x00000719       0x2d D:/ST/STM32CubeIDE_1.16.0/STM32CubeIDE/plugins/com.st.stm32cube.ide.mcu.externaltools.gnu-tools-for-stm32.12.3.rel1.win32_1.0.200.202406191623/tools/bin/../lib/gcc/arm-none-eabi/12.3.1/../../../../arm-none-eabi/lib/thumb/v7-m/nofp\libc_nano.a(libc_a-freer.o)
 .ARM.attributes
                0x00000746       0x2d D:/ST/STM32CubeIDE_1.16.0/STM32CubeIDE/plugins/com.st.stm32cube.ide.mcu.externaltools.gnu-tools-for-stm32.12.3.rel1.win32_1.0.200.202406191623/tools/bin/../lib/gcc/arm-none-eabi/12.3.1/../../../../arm-none-eabi/lib/thumb/v7-m/nofp\libc_nano.a(libc_a-mallocr.o)
 .ARM.attributes
                0x00000773       0x2d D:/ST/STM32CubeIDE_1.16.0/STM32CubeIDE/plugins/com.st.stm32cube.ide.mcu.externaltools.gnu-tools-for-stm32.12.3.rel1.win32_1.0.200.202406191623/tools/bin/../lib/gcc/arm-none-eabi/12.3.1/../../../../arm-none-eabi/lib/thumb/v7-m/nofp\libc_nano.a(libc_a-mlock.o)
 .ARM.attributes
                0x000007a0       0x2d D:/ST/STM32CubeIDE_1.16.0/STM32CubeIDE/plugins/com.st.stm32cube.ide.mcu.externaltools.gnu-tools-for-stm32.12.3.rel1.win32_1.0.200.202406191623/tools/bin/../lib/gcc/arm-none-eabi/12.3.1/../../../../arm-none-eabi/lib/thumb/v7-m/nofp\libc_nano.a(libc_a-nano-svfprintf.o)
 .ARM.attributes
                0x000007cd       0x2d D:/ST/STM32CubeIDE_1.16.0/STM32CubeIDE/plugins/com.st.stm32cube.ide.mcu.externaltools.gnu-tools-for-stm32.12.3.rel1.win32_1.0.200.202406191623/tools/bin/../lib/gcc/arm-none-eabi/12.3.1/../../../../arm-none-eabi/lib/thumb/v7-m/nofp\libc_nano.a(libc_a-nano-vfprintf_i.o)
 .ARM.attributes
                0x000007fa       0x2d D:/ST/STM32CubeIDE_1.16.0/STM32CubeIDE/plugins/com.st.stm32cube.ide.mcu.externaltools.gnu-tools-for-stm32.12.3.rel1.win32_1.0.200.202406191623/tools/bin/../lib/gcc/arm-none-eabi/12.3.1/../../../../arm-none-eabi/lib/thumb/v7-m/nofp\libc_nano.a(libc_a-memmove.o)
 .ARM.attributes
                0x00000827       0x2d D:/ST/STM32CubeIDE_1.16.0/STM32CubeIDE/plugins/com.st.stm32cube.ide.mcu.externaltools.gnu-tools-for-stm32.12.3.rel1.win32_1.0.200.202406191623/tools/bin/../lib/gcc/arm-none-eabi/12.3.1/../../../../arm-none-eabi/lib/thumb/v7-m/nofp\libc_nano.a(libc_a-sbrkr.o)
 .ARM.attributes
                0x00000854       0x2d D:/ST/STM32CubeIDE_1.16.0/STM32CubeIDE/plugins/com.st.stm32cube.ide.mcu.externaltools.gnu-tools-for-stm32.12.3.rel1.win32_1.0.200.202406191623/tools/bin/../lib/gcc/arm-none-eabi/12.3.1/../../../../arm-none-eabi/lib/thumb/v7-m/nofp\libc_nano.a(libc_a-memchr-stub.o)
 .ARM.attributes
                0x00000881       0x2d D:/ST/STM32CubeIDE_1.16.0/STM32CubeIDE/plugins/com.st.stm32cube.ide.mcu.externaltools.gnu-tools-for-stm32.12.3.rel1.win32_1.0.200.202406191623/tools/bin/../lib/gcc/arm-none-eabi/12.3.1/../../../../arm-none-eabi/lib/thumb/v7-m/nofp\libc_nano.a(libc_a-reallocr.o)
 .ARM.attributes
                0x000008ae       0x2d D:/ST/STM32CubeIDE_1.16.0/STM32CubeIDE/plugins/com.st.stm32cube.ide.mcu.externaltools.gnu-tools-for-stm32.12.3.rel1.win32_1.0.200.202406191623/tools/bin/../lib/gcc/arm-none-eabi/12.3.1/../../../../arm-none-eabi/lib/thumb/v7-m/nofp\libc_nano.a(libc_a-msizer.o)
 .ARM.attributes
                0x000008db       0x2d D:/ST/STM32CubeIDE_1.16.0/STM32CubeIDE/plugins/com.st.stm32cube.ide.mcu.externaltools.gnu-tools-for-stm32.12.3.rel1.win32_1.0.200.202406191623/tools/bin/../lib/gcc/arm-none-eabi/12.3.1/../../../../arm-none-eabi/lib/thumb/v7-m/nofp\libm.a(libm_a-w_atan2.o)
 .ARM.attributes
                0x00000908       0x2d D:/ST/STM32CubeIDE_1.16.0/STM32CubeIDE/plugins/com.st.stm32cube.ide.mcu.externaltools.gnu-tools-for-stm32.12.3.rel1.win32_1.0.200.202406191623/tools/bin/../lib/gcc/arm-none-eabi/12.3.1/../../../../arm-none-eabi/lib/thumb/v7-m/nofp\libm.a(libm_a-w_fmod.o)
 .ARM.attributes
                0x00000935       0x2d D:/ST/STM32CubeIDE_1.16.0/STM32CubeIDE/plugins/com.st.stm32cube.ide.mcu.externaltools.gnu-tools-for-stm32.12.3.rel1.win32_1.0.200.202406191623/tools/bin/../lib/gcc/arm-none-eabi/12.3.1/../../../../arm-none-eabi/lib/thumb/v7-m/nofp\libm.a(libm_a-w_pow.o)
 .ARM.attributes
                0x00000962       0x2d D:/ST/STM32CubeIDE_1.16.0/STM32CubeIDE/plugins/com.st.stm32cube.ide.mcu.externaltools.gnu-tools-for-stm32.12.3.rel1.win32_1.0.200.202406191623/tools/bin/../lib/gcc/arm-none-eabi/12.3.1/../../../../arm-none-eabi/lib/thumb/v7-m/nofp\libm.a(libm_a-w_sqrt.o)
 .ARM.attributes
                0x0000098f       0x2d D:/ST/STM32CubeIDE_1.16.0/STM32CubeIDE/plugins/com.st.stm32cube.ide.mcu.externaltools.gnu-tools-for-stm32.12.3.rel1.win32_1.0.200.202406191623/tools/bin/../lib/gcc/arm-none-eabi/12.3.1/../../../../arm-none-eabi/lib/thumb/v7-m/nofp\libm.a(libm_a-s_atan.o)
 .ARM.attributes
                0x000009bc       0x2d D:/ST/STM32CubeIDE_1.16.0/STM32CubeIDE/plugins/com.st.stm32cube.ide.mcu.externaltools.gnu-tools-for-stm32.12.3.rel1.win32_1.0.200.202406191623/tools/bin/../lib/gcc/arm-none-eabi/12.3.1/../../../../arm-none-eabi/lib/thumb/v7-m/nofp\libm.a(libm_a-s_fabs.o)
 .ARM.attributes
                0x000009e9       0x2d D:/ST/STM32CubeIDE_1.16.0/STM32CubeIDE/plugins/com.st.stm32cube.ide.mcu.externaltools.gnu-tools-for-stm32.12.3.rel1.win32_1.0.200.202406191623/tools/bin/../lib/gcc/arm-none-eabi/12.3.1/../../../../arm-none-eabi/lib/thumb/v7-m/nofp\libm.a(libm_a-s_finite.o)
 .ARM.attributes
                0x00000a16       0x2d D:/ST/STM32CubeIDE_1.16.0/STM32CubeIDE/plugins/com.st.stm32cube.ide.mcu.externaltools.gnu-tools-for-stm32.12.3.rel1.win32_1.0.200.202406191623/tools/bin/../lib/gcc/arm-none-eabi/12.3.1/../../../../arm-none-eabi/lib/thumb/v7-m/nofp\libm.a(libm_a-e_sqrt.o)
 .ARM.attributes
                0x00000a43       0x2d D:/ST/STM32CubeIDE_1.16.0/STM32CubeIDE/plugins/com.st.stm32cube.ide.mcu.externaltools.gnu-tools-for-stm32.12.3.rel1.win32_1.0.200.202406191623/tools/bin/../lib/gcc/arm-none-eabi/12.3.1/../../../../arm-none-eabi/lib/thumb/v7-m/nofp\libm.a(libm_a-e_atan2.o)
 .ARM.attributes
                0x00000a70       0x2d D:/ST/STM32CubeIDE_1.16.0/STM32CubeIDE/plugins/com.st.stm32cube.ide.mcu.externaltools.gnu-tools-for-stm32.12.3.rel1.win32_1.0.200.202406191623/tools/bin/../lib/gcc/arm-none-eabi/12.3.1/../../../../arm-none-eabi/lib/thumb/v7-m/nofp\libm.a(libm_a-e_fmod.o)
 .ARM.attributes
                0x00000a9d       0x2d D:/ST/STM32CubeIDE_1.16.0/STM32CubeIDE/plugins/com.st.stm32cube.ide.mcu.externaltools.gnu-tools-for-stm32.12.3.rel1.win32_1.0.200.202406191623/tools/bin/../lib/gcc/arm-none-eabi/12.3.1/../../../../arm-none-eabi/lib/thumb/v7-m/nofp\libm.a(libm_a-e_pow.o)
 .ARM.attributes
                0x00000aca       0x2d D:/ST/STM32CubeIDE_1.16.0/STM32CubeIDE/plugins/com.st.stm32cube.ide.mcu.externaltools.gnu-tools-for-stm32.12.3.rel1.win32_1.0.200.202406191623/tools/bin/../lib/gcc/arm-none-eabi/12.3.1/../../../../arm-none-eabi/lib/thumb/v7-m/nofp\libm.a(libm_a-s_scalbn.o)
 .ARM.attributes
                0x00000af7       0x2d D:/ST/STM32CubeIDE_1.16.0/STM32CubeIDE/plugins/com.st.stm32cube.ide.mcu.externaltools.gnu-tools-for-stm32.12.3.rel1.win32_1.0.200.202406191623/tools/bin/../lib/gcc/arm-none-eabi/12.3.1/../../../../arm-none-eabi/lib/thumb/v7-m/nofp\libm.a(libm_a-math_err.o)
 .ARM.attributes
                0x00000b24       0x1d D:/ST/STM32CubeIDE_1.16.0/STM32CubeIDE/plugins/com.st.stm32cube.ide.mcu.externaltools.gnu-tools-for-stm32.12.3.rel1.win32_1.0.200.202406191623/tools/bin/../lib/gcc/arm-none-eabi/12.3.1/thumb/v7-m/nofp\libgcc.a(_arm_addsubdf3.o)
 .ARM.attributes
                0x00000b41       0x1d D:/ST/STM32CubeIDE_1.16.0/STM32CubeIDE/plugins/com.st.stm32cube.ide.mcu.externaltools.gnu-tools-for-stm32.12.3.rel1.win32_1.0.200.202406191623/tools/bin/../lib/gcc/arm-none-eabi/12.3.1/thumb/v7-m/nofp\libgcc.a(_arm_muldivdf3.o)
 .ARM.attributes
                0x00000b5e       0x1d D:/ST/STM32CubeIDE_1.16.0/STM32CubeIDE/plugins/com.st.stm32cube.ide.mcu.externaltools.gnu-tools-for-stm32.12.3.rel1.win32_1.0.200.202406191623/tools/bin/../lib/gcc/arm-none-eabi/12.3.1/thumb/v7-m/nofp\libgcc.a(_arm_cmpdf2.o)
 .ARM.attributes
                0x00000b7b       0x1d D:/ST/STM32CubeIDE_1.16.0/STM32CubeIDE/plugins/com.st.stm32cube.ide.mcu.externaltools.gnu-tools-for-stm32.12.3.rel1.win32_1.0.200.202406191623/tools/bin/../lib/gcc/arm-none-eabi/12.3.1/thumb/v7-m/nofp\libgcc.a(_arm_unorddf2.o)
 .ARM.attributes
                0x00000b98       0x1d D:/ST/STM32CubeIDE_1.16.0/STM32CubeIDE/plugins/com.st.stm32cube.ide.mcu.externaltools.gnu-tools-for-stm32.12.3.rel1.win32_1.0.200.202406191623/tools/bin/../lib/gcc/arm-none-eabi/12.3.1/thumb/v7-m/nofp\libgcc.a(_arm_fixdfsi.o)
 .ARM.attributes
                0x00000bb5       0x1d D:/ST/STM32CubeIDE_1.16.0/STM32CubeIDE/plugins/com.st.stm32cube.ide.mcu.externaltools.gnu-tools-for-stm32.12.3.rel1.win32_1.0.200.202406191623/tools/bin/../lib/gcc/arm-none-eabi/12.3.1/thumb/v7-m/nofp\libgcc.a(_arm_addsubsf3.o)
 .ARM.attributes
                0x00000bd2       0x1d D:/ST/STM32CubeIDE_1.16.0/STM32CubeIDE/plugins/com.st.stm32cube.ide.mcu.externaltools.gnu-tools-for-stm32.12.3.rel1.win32_1.0.200.202406191623/tools/bin/../lib/gcc/arm-none-eabi/12.3.1/thumb/v7-m/nofp\libgcc.a(_arm_muldivsf3.o)
 .ARM.attributes
                0x00000bef       0x1d D:/ST/STM32CubeIDE_1.16.0/STM32CubeIDE/plugins/com.st.stm32cube.ide.mcu.externaltools.gnu-tools-for-stm32.12.3.rel1.win32_1.0.200.202406191623/tools/bin/../lib/gcc/arm-none-eabi/12.3.1/thumb/v7-m/nofp\libgcc.a(_arm_cmpsf2.o)
 .ARM.attributes
                0x00000c0c       0x1d D:/ST/STM32CubeIDE_1.16.0/STM32CubeIDE/plugins/com.st.stm32cube.ide.mcu.externaltools.gnu-tools-for-stm32.12.3.rel1.win32_1.0.200.202406191623/tools/bin/../lib/gcc/arm-none-eabi/12.3.1/thumb/v7-m/nofp\libgcc.a(_arm_fixsfsi.o)
 .ARM.attributes
                0x00000c29       0x1d D:/ST/STM32CubeIDE_1.16.0/STM32CubeIDE/plugins/com.st.stm32cube.ide.mcu.externaltools.gnu-tools-for-stm32.12.3.rel1.win32_1.0.200.202406191623/tools/bin/../lib/gcc/arm-none-eabi/12.3.1/thumb/v7-m/nofp/crtn.o
OUTPUT(1_TI_C.elf elf32-littlearm)
LOAD linker stubs
LOAD D:/ST/STM32CubeIDE_1.16.0/STM32CubeIDE/plugins/com.st.stm32cube.ide.mcu.externaltools.gnu-tools-for-stm32.12.3.rel1.win32_1.0.200.202406191623/tools/bin/../lib/gcc/arm-none-eabi/12.3.1/../../../../arm-none-eabi/lib/thumb/v7-m/nofp\libc.a
LOAD D:/ST/STM32CubeIDE_1.16.0/STM32CubeIDE/plugins/com.st.stm32cube.ide.mcu.externaltools.gnu-tools-for-stm32.12.3.rel1.win32_1.0.200.202406191623/tools/bin/../lib/gcc/arm-none-eabi/12.3.1/../../../../arm-none-eabi/lib/thumb/v7-m/nofp\libm.a
LOAD D:/ST/STM32CubeIDE_1.16.0/STM32CubeIDE/plugins/com.st.stm32cube.ide.mcu.externaltools.gnu-tools-for-stm32.12.3.rel1.win32_1.0.200.202406191623/tools/bin/../lib/gcc/arm-none-eabi/12.3.1/thumb/v7-m/nofp\libgcc.a

.debug_info     0x00000000    0x157e0
 .debug_info    0x00000000      0x3b2 ./Core/Src/PID.o
 .debug_info    0x000003b2      0x7b8 ./Core/Src/adc.o
 .debug_info    0x00000b6a      0x2cf ./Core/Src/dma.o
 .debug_info    0x00000e39      0x391 ./Core/Src/font.o
 .debug_info    0x000011ca      0x432 ./Core/Src/gpio.o
 .debug_info    0x000015fc      0x8d1 ./Core/Src/i2c.o
 .debug_info    0x00001ecd     0x12e4 ./Core/Src/main.o
 .debug_info    0x000031b1      0xae1 ./Core/Src/mpu6050.o
 .debug_info    0x00003c92      0xfdf ./Core/Src/my_main.o
 .debug_info    0x00004c71     0x12be ./Core/Src/oled.o
 .debug_info    0x00005f2f      0x1f1 ./Core/Src/stm32f1xx_hal_msp.o
 .debug_info    0x00006120      0x9ea ./Core/Src/stm32f1xx_it.o
 .debug_info    0x00006b0a      0x168 ./Core/Src/sysmem.o
 .debug_info    0x00006c72      0x222 ./Core/Src/system_stm32f1xx.o
 .debug_info    0x00006e94      0xda5 ./Core/Src/tim.o
 .debug_info    0x00007c39      0x975 ./Core/Src/usart.o
 .debug_info    0x000085ae       0x30 ./Core/Startup/startup_stm32f103c8tx.o
 .debug_info    0x000085de      0x704 ./Drivers/STM32F1xx_HAL_Driver/Src/stm32f1xx_hal.o
 .debug_info    0x00008ce2      0xc50 ./Drivers/STM32F1xx_HAL_Driver/Src/stm32f1xx_hal_adc.o
 .debug_info    0x00009932      0xa10 ./Drivers/STM32F1xx_HAL_Driver/Src/stm32f1xx_hal_adc_ex.o
 .debug_info    0x0000a342      0xa87 ./Drivers/STM32F1xx_HAL_Driver/Src/stm32f1xx_hal_cortex.o
 .debug_info    0x0000adc9      0x6d2 ./Drivers/STM32F1xx_HAL_Driver/Src/stm32f1xx_hal_dma.o
 .debug_info    0x0000b49b      0x5ab ./Drivers/STM32F1xx_HAL_Driver/Src/stm32f1xx_hal_gpio.o
 .debug_info    0x0000ba46     0x2524 ./Drivers/STM32F1xx_HAL_Driver/Src/stm32f1xx_hal_i2c.o
 .debug_info    0x0000df6a      0x7d5 ./Drivers/STM32F1xx_HAL_Driver/Src/stm32f1xx_hal_rcc.o
 .debug_info    0x0000e73f      0x3c0 ./Drivers/STM32F1xx_HAL_Driver/Src/stm32f1xx_hal_rcc_ex.o
 .debug_info    0x0000eaff     0x2959 ./Drivers/STM32F1xx_HAL_Driver/Src/stm32f1xx_hal_tim.o
 .debug_info    0x00011458     0x149b ./Drivers/STM32F1xx_HAL_Driver/Src/stm32f1xx_hal_tim_ex.o
 .debug_info    0x000128f3     0x2eed ./Drivers/STM32F1xx_HAL_Driver/Src/stm32f1xx_hal_uart.o

.debug_abbrev   0x00000000     0x3840
 .debug_abbrev  0x00000000      0x13d ./Core/Src/PID.o
 .debug_abbrev  0x0000013d      0x1e1 ./Core/Src/adc.o
 .debug_abbrev  0x0000031e       0xfc ./Core/Src/dma.o
 .debug_abbrev  0x0000041a       0xf9 ./Core/Src/font.o
 .debug_abbrev  0x00000513      0x161 ./Core/Src/gpio.o
 .debug_abbrev  0x00000674      0x1f5 ./Core/Src/i2c.o
 .debug_abbrev  0x00000869      0x2db ./Core/Src/main.o
 .debug_abbrev  0x00000b44      0x237 ./Core/Src/mpu6050.o
 .debug_abbrev  0x00000d7b      0x273 ./Core/Src/my_main.o
 .debug_abbrev  0x00000fee      0x2f6 ./Core/Src/oled.o
 .debug_abbrev  0x000012e4       0xdb ./Core/Src/stm32f1xx_hal_msp.o
 .debug_abbrev  0x000013bf      0x1cb ./Core/Src/stm32f1xx_it.o
 .debug_abbrev  0x0000158a       0xbc ./Core/Src/sysmem.o
 .debug_abbrev  0x00001646      0x13f ./Core/Src/system_stm32f1xx.o
 .debug_abbrev  0x00001785      0x271 ./Core/Src/tim.o
 .debug_abbrev  0x000019f6      0x21b ./Core/Src/usart.o
 .debug_abbrev  0x00001c11       0x24 ./Core/Startup/startup_stm32f103c8tx.o
 .debug_abbrev  0x00001c35      0x201 ./Drivers/STM32F1xx_HAL_Driver/Src/stm32f1xx_hal.o
 .debug_abbrev  0x00001e36      0x225 ./Drivers/STM32F1xx_HAL_Driver/Src/stm32f1xx_hal_adc.o
 .debug_abbrev  0x0000205b      0x249 ./Drivers/STM32F1xx_HAL_Driver/Src/stm32f1xx_hal_adc_ex.o
 .debug_abbrev  0x000022a4      0x2f8 ./Drivers/STM32F1xx_HAL_Driver/Src/stm32f1xx_hal_cortex.o
 .debug_abbrev  0x0000259c      0x20b ./Drivers/STM32F1xx_HAL_Driver/Src/stm32f1xx_hal_dma.o
 .debug_abbrev  0x000027a7      0x1ca ./Drivers/STM32F1xx_HAL_Driver/Src/stm32f1xx_hal_gpio.o
 .debug_abbrev  0x00002971      0x2a3 ./Drivers/STM32F1xx_HAL_Driver/Src/stm32f1xx_hal_i2c.o
 .debug_abbrev  0x00002c14      0x2b3 ./Drivers/STM32F1xx_HAL_Driver/Src/stm32f1xx_hal_rcc.o
 .debug_abbrev  0x00002ec7      0x188 ./Drivers/STM32F1xx_HAL_Driver/Src/stm32f1xx_hal_rcc_ex.o
 .debug_abbrev  0x0000304f      0x277 ./Drivers/STM32F1xx_HAL_Driver/Src/stm32f1xx_hal_tim.o
 .debug_abbrev  0x000032c6      0x282 ./Drivers/STM32F1xx_HAL_Driver/Src/stm32f1xx_hal_tim_ex.o
 .debug_abbrev  0x00003548      0x2f8 ./Drivers/STM32F1xx_HAL_Driver/Src/stm32f1xx_hal_uart.o

.debug_aranges  0x00000000     0x1368
 .debug_aranges
                0x00000000       0x48 ./Core/Src/PID.o
 .debug_aranges
                0x00000048       0x30 ./Core/Src/adc.o
 .debug_aranges
                0x00000078       0x20 ./Core/Src/dma.o
 .debug_aranges
                0x00000098       0x18 ./Core/Src/font.o
 .debug_aranges
                0x000000b0       0x20 ./Core/Src/gpio.o
 .debug_aranges
                0x000000d0       0x38 ./Core/Src/i2c.o
 .debug_aranges
                0x00000108       0x48 ./Core/Src/main.o
 .debug_aranges
                0x00000150       0x48 ./Core/Src/mpu6050.o
 .debug_aranges
                0x00000198       0x48 ./Core/Src/my_main.o
 .debug_aranges
                0x000001e0      0x100 ./Core/Src/oled.o
 .debug_aranges
                0x000002e0       0x20 ./Core/Src/stm32f1xx_hal_msp.o
 .debug_aranges
                0x00000300       0xa0 ./Core/Src/stm32f1xx_it.o
 .debug_aranges
                0x000003a0       0x20 ./Core/Src/sysmem.o
 .debug_aranges
                0x000003c0       0x28 ./Core/Src/system_stm32f1xx.o
 .debug_aranges
                0x000003e8       0x58 ./Core/Src/tim.o
 .debug_aranges
                0x00000440       0x30 ./Core/Src/usart.o
 .debug_aranges
                0x00000470       0x28 ./Core/Startup/startup_stm32f103c8tx.o
 .debug_aranges
                0x00000498       0xe0 ./Drivers/STM32F1xx_HAL_Driver/Src/stm32f1xx_hal.o