Archive member included to satisfy reference by file (symbol)

D:/ARM/14.2 rel1/bin/../lib/gcc/arm-none-eabi/14.2.1/thumb/v7-m/nofp\libgcc.a(_arm_muldf3.o)
                              CMakeFiles/1_TI_C.elf.dir/Core/Src/main.c.obj (__aeabi_dmul)
D:/ARM/14.2 rel1/bin/../lib/gcc/arm-none-eabi/14.2.1/thumb/v7-m/nofp\libgcc.a(_arm_mulsf3.o)
                              CMakeFiles/1_TI_C.elf.dir/Core/Src/PID.c.obj (__aeabi_fmul)
D:/ARM/14.2 rel1/bin/../lib/gcc/arm-none-eabi/14.2.1/thumb/v7-m/nofp\libgcc.a(_arm_addsubdf3.o)
                              CMakeFiles/1_TI_C.elf.dir/Core/Src/oled.c.obj (__aeabi_dsub)
D:/ARM/14.2 rel1/bin/../lib/gcc/arm-none-eabi/14.2.1/thumb/v7-m/nofp\libgcc.a(_arm_muldivdf3.o)
                              CMakeFiles/1_TI_C.elf.dir/Core/Src/main.c.obj (__aeabi_ddiv)
D:/ARM/14.2 rel1/bin/../lib/gcc/arm-none-eabi/14.2.1/thumb/v7-m/nofp\libgcc.a(_arm_fixdfsi.o)
                              CMakeFiles/1_TI_C.elf.dir/Core/Src/main.c.obj (__aeabi_d2iz)
D:/ARM/14.2 rel1/bin/../lib/gcc/arm-none-eabi/14.2.1/thumb/v7-m/nofp\libgcc.a(_arm_addsubsf3.o)
                              CMakeFiles/1_TI_C.elf.dir/Core/Src/PID.c.obj (__aeabi_fsub)
D:/ARM/14.2 rel1/bin/../lib/gcc/arm-none-eabi/14.2.1/thumb/v7-m/nofp\libgcc.a(_arm_muldivsf3.o)
                              CMakeFiles/1_TI_C.elf.dir/Core/Src/main.c.obj (__aeabi_fdiv)
D:/ARM/14.2 rel1/bin/../lib/gcc/arm-none-eabi/14.2.1/thumb/v7-m/nofp\libgcc.a(_arm_cmpsf2.o)
                              CMakeFiles/1_TI_C.elf.dir/Core/Src/PID.c.obj (__aeabi_fcmplt)
D:/ARM/14.2 rel1/bin/../lib/gcc/arm-none-eabi/14.2.1/thumb/v7-m/nofp\libgcc.a(_arm_fixsfsi.o)
                              CMakeFiles/1_TI_C.elf.dir/Core/Src/main.c.obj (__aeabi_f2iz)
D:/ARM/14.2 rel1/bin/../lib/gcc/arm-none-eabi/14.2.1/thumb/v7-m/nofp\libg.a(libc_a-exit.o)
                              D:/ARM/14.2 rel1/bin/../lib/gcc/arm-none-eabi/14.2.1/thumb/v7-m/nofp/crt0.o (exit)
D:/ARM/14.2 rel1/bin/../lib/gcc/arm-none-eabi/14.2.1/thumb/v7-m/nofp\libg.a(libc_a-findfp.o)
                              D:/ARM/14.2 rel1/bin/../lib/gcc/arm-none-eabi/14.2.1/thumb/v7-m/nofp\libg.a(libc_a-exit.o) (__stdio_exit_handler)
D:/ARM/14.2 rel1/bin/../lib/gcc/arm-none-eabi/14.2.1/thumb/v7-m/nofp\libg.a(libc_a-fwalk.o)
                              D:/ARM/14.2 rel1/bin/../lib/gcc/arm-none-eabi/14.2.1/thumb/v7-m/nofp\libg.a(libc_a-findfp.o) (_fwalk_sglue)
D:/ARM/14.2 rel1/bin/../lib/gcc/arm-none-eabi/14.2.1/thumb/v7-m/nofp\libg.a(libc_a-sprintf.o)
                              CMakeFiles/1_TI_C.elf.dir/Core/Src/main.c.obj (sprintf)
D:/ARM/14.2 rel1/bin/../lib/gcc/arm-none-eabi/14.2.1/thumb/v7-m/nofp\libg.a(libc_a-stdio.o)
                              D:/ARM/14.2 rel1/bin/../lib/gcc/arm-none-eabi/14.2.1/thumb/v7-m/nofp\libg.a(libc_a-findfp.o) (__sread)
D:/ARM/14.2 rel1/bin/../lib/gcc/arm-none-eabi/14.2.1/thumb/v7-m/nofp\libg.a(libc_a-memcmp.o)
                              CMakeFiles/1_TI_C.elf.dir/Core/Src/oled.c.obj (memcmp)
D:/ARM/14.2 rel1/bin/../lib/gcc/arm-none-eabi/14.2.1/thumb/v7-m/nofp\libg.a(libc_a-memset.o)
                              D:/ARM/14.2 rel1/bin/../lib/gcc/arm-none-eabi/14.2.1/thumb/v7-m/nofp/crt0.o (memset)
D:/ARM/14.2 rel1/bin/../lib/gcc/arm-none-eabi/14.2.1/thumb/v7-m/nofp\libg.a(libc_a-closer.o)
                              D:/ARM/14.2 rel1/bin/../lib/gcc/arm-none-eabi/14.2.1/thumb/v7-m/nofp\libg.a(libc_a-stdio.o) (_close_r)
D:/ARM/14.2 rel1/bin/../lib/gcc/arm-none-eabi/14.2.1/thumb/v7-m/nofp\libg.a(libc_a-reent.o)
                              D:/ARM/14.2 rel1/bin/../lib/gcc/arm-none-eabi/14.2.1/thumb/v7-m/nofp\libg.a(libc_a-closer.o) (errno)
D:/ARM/14.2 rel1/bin/../lib/gcc/arm-none-eabi/14.2.1/thumb/v7-m/nofp\libg.a(libc_a-impure.o)
                              D:/ARM/14.2 rel1/bin/../lib/gcc/arm-none-eabi/14.2.1/thumb/v7-m/nofp\libg.a(libc_a-sprintf.o) (_impure_ptr)
D:/ARM/14.2 rel1/bin/../lib/gcc/arm-none-eabi/14.2.1/thumb/v7-m/nofp\libg.a(libc_a-lseekr.o)
                              D:/ARM/14.2 rel1/bin/../lib/gcc/arm-none-eabi/14.2.1/thumb/v7-m/nofp\libg.a(libc_a-stdio.o) (_lseek_r)
D:/ARM/14.2 rel1/bin/../lib/gcc/arm-none-eabi/14.2.1/thumb/v7-m/nofp\libg.a(libc_a-readr.o)
                              D:/ARM/14.2 rel1/bin/../lib/gcc/arm-none-eabi/14.2.1/thumb/v7-m/nofp\libg.a(libc_a-stdio.o) (_read_r)
D:/ARM/14.2 rel1/bin/../lib/gcc/arm-none-eabi/14.2.1/thumb/v7-m/nofp\libg.a(libc_a-writer.o)
                              D:/ARM/14.2 rel1/bin/../lib/gcc/arm-none-eabi/14.2.1/thumb/v7-m/nofp\libg.a(libc_a-stdio.o) (_write_r)
D:/ARM/14.2 rel1/bin/../lib/gcc/arm-none-eabi/14.2.1/thumb/v7-m/nofp\libg.a(libc_a-errno.o)
                              CMakeFiles/1_TI_C.elf.dir/Core/Src/syscalls.c.obj (__errno)
D:/ARM/14.2 rel1/bin/../lib/gcc/arm-none-eabi/14.2.1/thumb/v7-m/nofp\libg.a(libc_a-init.o)
                              D:/ARM/14.2 rel1/bin/../lib/gcc/arm-none-eabi/14.2.1/thumb/v7-m/nofp/crt0.o (__libc_init_array)
[...]
Memory Configuration

Name             Origin             Length             Attributes
RAM              0x20000000         0x00005000         xrw
FLASH            0x08000000         0x00010000         xr
*default*        0x00000000         0xffffffff

Linker script and memory map

LOAD D:/ARM/14.2 rel1/bin/../lib/gcc/arm-none-eabi/14.2.1/thumb/v7-m/nofp/crti.o
LOAD D:/ARM/14.2 rel1/bin/../lib/gcc/arm-none-eabi/14.2.1/thumb/v7-m/nofp/crtbegin.o
LOAD D:/ARM/14.2 rel1/bin/../lib/gcc/arm-none-eabi/14.2.1/thumb/v7-m/nofp/crt0.o
LOAD CMakeFiles/1_TI_C.elf.dir/Core/Src/PID.c.obj
LOAD CMakeFiles/1_TI_C.elf.dir/Core/Src/adc.c.obj
LOAD CMakeFiles/1_TI_C.elf.dir/Core/Src/dma.c.obj
LOAD CMakeFiles/1_TI_C.elf.dir/Core/Src/font.c.obj
LOAD CMakeFiles/1_TI_C.elf.dir/Core/Src/gpio.c.obj
LOAD CMakeFiles/1_TI_C.elf.dir/Core/Src/i2c.c.obj
LOAD CMakeFiles/1_TI_C.elf.dir/Core/Src/main.c.obj
LOAD CMakeFiles/1_TI_C.elf.dir/Core/Src/my_main.c.obj
LOAD CMakeFiles/1_TI_C.elf.dir/Core/Src/oled.c.obj
LOAD CMakeFiles/1_TI_C.elf.dir/Core/Src/stm32f1xx_hal_msp.c.obj
LOAD CMakeFiles/1_TI_C.elf.dir/Core/Src/stm32f1xx_it.c.obj
LOAD CMakeFiles/1_TI_C.elf.dir/Core/Src/syscalls.c.obj
LOAD CMakeFiles/1_TI_C.elf.dir/Core/Src/sysmem.c.obj
LOAD CMakeFiles/1_TI_C.elf.dir/Core/Src/system_stm32f1xx.c.obj
LOAD CMakeFiles/1_TI_C.elf.dir/Core/Src/tim.c.obj
LOAD CMakeFiles/1_TI_C.elf.dir/Core/Src/usart.c.obj
LOAD CMakeFiles/1_TI_C.elf.dir/Core/Startup/startup_stm32f103c8tx.s.obj
LOAD CMakeFiles/1_TI_C.elf.dir/Drivers/STM32F1xx_HAL_Driver/Src/stm32f1xx_hal.c.obj
LOAD CMakeFiles/1_TI_C.elf.dir/Drivers/STM32F1xx_HAL_Driver/Src/stm32f1xx_hal_adc.c.obj
LOAD CMakeFiles/1_TI_C.elf.dir/Drivers/STM32F1xx_HAL_Driver/Src/stm32f1xx_hal_adc_ex.c.obj
LOAD CMakeFiles/1_TI_C.elf.dir/Drivers/STM32F1xx_HAL_Driver/Src/stm32f1xx_hal_cortex.c.obj
LOAD CMakeFiles/1_TI_C.elf.dir/Drivers/STM32F1xx_HAL_Driver/Src/stm32f1xx_hal_dma.c.obj
LOAD CMakeFiles/1_TI_C.elf.dir/Drivers/STM32F1xx_HAL_Driver/Src/stm32f1xx_hal_exti.c.obj
LOAD CMakeFiles/1_TI_C.elf.dir/Drivers/STM32F1xx_HAL_Driver/Src/stm32f1xx_hal_flash.c.obj
LOAD CMakeFiles/1_TI_C.elf.dir/Drivers/STM32F1xx_HAL_Driver/Src/stm32f1xx_hal_flash_ex.c.obj
LOAD CMakeFiles/1_TI_C.elf.dir/Drivers/STM32F1xx_HAL_Driver/Src/stm32f1xx_hal_gpio.c.obj
LOAD CMakeFiles/1_TI_C.elf.dir/Drivers/STM32F1xx_HAL_Driver/Src/stm32f1xx_hal_gpio_ex.c.obj
LOAD CMakeFiles/1_TI_C.elf.dir/Drivers/STM32F1xx_HAL_Driver/Src/stm32f1xx_hal_i2c.c.obj
LOAD CMakeFiles/1_TI_C.elf.dir/Drivers/STM32F1xx_HAL_Driver/Src/stm32f1xx_hal_pwr.c.obj
LOAD CMakeFiles/1_TI_C.elf.dir/Drivers/STM32F1xx_HAL_Driver/Src/stm32f1xx_hal_rcc.c.obj
LOAD CMakeFiles/1_TI_C.elf.dir/Drivers/STM32F1xx_HAL_Driver/Src/stm32f1xx_hal_rcc_ex.c.obj
LOAD CMakeFiles/1_TI_C.elf.dir/Drivers/STM32F1xx_HAL_Driver/Src/stm32f1xx_hal_tim.c.obj
LOAD CMakeFiles/1_TI_C.elf.dir/Drivers/STM32F1xx_HAL_Driver/Src/stm32f1xx_hal_tim_ex.c.obj
LOAD CMakeFiles/1_TI_C.elf.dir/Drivers/STM32F1xx_HAL_Driver/Src/stm32f1xx_hal_uart.c.obj
START GROUP
LOAD D:/ARM/14.2 rel1/bin/../lib/gcc/arm-none-eabi/14.2.1/thumb/v7-m/nofp\libgcc.a
LOAD D:/ARM/14.2 rel1/bin/../lib/gcc/arm-none-eabi/14.2.1/thumb/v7-m/nofp\libg.a
LOAD D:/ARM/14.2 rel1/bin/../lib/gcc/arm-none-eabi/14.2.1/thumb/v7-m/nofp\libc.a
END GROUP
LOAD D:/ARM/14.2 rel1/bin/../lib/gcc/arm-none-eabi/14.2.1/thumb/v7-m/nofp/crtend.o
LOAD D:/ARM/14.2 rel1/bin/../lib/gcc/arm-none-eabi/14.2.1/thumb/v7-m/nofp/crtn.o
                0x20005000                        _estack = (ORIGIN (RAM) + LENGTH (RAM))
                0x00000200                        _Min_Heap_Size = 0x200
                0x00000400                        _Min_Stack_Size = 0x400

.isr_vector     0x08000000      0x10c
                0x08000000                        . = ALIGN (0x4)
 *(.isr_vector)
 .isr_vector    0x08000000      0x10c CMakeFiles/1_TI_C.elf.dir/Core/Startup/startup_stm32f103c8tx.s.obj
                0x08000000                g_pfnVectors
                0x0800010c                        . = ALIGN (0x4)

.text           0x08000110     0xc334
                0x08000110                        . = ALIGN (0x4)
 *(.text)
 .text          0x08000110      0x378 D:/ARM/14.2 rel1/bin/../lib/gcc/arm-none-eabi/14.2.1/thumb/v7-m/nofp\libgcc.a(_arm_addsubdf3.o)
                0x08000110                __aeabi_drsub
                0x08000118                __aeabi_dsub
                0x08000118                __subdf3
                0x0800011c                __aeabi_dadd
                0x0800011c                __adddf3
                0x08000394                __floatunsidf
                0x08000394                __aeabi_ui2d
                0x080003b4                __floatsidf
                0x080003b4                __aeabi_i2d
                0x080003d8                __aeabi_f2d
                0x080003d8                __extendsfdf2
                0x0800041c                __floatundidf
                0x0800041c                __aeabi_ul2d
                0x0800042c                __floatdidf
                0x0800042c                __aeabi_l2d
 .text          0x08000488      0x424 D:/ARM/14.2 rel1/bin/../lib/gcc/arm-none-eabi/14.2.1/thumb/v7-m/nofp\libgcc.a(_arm_muldivdf3.o)
                0x08000488                __aeabi_dmul
                0x08000488                __muldf3
                0x080006dc                __divdf3
                0x080006dc                __aeabi_ddiv
 .text          0x080008ac       0x50 D:/ARM/14.2 rel1/bin/../lib/gcc/arm-none-eabi/14.2.1/thumb/v7-m/nofp\libgcc.a(_arm_fixdfsi.o)
                0x080008ac                __aeabi_d2iz
                0x080008ac                __fixdfsi
 .text          0x080008fc      0x21c D:/ARM/14.2 rel1/bin/../lib/gcc/arm-none-eabi/14.2.1/thumb/v7-m/nofp\libgcc.a(_arm_addsubsf3.o)
                0x080008fc                __aeabi_frsub
                0x08000904                __subsf3
                0x08000904                __aeabi_fsub
                0x08000908                __aeabi_fadd
                0x08000908                __addsf3
                0x08000a68                __aeabi_ui2f
                0x08000a68                __floatunsisf
                0x08000a70                __aeabi_i2f
                0x08000a70                __floatsisf
                0x08000a8c                __aeabi_ul2f
                0x08000a8c                __floatundisf
                0x08000a9c                __aeabi_l2f
                0x08000a9c                __floatdisf
 .text          0x08000b18      0x2a0 D:/ARM/14.2 rel1/bin/../lib/gcc/arm-none-eabi/14.2.1/thumb/v7-m/nofp\libgcc.a(_arm_muldivsf3.o)
                0x08000b18                __mulsf3
                0x08000b18                __aeabi_fmul
                0x08000c80                __aeabi_fdiv
                0x08000c80                __divsf3
 .text          0x08000db8       0xec D:/ARM/14.2 rel1/bin/../lib/gcc/arm-none-eabi/14.2.1/thumb/v7-m/nofp\libgcc.a(_arm_cmpsf2.o)
                0x08000db8                __gesf2
                0x08000db8                __gtsf2
                0x08000dc0                __lesf2
                0x08000dc0                __ltsf2
                0x08000dc8                __nesf2
                0x08000dc8                __eqsf2
                0x08000dc8                __cmpsf2
                0x08000e28                __aeabi_cfrcmple
                0x08000e30                __aeabi_cfcmpeq
                0x08000e30                __aeabi_cfcmple
                0x08000e40                __aeabi_fcmpeq
                0x08000e54                __aeabi_fcmplt
                0x08000e68                __aeabi_fcmple
                0x08000e7c                __aeabi_fcmpge
                0x08000e90                __aeabi_fcmpgt
 .text          0x08000ea4       0x4c D:/ARM/14.2 rel1/bin/../lib/gcc/arm-none-eabi/14.2.1/thumb/v7-m/nofp\libgcc.a(_arm_fixsfsi.o)
                0x08000ea4                __aeabi_f2iz
                0x08000ea4                __fixsfsi
 .text          0x08000ef0       0xec D:/ARM/14.2 rel1/bin/../lib/gcc/arm-none-eabi/14.2.1/thumb/v7-m/nofp\libg.a(libc_a-memcpy.o)
                0x08000ef0                memcpy
 .text          0x08000fdc      0x110 D:/ARM/14.2 rel1/bin/../lib/gcc/arm-none-eabi/14.2.1/thumb/v7-m/nofp\libgcc.a(_arm_cmpdf2.o)
                0x08000fdc                __gtdf2
                0x08000fdc                __gedf2
                0x08000fe4                __ltdf2
                0x08000fe4                __ledf2
                0x08000fec                __nedf2
                0x08000fec                __eqdf2
                0x08000fec                __cmpdf2
                0x08001068                __aeabi_cdrcmple
                0x08001078                __aeabi_cdcmpeq
                0x08001078                __aeabi_cdcmple
                0x08001088                __aeabi_dcmpeq
                0x0800109c                __aeabi_dcmplt
                0x080010b0                __aeabi_dcmple
                0x080010c4                __aeabi_dcmpge
                0x080010d8                __aeabi_dcmpgt
 .text          0x080010ec       0x2c D:/ARM/14.2 rel1/bin/../lib/gcc/arm-none-eabi/14.2.1/thumb/v7-m/nofp\libgcc.a(_arm_unorddf2.o)
                0x080010ec                __unorddf2
                0x080010ec                __aeabi_dcmpun
 *(.text*)
 .text.deregister_tm_clones
                0x08001118       0x1c D:/ARM/14.2 rel1/bin/../lib/gcc/arm-none-eabi/14.2.1/thumb/v7-m/nofp/crtbegin.o
 .text.register_tm_clones
                0x08001134       0x24 D:/ARM/14.2 rel1/bin/../lib/gcc/arm-none-eabi/14.2.1/thumb/v7-m/nofp/crtbegin.o
 .text.__do_global_dtors_aux
                0x08001158       0x28 D:/ARM/14.2 rel1/bin/../lib/gcc/arm-none-eabi/14.2.1/thumb/v7-m/nofp/crtbegin.o
 .text.frame_dummy
                0x08001180       0x24 D:/ARM/14.2 rel1/bin/../lib/gcc/arm-none-eabi/14.2.1/thumb/v7-m/nofp/crtbegin.o
 .text.PID_Init
                0x080011a4       0x18 CMakeFiles/1_TI_C.elf.dir/Core/Src/PID.c.obj
                0x080011a4                PID_Init
 .text.PID_Calculate
                0x080011bc       0x56 CMakeFiles/1_TI_C.elf.dir/Core/Src/PID.c.obj
                0x080011bc                PID_Calculate
 *fill*         0x08001212        0x2 
 .text.MX_ADC1_Init
                0x08001214       0x5c CMakeFiles/1_TI_C.elf.dir/Core/Src/adc.c.obj
                0x08001214                MX_ADC1_Init
 .text.HAL_ADC_MspInit
                0x08001270       0x60 CMakeFiles/1_TI_C.elf.dir/Core/Src/adc.c.obj
                0x08001270                HAL_ADC_MspInit
 .text.MX_DMA_Init
                0x080012d0       0x44 CMakeFiles/1_TI_C.elf.dir/Core/Src/dma.c.obj
                0x080012d0                MX_DMA_Init
 .text.MX_GPIO_Init
                0x08001314       0xf0 CMakeFiles/1_TI_C.elf.dir/Core/Src/gpio.c.obj
                0x08001314                MX_GPIO_Init
 .text.MX_I2C1_Init
                0x08001404       0x3c CMakeFiles/1_TI_C.elf.dir/Core/Src/i2c.c.obj
                0x08001404                MX_I2C1_Init
 .text.MX_I2C2_Init
                0x08001440       0x3c CMakeFiles/1_TI_C.elf.dir/Core/Src/i2c.c.obj
                0x08001440                MX_I2C2_Init
 .text.HAL_I2C_MspInit
                0x0800147c       0xc0 CMakeFiles/1_TI_C.elf.dir/Core/Src/i2c.c.obj
                0x0800147c                HAL_I2C_MspInit
 .text.HAL_UARTEx_RxEventCallback
                0x0800153c       0x38 CMakeFiles/1_TI_C.elf.dir/Core/Src/main.c.obj
                0x0800153c                HAL_UARTEx_RxEventCallback
 .text.HAL_GPIO_EXTI_Callback
                0x08001574       0x94 CMakeFiles/1_TI_C.elf.dir/Core/Src/main.c.obj
                0x08001574                HAL_GPIO_EXTI_Callback
 .text.encoder_to_angle
                0x08001608       0x50 CMakeFiles/1_TI_C.elf.dir/Core/Src/main.c.obj
                0x08001608                encoder_to_angle
 .text.angle_to_screen
                0x08001658       0x20 CMakeFiles/1_TI_C.elf.dir/Core/Src/main.c.obj
                0x08001658                angle_to_screen
 .text.Error_Handler
                0x08001678        0x4 CMakeFiles/1_TI_C.elf.dir/Core/Src/main.c.obj
                0x08001678                Error_Handler
 .text.SystemClock_Config
                0x0800167c       0x82 CMakeFiles/1_TI_C.elf.dir/Core/Src/main.c.obj
                0x0800167c                SystemClock_Config
 *fill*         0x080016fe        0x2 
 .text.main     0x08001700      0x3f0 CMakeFiles/1_TI_C.elf.dir/Core/Src/main.c.obj
                0x08001700                main
 .text.ADC_Read
                0x08001af0       0x68 CMakeFiles/1_TI_C.elf.dir/Core/Src/my_main.c.obj
                0x08001af0                ADC_Read
 .text.encoder_speed
                0x08001b58       0x14 CMakeFiles/1_TI_C.elf.dir/Core/Src/my_main.c.obj
                0x08001b58                encoder_speed
 .text.Load     0x08001b6c       0x60 CMakeFiles/1_TI_C.elf.dir/Core/Src/my_main.c.obj
                0x08001b6c                Load
 .text.HAL_TIM_PeriodElapsedCallback
                0x08001bcc      0x248 CMakeFiles/1_TI_C.elf.dir/Core/Src/my_main.c.obj
                0x08001bcc                HAL_TIM_PeriodElapsedCallback
 .text.OLED_Send
                0x08001e14       0x20 CMakeFiles/1_TI_C.elf.dir/Core/Src/oled.c.obj
                0x08001e14                OLED_Send
 .text.OLED_SendCmd
                0x08001e34       0x14 CMakeFiles/1_TI_C.elf.dir/Core/Src/oled.c.obj
                0x08001e34                OLED_SendCmd
 .text.OLED_NewFrame
                0x08001e48       0x14 CMakeFiles/1_TI_C.elf.dir/Core/Src/oled.c.obj
                0x08001e48                OLED_NewFrame
 .text.OLED_ShowFrame
                0x08001e5c       0x50 CMakeFiles/1_TI_C.elf.dir/Core/Src/oled.c.obj
                0x08001e5c                OLED_ShowFrame
 .text.OLED_Init
                0x08001eac       0xb4 CMakeFiles/1_TI_C.elf.dir/Core/Src/oled.c.obj
                0x08001eac                OLED_Init
 .text.OLED_SetPixel
                0x08001f60       0x4c CMakeFiles/1_TI_C.elf.dir/Core/Src/oled.c.obj
                0x08001f60                OLED_SetPixel
 .text.OLED_SetByte_Fine
                0x08001fac       0x74 CMakeFiles/1_TI_C.elf.dir/Core/Src/oled.c.obj
                0x08001fac                OLED_SetByte_Fine
 .text.OLED_SetBits_Fine
                0x08002020       0x78 CMakeFiles/1_TI_C.elf.dir/Core/Src/oled.c.obj
                0x08002020                OLED_SetBits_Fine
 .text.OLED_SetBits
                0x08002098       0x4e CMakeFiles/1_TI_C.elf.dir/Core/Src/oled.c.obj
                0x08002098                OLED_SetBits
 .text.OLED_SetBlock
                0x080020e6       0x8e CMakeFiles/1_TI_C.elf.dir/Core/Src/oled.c.obj
                0x080020e6                OLED_SetBlock
 .text.OLED_DrawLine
                0x08002174      0x120 CMakeFiles/1_TI_C.elf.dir/Core/Src/oled.c.obj
                0x08002174                OLED_DrawLine
 .text.OLED_PrintASCIIChar
                0x08002294       0x2c CMakeFiles/1_TI_C.elf.dir/Core/Src/oled.c.obj
                0x08002294                OLED_PrintASCIIChar
 .text._OLED_GetUTF8Len
                0x080022c0       0x36 CMakeFiles/1_TI_C.elf.dir/Core/Src/oled.c.obj
                0x080022c0                _OLED_GetUTF8Len
 .text.OLED_PrintString
                0x080022f6       0xf0 CMakeFiles/1_TI_C.elf.dir/Core/Src/oled.c.obj
                0x080022f6                OLED_PrintString
 *fill*         0x080023e6        0x2 
 .text.HAL_MspInit
                0x080023e8       0x44 CMakeFiles/1_TI_C.elf.dir/Core/Src/stm32f1xx_hal_msp.c.obj
                0x080023e8                HAL_MspInit
 .text.NMI_Handler
                0x0800242c        0x2 CMakeFiles/1_TI_C.elf.dir/Core/Src/stm32f1xx_it.c.obj
                0x0800242c                NMI_Handler
 .text.HardFault_Handler
                0x0800242e        0x2 CMakeFiles/1_TI_C.elf.dir/Core/Src/stm32f1xx_it.c.obj
                0x0800242e                HardFault_Handler
 .text.MemManage_Handler
                0x08002430        0x2 CMakeFiles/1_TI_C.elf.dir/Core/Src/stm32f1xx_it.c.obj
                0x08002430                MemManage_Handler
 .text.BusFault_Handler
                0x08002432        0x2 CMakeFiles/1_TI_C.elf.dir/Core/Src/stm32f1xx_it.c.obj
                0x08002432                BusFault_Handler
 .text.UsageFault_Handler
                0x08002434        0x2 CMakeFiles/1_TI_C.elf.dir/Core/Src/stm32f1xx_it.c.obj
                0x08002434                UsageFault_Handler
 .text.SVC_Handler
                0x08002436        0x2 CMakeFiles/1_TI_C.elf.dir/Core/Src/stm32f1xx_it.c.obj
                0x08002436                SVC_Handler
 .text.DebugMon_Handler
                0x08002438        0x2 CMakeFiles/1_TI_C.elf.dir/Core/Src/stm32f1xx_it.c.obj
                0x08002438                DebugMon_Handler
 .text.PendSV_Handler
                0x0800243a        0x2 CMakeFiles/1_TI_C.elf.dir/Core/Src/stm32f1xx_it.c.obj
                0x0800243a                PendSV_Handler
 .text.SysTick_Handler
                0x0800243c        0x8 CMakeFiles/1_TI_C.elf.dir/Core/Src/stm32f1xx_it.c.obj
                0x0800243c                SysTick_Handler
 .text.EXTI3_IRQHandler
                0x08002444        0xa CMakeFiles/1_TI_C.elf.dir/Core/Src/stm32f1xx_it.c.obj
                0x08002444                EXTI3_IRQHandler
 .text.EXTI4_IRQHandler
                0x0800244e        0xa CMakeFiles/1_TI_C.elf.dir/Core/Src/stm32f1xx_it.c.obj
                0x0800244e                EXTI4_IRQHandler
 .text.DMA1_Channel6_IRQHandler
                0x08002458       0x10 CMakeFiles/1_TI_C.elf.dir/Core/Src/stm32f1xx_it.c.obj
                0x08002458                DMA1_Channel6_IRQHandler
 .text.DMA1_Channel7_IRQHandler
                0x08002468       0x10 CMakeFiles/1_TI_C.elf.dir/Core/Src/stm32f1xx_it.c.obj
                0x08002468                DMA1_Channel7_IRQHandler
 .text.EXTI9_5_IRQHandler
                0x08002478        0xa CMakeFiles/1_TI_C.elf.dir/Core/Src/stm32f1xx_it.c.obj
                0x08002478                EXTI9_5_IRQHandler
 *fill*         0x08002482        0x2 
 .text.TIM2_IRQHandler
                0x08002484       0x10 CMakeFiles/1_TI_C.elf.dir/Core/Src/stm32f1xx_it.c.obj
                0x08002484                TIM2_IRQHandler
 .text.USART2_IRQHandler
                0x08002494       0x10 CMakeFiles/1_TI_C.elf.dir/Core/Src/stm32f1xx_it.c.obj
                0x08002494                USART2_IRQHandler
 .text.EXTI15_10_IRQHandler
                0x080024a4       0x14 CMakeFiles/1_TI_C.elf.dir/Core/Src/stm32f1xx_it.c.obj
                0x080024a4                EXTI15_10_IRQHandler
 .text._getpid  0x080024b8        0x4 CMakeFiles/1_TI_C.elf.dir/Core/Src/syscalls.c.obj
                0x080024b8                _getpid
 .text._kill    0x080024bc       0x10 CMakeFiles/1_TI_C.elf.dir/Core/Src/syscalls.c.obj
                0x080024bc                _kill
 .text._exit    0x080024cc        0xc CMakeFiles/1_TI_C.elf.dir/Core/Src/syscalls.c.obj
                0x080024cc                _exit
 .text._read    0x080024d8       0x20 CMakeFiles/1_TI_C.elf.dir/Core/Src/syscalls.c.obj
                0x080024d8                _read
 .text._write   0x080024f8       0x1c CMakeFiles/1_TI_C.elf.dir/Core/Src/syscalls.c.obj
                0x080024f8                _write
 .text._close   0x08002514        0x6 CMakeFiles/1_TI_C.elf.dir/Core/Src/syscalls.c.obj
                0x08002514                _close
 .text._fstat   0x0800251a        0xa CMakeFiles/1_TI_C.elf.dir/Core/Src/syscalls.c.obj
                0x0800251a                _fstat
 .text._isatty  0x08002524        0x4 CMakeFiles/1_TI_C.elf.dir/Core/Src/syscalls.c.obj
                0x08002524                _isatty
 .text._lseek   0x08002528        0x4 CMakeFiles/1_TI_C.elf.dir/Core/Src/syscalls.c.obj
                0x08002528                _lseek
 .text._sbrk    0x0800252c       0x48 CMakeFiles/1_TI_C.elf.dir/Core/Src/sysmem.c.obj
                0x0800252c                _sbrk
 .text.SystemInit
                0x08002574        0x2 CMakeFiles/1_TI_C.elf.dir/Core/Src/system_stm32f1xx.c.obj
                0x08002574                SystemInit
 *fill*         0x08002576        0x2 
 .text.MX_TIM2_Init
                0x08002578       0x6c CMakeFiles/1_TI_C.elf.dir/Core/Src/tim.c.obj
                0x08002578                MX_TIM2_Init
 .text.MX_TIM3_Init
                0x080025e4       0x64 CMakeFiles/1_TI_C.elf.dir/Core/Src/tim.c.obj
                0x080025e4                MX_TIM3_Init
 .text.HAL_TIM_Base_MspInit
                0x08002648       0x60 CMakeFiles/1_TI_C.elf.dir/Core/Src/tim.c.obj
                0x08002648                HAL_TIM_Base_MspInit
 .text.HAL_TIM_Encoder_MspInit
                0x080026a8       0x5c CMakeFiles/1_TI_C.elf.dir/Core/Src/tim.c.obj
                0x080026a8                HAL_TIM_Encoder_MspInit
 .text.HAL_TIM_MspPostInit
                0x08002704       0x50 CMakeFiles/1_TI_C.elf.dir/Core/Src/tim.c.obj
                0x08002704                HAL_TIM_MspPostInit
 .text.MX_TIM4_Init
                0x08002754       0xac CMakeFiles/1_TI_C.elf.dir/Core/Src/tim.c.obj
                0x08002754                MX_TIM4_Init
 .text.MX_USART2_UART_Init
                0x08002800       0x34 CMakeFiles/1_TI_C.elf.dir/Core/Src/usart.c.obj
                0x08002800                MX_USART2_UART_Init
 .text.HAL_UART_MspInit
                0x08002834       0xec CMakeFiles/1_TI_C.elf.dir/Core/Src/usart.c.obj
                0x08002834                HAL_UART_MspInit
 .text.Reset_Handler
                0x08002920       0x48 CMakeFiles/1_TI_C.elf.dir/Core/Startup/startup_stm32f103c8tx.s.obj
                0x08002920                Reset_Handler
 .text.Default_Handler
                0x08002968        0x2 CMakeFiles/1_TI_C.elf.dir/Core/Startup/startup_stm32f103c8tx.s.obj
                0x08002968                RTC_Alarm_IRQHandler
                0x08002968                EXTI2_IRQHandler
                0x08002968                TIM1_CC_IRQHandler
                0x08002968                PVD_IRQHandler
                0x08002968                EXTI0_IRQHandler
                0x08002968                I2C2_EV_IRQHandler
                0x08002968                ADC1_2_IRQHandler
                0x08002968                SPI1_IRQHandler
                0x08002968                TAMPER_IRQHandler
                0x08002968                DMA1_Channel4_IRQHandler
                0x08002968                USART3_IRQHandler
                0x08002968                RTC_IRQHandler
                0x08002968                CAN1_RX1_IRQHandler
                0x08002968                TIM4_IRQHandler
                0x08002968                I2C1_EV_IRQHandler
                0x08002968                TIM3_IRQHandler
                0x08002968                RCC_IRQHandler
                0x08002968                TIM1_TRG_COM_IRQHandler
                0x08002968                DMA1_Channel1_IRQHandler
                0x08002968                Default_Handler
                0x08002968                SPI2_IRQHandler
                0x08002968                DMA1_Channel5_IRQHandler
                0x08002968                USB_LP_CAN1_RX0_IRQHandler
                0x08002968                USB_HP_CAN1_TX_IRQHandler
                0x08002968                DMA1_Channel3_IRQHandler
                0x08002968                TIM1_UP_IRQHandler
                0x08002968                WWDG_IRQHandler
                0x08002968                TIM1_BRK_IRQHandler
                0x08002968                EXTI1_IRQHandler
                0x08002968                I2C2_ER_IRQHandler
                0x08002968                DMA1_Channel2_IRQHandler
                0x08002968                CAN1_SCE_IRQHandler
                0x08002968                FLASH_IRQHandler
                0x08002968                USART1_IRQHandler
                0x08002968                I2C1_ER_IRQHandler
                0x08002968                USBWakeUp_IRQHandler
 *fill*         0x0800296a        0x2 
 .text.HAL_InitTick
                0x0800296c       0x4c CMakeFiles/1_TI_C.elf.dir/Drivers/STM32F1xx_HAL_Driver/Src/stm32f1xx_hal.c.obj
                0x0800296c                HAL_InitTick
 .text.HAL_Init
                0x080029b8       0x24 CMakeFiles/1_TI_C.elf.dir/Drivers/STM32F1xx_HAL_Driver/Src/stm32f1xx_hal.c.obj
                0x080029b8                HAL_Init
 .text.HAL_IncTick
                0x080029dc       0x18 CMakeFiles/1_TI_C.elf.dir/Drivers/STM32F1xx_HAL_Driver/Src/stm32f1xx_hal.c.obj
                0x080029dc                HAL_IncTick
 .text.HAL_GetTick
                0x080029f4        0xc CMakeFiles/1_TI_C.elf.dir/Drivers/STM32F1xx_HAL_Driver/Src/stm32f1xx_hal.c.obj
                0x080029f4                HAL_GetTick
 .text.HAL_ADC_PollForConversion
                0x08002a00      0x184 CMakeFiles/1_TI_C.elf.dir/Drivers/STM32F1xx_HAL_Driver/Src/stm32f1xx_hal_adc.c.obj
                0x08002a00                HAL_ADC_PollForConversion
 .text.HAL_ADC_GetValue
                0x08002b84        0x6 CMakeFiles/1_TI_C.elf.dir/Drivers/STM32F1xx_HAL_Driver/Src/stm32f1xx_hal_adc.c.obj
                0x08002b84                HAL_ADC_GetValue
 *fill*         0x08002b8a        0x2 
 .text.HAL_ADC_ConfigChannel
                0x08002b8c      0x140 CMakeFiles/1_TI_C.elf.dir/Drivers/STM32F1xx_HAL_Driver/Src/stm32f1xx_hal_adc.c.obj
                0x08002b8c                HAL_ADC_ConfigChannel
 .text.ADC_Enable
                0x08002ccc       0x88 CMakeFiles/1_TI_C.elf.dir/Drivers/STM32F1xx_HAL_Driver/Src/stm32f1xx_hal_adc.c.obj
                0x08002ccc                ADC_Enable
 .text.HAL_ADC_Start
                0x08002d54       0xe8 CMakeFiles/1_TI_C.elf.dir/Drivers/STM32F1xx_HAL_Driver/Src/stm32f1xx_hal_adc.c.obj
                0x08002d54                HAL_ADC_Start
 .text.ADC_ConversionStop_Disable
                0x08002e3c       0x56 CMakeFiles/1_TI_C.elf.dir/Drivers/STM32F1xx_HAL_Driver/Src/stm32f1xx_hal_adc.c.obj
                0x08002e3c                ADC_ConversionStop_Disable
 *fill*         0x08002e92        0x2 
 .text.HAL_ADC_Init
                0x08002e94      0x108 CMakeFiles/1_TI_C.elf.dir/Drivers/STM32F1xx_HAL_Driver/Src/stm32f1xx_hal_adc.c.obj
                0x08002e94                HAL_ADC_Init
 .text.HAL_ADCEx_Calibration_Start
                0x08002f9c      0x100 CMakeFiles/1_TI_C.elf.dir/Drivers/STM32F1xx_HAL_Driver/Src/stm32f1xx_hal_adc_ex.c.obj
                0x08002f9c                HAL_ADCEx_Calibration_Start
 .text.__NVIC_SetPriority
                0x0800309c       0x28 CMakeFiles/1_TI_C.elf.dir/Drivers/STM32F1xx_HAL_Driver/Src/stm32f1xx_hal_cortex.c.obj
 .text.NVIC_EncodePriority
                0x080030c4       0x3e CMakeFiles/1_TI_C.elf.dir/Drivers/STM32F1xx_HAL_Driver/Src/stm32f1xx_hal_cortex.c.obj
 *fill*         0x08003102        0x2 
 .text.HAL_NVIC_SetPriorityGrouping
                0x08003104       0x24 CMakeFiles/1_TI_C.elf.dir/Drivers/STM32F1xx_HAL_Driver/Src/stm32f1xx_hal_cortex.c.obj
                0x08003104                HAL_NVIC_SetPriorityGrouping
 .text.HAL_NVIC_SetPriority
                0x08003128       0x20 CMakeFiles/1_TI_C.elf.dir/Drivers/STM32F1xx_HAL_Driver/Src/stm32f1xx_hal_cortex.c.obj
                0x08003128                HAL_NVIC_SetPriority
 .text.HAL_NVIC_EnableIRQ
                0x08003148       0x1c CMakeFiles/1_TI_C.elf.dir/Drivers/STM32F1xx_HAL_Driver/Src/stm32f1xx_hal_cortex.c.obj
                0x08003148                HAL_NVIC_EnableIRQ
 .text.HAL_SYSTICK_Config
                0x08003164       0x28 CMakeFiles/1_TI_C.elf.dir/Drivers/STM32F1xx_HAL_Driver/Src/stm32f1xx_hal_cortex.c.obj
                0x08003164                HAL_SYSTICK_Config
 .text.DMA_SetConfig
                0x0800318c       0x2c CMakeFiles/1_TI_C.elf.dir/Drivers/STM32F1xx_HAL_Driver/Src/stm32f1xx_hal_dma.c.obj
 .text.HAL_DMA_Init
                0x080031b8       0x68 CMakeFiles/1_TI_C.elf.dir/Drivers/STM32F1xx_HAL_Driver/Src/stm32f1xx_hal_dma.c.obj
                0x080031b8                HAL_DMA_Init
 .text.HAL_DMA_Start_IT
                0x08003220       0x74 CMakeFiles/1_TI_C.elf.dir/Drivers/STM32F1xx_HAL_Driver/Src/stm32f1xx_hal_dma.c.obj
                0x08003220                HAL_DMA_Start_IT
 .text.HAL_DMA_Abort
                0x08003294       0x44 CMakeFiles/1_TI_C.elf.dir/Drivers/STM32F1xx_HAL_Driver/Src/stm32f1xx_hal_dma.c.obj
                0x08003294                HAL_DMA_Abort
 .text.HAL_DMA_Abort_IT
                0x080032d8       0x98 CMakeFiles/1_TI_C.elf.dir/Drivers/STM32F1xx_HAL_Driver/Src/stm32f1xx_hal_dma.c.obj
                0x080032d8                HAL_DMA_Abort_IT
 .text.HAL_DMA_IRQHandler
                0x08003370      0x144 CMakeFiles/1_TI_C.elf.dir/Drivers/STM32F1xx_HAL_Driver/Src/stm32f1xx_hal_dma.c.obj
                0x08003370                HAL_DMA_IRQHandler
 .text.HAL_GPIO_Init
                0x080034b4      0x214 CMakeFiles/1_TI_C.elf.dir/Drivers/STM32F1xx_HAL_Driver/Src/stm32f1xx_hal_gpio.c.obj
                0x080034b4                HAL_GPIO_Init
 .text.HAL_GPIO_WritePin
                0x080036c8        0xc CMakeFiles/1_TI_C.elf.dir/Drivers/STM32F1xx_HAL_Driver/Src/stm32f1xx_hal_gpio.c.obj
                0x080036c8                HAL_GPIO_WritePin
 .text.HAL_GPIO_EXTI_IRQHandler
                0x080036d4       0x1c CMakeFiles/1_TI_C.elf.dir/Drivers/STM32F1xx_HAL_Driver/Src/stm32f1xx_hal_gpio.c.obj
                0x080036d4                HAL_GPIO_EXTI_IRQHandler
 .text.I2C_IsAcknowledgeFailed
                0x080036f0       0x32 CMakeFiles/1_TI_C.elf.dir/Drivers/STM32F1xx_HAL_Driver/Src/stm32f1xx_hal_i2c.c.obj
 .text.I2C_WaitOnFlagUntilTimeout
                0x08003722       0xaa CMakeFiles/1_TI_C.elf.dir/Drivers/STM32F1xx_HAL_Driver/Src/stm32f1xx_hal_i2c.c.obj
 .text.I2C_WaitOnMasterAddressFlagUntilTimeout
                0x080037cc       0xd6 CMakeFiles/1_TI_C.elf.dir/Drivers/STM32F1xx_HAL_Driver/Src/stm32f1xx_hal_i2c.c.obj
 *fill*         0x080038a2        0x2 
 .text.I2C_MasterRequestWrite
                0x080038a4       0xb4 CMakeFiles/1_TI_C.elf.dir/Drivers/STM32F1xx_HAL_Driver/Src/stm32f1xx_hal_i2c.c.obj
 .text.I2C_WaitOnTXEFlagUntilTimeout
                0x08003958       0x5e CMakeFiles/1_TI_C.elf.dir/Drivers/STM32F1xx_HAL_Driver/Src/stm32f1xx_hal_i2c.c.obj
 .text.I2C_WaitOnBTFFlagUntilTimeout
                0x080039b6       0x5e CMakeFiles/1_TI_C.elf.dir/Drivers/STM32F1xx_HAL_Driver/Src/stm32f1xx_hal_i2c.c.obj
 .text.HAL_I2C_Init
                0x08003a14      0x1bc CMakeFiles/1_TI_C.elf.dir/Drivers/STM32F1xx_HAL_Driver/Src/stm32f1xx_hal_i2c.c.obj
                0x08003a14                HAL_I2C_Init
 .text.HAL_I2C_Master_Transmit
                0x08003bd0      0x174 CMakeFiles/1_TI_C.elf.dir/Drivers/STM32F1xx_HAL_Driver/Src/stm32f1xx_hal_i2c.c.obj
                0x08003bd0                HAL_I2C_Master_Transmit
 .text.RCC_Delay
                0x08003d44       0x2c CMakeFiles/1_TI_C.elf.dir/Drivers/STM32F1xx_HAL_Driver/Src/stm32f1xx_hal_rcc.c.obj
 .text.HAL_RCC_OscConfig
                0x08003d70      0x410 CMakeFiles/1_TI_C.elf.dir/Drivers/STM32F1xx_HAL_Driver/Src/stm32f1xx_hal_rcc.c.obj
                0x08003d70                HAL_RCC_OscConfig
 .text.HAL_RCC_GetSysClockFreq
                0x08004180       0x54 CMakeFiles/1_TI_C.elf.dir/Drivers/STM32F1xx_HAL_Driver/Src/stm32f1xx_hal_rcc.c.obj
                0x08004180                HAL_RCC_GetSysClockFreq
 .text.HAL_RCC_ClockConfig
                0x080041d4      0x16c CMakeFiles/1_TI_C.elf.dir/Drivers/STM32F1xx_HAL_Driver/Src/stm32f1xx_hal_rcc.c.obj
                0x080041d4                HAL_RCC_ClockConfig
 .text.HAL_RCC_GetHCLKFreq
                0x08004340        0xc CMakeFiles/1_TI_C.elf.dir/Drivers/STM32F1xx_HAL_Driver/Src/stm32f1xx_hal_rcc.c.obj
                0x08004340                HAL_RCC_GetHCLKFreq
 .text.HAL_RCC_GetPCLK1Freq
                0x0800434c       0x20 CMakeFiles/1_TI_C.elf.dir/Drivers/STM32F1xx_HAL_Driver/Src/stm32f1xx_hal_rcc.c.obj
                0x0800434c                HAL_RCC_GetPCLK1Freq
 .text.HAL_RCC_GetPCLK2Freq
                0x0800436c       0x20 CMakeFiles/1_TI_C.elf.dir/Drivers/STM32F1xx_HAL_Driver/Src/stm32f1xx_hal_rcc.c.obj
                0x0800436c                HAL_RCC_GetPCLK2Freq
 .text.HAL_RCCEx_PeriphCLKConfig
                0x0800438c      0x118 CMakeFiles/1_TI_C.elf.dir/Drivers/STM32F1xx_HAL_Driver/Src/stm32f1xx_hal_rcc_ex.c.obj
                0x0800438c                HAL_RCCEx_PeriphCLKConfig
 .text.HAL_RCCEx_GetPeriphCLKFreq
                0x080044a4       0xd8 CMakeFiles/1_TI_C.elf.dir/Drivers/STM32F1xx_HAL_Driver/Src/stm32f1xx_hal_rcc_ex.c.obj
                0x080044a4                HAL_RCCEx_GetPeriphCLKFreq
 .text.TIM_OC1_SetConfig
                0x0800457c       0x54 CMakeFiles/1_TI_C.elf.dir/Drivers/STM32F1xx_HAL_Driver/Src/stm32f1xx_hal_tim.c.obj
 .text.TIM_OC3_SetConfig
                0x080045d0       0x5c CMakeFiles/1_TI_C.elf.dir/Drivers/STM32F1xx_HAL_Driver/Src/stm32f1xx_hal_tim.c.obj
 .text.TIM_OC4_SetConfig
                0x0800462c       0x48 CMakeFiles/1_TI_C.elf.dir/Drivers/STM32F1xx_HAL_Driver/Src/stm32f1xx_hal_tim.c.obj
 .text.TIM_TI1_ConfigInputStage
                0x08004674       0x24 CMakeFiles/1_TI_C.elf.dir/Drivers/STM32F1xx_HAL_Driver/Src/stm32f1xx_hal_tim.c.obj
 .text.TIM_TI2_ConfigInputStage
                0x08004698       0x26 CMakeFiles/1_TI_C.elf.dir/Drivers/STM32F1xx_HAL_Driver/Src/stm32f1xx_hal_tim.c.obj
 .text.TIM_ITRx_SetConfig
                0x080046be       0x10 CMakeFiles/1_TI_C.elf.dir/Drivers/STM32F1xx_HAL_Driver/Src/stm32f1xx_hal_tim.c.obj
 *fill*         0x080046ce        0x2 
 .text.HAL_TIM_Base_Start_IT
                0x080046d0       0x64 CMakeFiles/1_TI_C.elf.dir/Drivers/STM32F1xx_HAL_Driver/Src/stm32f1xx_hal_tim.c.obj
                0x080046d0                HAL_TIM_Base_Start_IT
 .text.HAL_TIM_PWM_MspInit
                0x08004734        0x2 CMakeFiles/1_TI_C.elf.dir/Drivers/STM32F1xx_HAL_Driver/Src/stm32f1xx_hal_tim.c.obj
                0x08004734                HAL_TIM_PWM_MspInit
 .text.HAL_TIM_OC_DelayElapsedCallback
                0x08004736        0x2 CMakeFiles/1_TI_C.elf.dir/Drivers/STM32F1xx_HAL_Driver/Src/stm32f1xx_hal_tim.c.obj
                0x08004736                HAL_TIM_OC_DelayElapsedCallback
 .text.HAL_TIM_IC_CaptureCallback
                0x08004738        0x2 CMakeFiles/1_TI_C.elf.dir/Drivers/STM32F1xx_HAL_Driver/Src/stm32f1xx_hal_tim.c.obj
                0x08004738                HAL_TIM_IC_CaptureCallback
 .text.HAL_TIM_PWM_PulseFinishedCallback
                0x0800473a        0x2 CMakeFiles/1_TI_C.elf.dir/Drivers/STM32F1xx_HAL_Driver/Src/stm32f1xx_hal_tim.c.obj
                0x0800473a                HAL_TIM_PWM_PulseFinishedCallback
 .text.HAL_TIM_TriggerCallback
                0x0800473c        0x2 CMakeFiles/1_TI_C.elf.dir/Drivers/STM32F1xx_HAL_Driver/Src/stm32f1xx_hal_tim.c.obj
                0x0800473c                HAL_TIM_TriggerCallback
 .text.HAL_TIM_IRQHandler
                0x0800473e      0x15e CMakeFiles/1_TI_C.elf.dir/Drivers/STM32F1xx_HAL_Driver/Src/stm32f1xx_hal_tim.c.obj
                0x0800473e                HAL_TIM_IRQHandler
 .text.TIM_Base_SetConfig
                0x0800489c       0x84 CMakeFiles/1_TI_C.elf.dir/Drivers/STM32F1xx_HAL_Driver/Src/stm32f1xx_hal_tim.c.obj
                0x0800489c                TIM_Base_SetConfig
 .text.HAL_TIM_Base_Init
                0x08004920       0x58 CMakeFiles/1_TI_C.elf.dir/Drivers/STM32F1xx_HAL_Driver/Src/stm32f1xx_hal_tim.c.obj
                0x08004920                HAL_TIM_Base_Init
 .text.HAL_TIM_PWM_Init
                0x08004978       0x58 CMakeFiles/1_TI_C.elf.dir/Drivers/STM32F1xx_HAL_Driver/Src/stm32f1xx_hal_tim.c.obj
                0x08004978                HAL_TIM_PWM_Init
 .text.HAL_TIM_Encoder_Init
                0x080049d0       0xb6 CMakeFiles/1_TI_C.elf.dir/Drivers/STM32F1xx_HAL_Driver/Src/stm32f1xx_hal_tim.c.obj
                0x080049d0                HAL_TIM_Encoder_Init
 *fill*         0x08004a86        0x2 
 .text.TIM_OC2_SetConfig
                0x08004a88       0x5c CMakeFiles/1_TI_C.elf.dir/Drivers/STM32F1xx_HAL_Driver/Src/stm32f1xx_hal_tim.c.obj
                0x08004a88                TIM_OC2_SetConfig
 .text.HAL_TIM_PWM_ConfigChannel
                0x08004ae4       0xdc CMakeFiles/1_TI_C.elf.dir/Drivers/STM32F1xx_HAL_Driver/Src/stm32f1xx_hal_tim.c.obj
                0x08004ae4                HAL_TIM_PWM_ConfigChannel
 .text.TIM_ETR_SetConfig
                0x08004bc0       0x18 CMakeFiles/1_TI_C.elf.dir/Drivers/STM32F1xx_HAL_Driver/Src/stm32f1xx_hal_tim.c.obj
                0x08004bc0                TIM_ETR_SetConfig
 .text.HAL_TIM_ConfigClockSource
                0x08004bd8       0xfe CMakeFiles/1_TI_C.elf.dir/Drivers/STM32F1xx_HAL_Driver/Src/stm32f1xx_hal_tim.c.obj
                0x08004bd8                HAL_TIM_ConfigClockSource
 .text.TIM_CCxChannelCmd
                0x08004cd6       0x1e CMakeFiles/1_TI_C.elf.dir/Drivers/STM32F1xx_HAL_Driver/Src/stm32f1xx_hal_tim.c.obj
                0x08004cd6                TIM_CCxChannelCmd
 .text.HAL_TIM_PWM_Start
                0x08004cf4       0xd4 CMakeFiles/1_TI_C.elf.dir/Drivers/STM32F1xx_HAL_Driver/Src/stm32f1xx_hal_tim.c.obj
                0x08004cf4                HAL_TIM_PWM_Start
 .text.HAL_TIM_Encoder_Start
                0x08004dc8       0xcc CMakeFiles/1_TI_C.elf.dir/Drivers/STM32F1xx_HAL_Driver/Src/stm32f1xx_hal_tim.c.obj
                0x08004dc8                HAL_TIM_Encoder_Start
 .text.HAL_TIMEx_MasterConfigSynchronization
                0x08004e94       0x6c CMakeFiles/1_TI_C.elf.dir/Drivers/STM32F1xx_HAL_Driver/Src/stm32f1xx_hal_tim_ex.c.obj
                0x08004e94                HAL_TIMEx_MasterConfigSynchronization
 .text.HAL_TIMEx_CommutCallback
                0x08004f00        0x2 CMakeFiles/1_TI_C.elf.dir/Drivers/STM32F1xx_HAL_Driver/Src/stm32f1xx_hal_tim_ex.c.obj
                0x08004f00                HAL_TIMEx_CommutCallback
 .text.HAL_TIMEx_BreakCallback
                0x08004f02        0x2 CMakeFiles/1_TI_C.elf.dir/Drivers/STM32F1xx_HAL_Driver/Src/stm32f1xx_hal_tim_ex.c.obj
                0x08004f02                HAL_TIMEx_BreakCallback
 .text.UART_EndTxTransfer
                0x08004f04       0x20 CMakeFiles/1_TI_C.elf.dir/Drivers/STM32F1xx_HAL_Driver/Src/stm32f1xx_hal_uart.c.obj
 .text.UART_EndRxTransfer
                0x08004f24       0x5c CMakeFiles/1_TI_C.elf.dir/Drivers/STM32F1xx_HAL_Driver/Src/stm32f1xx_hal_uart.c.obj
 .text.UART_Transmit_IT
                0x08004f80       0x5e CMakeFiles/1_TI_C.elf.dir/Drivers/STM32F1xx_HAL_Driver/Src/stm32f1xx_hal_uart.c.obj
 *fill*         0x08004fde        0x2 
 .text.UART_SetConfig
                0x08004fe0       0x94 CMakeFiles/1_TI_C.elf.dir/Drivers/STM32F1xx_HAL_Driver/Src/stm32f1xx_hal_uart.c.obj
 .text.HAL_UART_Init
                0x08005074       0x60 CMakeFiles/1_TI_C.elf.dir/Drivers/STM32F1xx_HAL_Driver/Src/stm32f1xx_hal_uart.c.obj
                0x08005074                HAL_UART_Init
 .text.HAL_UART_TxCpltCallback
                0x080050d4        0x2 CMakeFiles/1_TI_C.elf.dir/Drivers/STM32F1xx_HAL_Driver/Src/stm32f1xx_hal_uart.c.obj
                0x080050d4                HAL_UART_TxCpltCallback
 .text.UART_EndTransmit_IT
                0x080050d6       0x1a CMakeFiles/1_TI_C.elf.dir/Drivers/STM32F1xx_HAL_Driver/Src/stm32f1xx_hal_uart.c.obj
 .text.HAL_UART_RxCpltCallback
                0x080050f0        0x2 CMakeFiles/1_TI_C.elf.dir/Drivers/STM32F1xx_HAL_Driver/Src/stm32f1xx_hal_uart.c.obj
                0x080050f0                HAL_UART_RxCpltCallback
 .text.HAL_UART_RxHalfCpltCallback
                0x080050f2        0x2 CMakeFiles/1_TI_C.elf.dir/Drivers/STM32F1xx_HAL_Driver/Src/stm32f1xx_hal_uart.c.obj
                0x080050f2                HAL_UART_RxHalfCpltCallback
 .text.HAL_UART_ErrorCallback
                0x080050f4        0x2 CMakeFiles/1_TI_C.elf.dir/Drivers/STM32F1xx_HAL_Driver/Src/stm32f1xx_hal_uart.c.obj
                0x080050f4                HAL_UART_ErrorCallback
 .text.UART_DMAError
                0x080050f6       0x54 CMakeFiles/1_TI_C.elf.dir/Drivers/STM32F1xx_HAL_Driver/Src/stm32f1xx_hal_uart.c.obj
 .text.UART_DMAAbortOnError
                0x0800514a       0x10 CMakeFiles/1_TI_C.elf.dir/Drivers/STM32F1xx_HAL_Driver/Src/stm32f1xx_hal_uart.c.obj
 .text.UART_Receive_IT
                0x0800515a       0xe4 CMakeFiles/1_TI_C.elf.dir/Drivers/STM32F1xx_HAL_Driver/Src/stm32f1xx_hal_uart.c.obj
 *fill*         0x0800523e        0x2 
 .text.HAL_UART_IRQHandler
                0x08005240      0x284 CMakeFiles/1_TI_C.elf.dir/Drivers/STM32F1xx_HAL_Driver/Src/stm32f1xx_hal_uart.c.obj
                0x08005240                HAL_UART_IRQHandler
 .text.UART_DMARxHalfCplt
                0x080054c4       0x1e CMakeFiles/1_TI_C.elf.dir/Drivers/STM32F1xx_HAL_Driver/Src/stm32f1xx_hal_uart.c.obj
 .text.UART_DMAReceiveCplt
                0x080054e2       0x9a CMakeFiles/1_TI_C.elf.dir/Drivers/STM32F1xx_HAL_Driver/Src/stm32f1xx_hal_uart.c.obj
 .text.UART_Start_Receive_DMA
                0x0800557c       0xa4 CMakeFiles/1_TI_C.elf.dir/Drivers/STM32F1xx_HAL_Driver/Src/stm32f1xx_hal_uart.c.obj
                0x0800557c                UART_Start_Receive_DMA
 .text.HAL_UARTEx_ReceiveToIdle_DMA
                0x08005620       0x60 CMakeFiles/1_TI_C.elf.dir/Drivers/STM32F1xx_HAL_Driver/Src/stm32f1xx_hal_uart.c.obj
                0x08005620                HAL_UARTEx_ReceiveToIdle_DMA
 .text.stdio_exit_handler
                0x08005680       0x18 D:/ARM/14.2 rel1/bin/../lib/gcc/arm-none-eabi/14.2.1/thumb/v7-m/nofp\libg.a(libc_a-findfp.o)
 .text.cleanup_stdio
                0x08005698       0x40 D:/ARM/14.2 rel1/bin/../lib/gcc/arm-none-eabi/14.2.1/thumb/v7-m/nofp\libg.a(libc_a-findfp.o)
 .text.global_stdio_init.part.0
                0x080056d8       0xf0 D:/ARM/14.2 rel1/bin/../lib/gcc/arm-none-eabi/14.2.1/thumb/v7-m/nofp\libg.a(libc_a-findfp.o)
 .text.__sinit  0x080057c8       0x3c D:/ARM/14.2 rel1/bin/../lib/gcc/arm-none-eabi/14.2.1/thumb/v7-m/nofp\libg.a(libc_a-findfp.o)
                0x080057c8                __sinit
 .text.__sfp_lock_acquire
                0x08005804        0xc D:/ARM/14.2 rel1/bin/../lib/gcc/arm-none-eabi/14.2.1/thumb/v7-m/nofp\libg.a(libc_a-findfp.o)
                0x08005804                __sfp_lock_acquire
 .text.__sfp_lock_release
                0x08005810        0xc D:/ARM/14.2 rel1/bin/../lib/gcc/arm-none-eabi/14.2.1/thumb/v7-m/nofp\libg.a(libc_a-findfp.o)
                0x08005810                __sfp_lock_release
 .text._fwalk_sglue
                0x0800581c       0x44 D:/ARM/14.2 rel1/bin/../lib/gcc/arm-none-eabi/14.2.1/thumb/v7-m/nofp\libg.a(libc_a-fwalk.o)
                0x0800581c                _fwalk_sglue
 .text.sprintf  0x08005860       0x44 D:/ARM/14.2 rel1/bin/../lib/gcc/arm-none-eabi/14.2.1/thumb/v7-m/nofp\libg.a(libc_a-sprintf.o)
                0x08005860                sprintf
 .text.__sread  0x080058a4       0x24 D:/ARM/14.2 rel1/bin/../lib/gcc/arm-none-eabi/14.2.1/thumb/v7-m/nofp\libg.a(libc_a-stdio.o)
                0x080058a4                __sread
 .text.__swrite
                0x080058c8       0x40 D:/ARM/14.2 rel1/bin/../lib/gcc/arm-none-eabi/14.2.1/thumb/v7-m/nofp\libg.a(libc_a-stdio.o)
                0x080058c8                __swrite
 .text.__sseek  0x08005908       0x24 D:/ARM/14.2 rel1/bin/../lib/gcc/arm-none-eabi/14.2.1/thumb/v7-m/nofp\libg.a(libc_a-stdio.o)
                0x08005908                __sseek
 .text.__sclose
                0x0800592c        0x8 D:/ARM/14.2 rel1/bin/../lib/gcc/arm-none-eabi/14.2.1/thumb/v7-m/nofp\libg.a(libc_a-stdio.o)
                0x0800592c                __sclose
 .text.memcmp   0x08005934       0x5c D:/ARM/14.2 rel1/bin/../lib/gcc/arm-none-eabi/14.2.1/thumb/v7-m/nofp\libg.a(libc_a-memcmp.o)
                0x08005934                memcmp
 .text.memset   0x08005990       0x9c D:/ARM/14.2 rel1/bin/../lib/gcc/arm-none-eabi/14.2.1/thumb/v7-m/nofp\libg.a(libc_a-memset.o)
                0x08005990                memset
 .text._close_r
                0x08005a2c       0x24 D:/ARM/14.2 rel1/bin/../lib/gcc/arm-none-eabi/14.2.1/thumb/v7-m/nofp\libg.a(libc_a-closer.o)
                0x08005a2c                _close_r
 .text._lseek_r
                0x08005a50       0x2c D:/ARM/14.2 rel1/bin/../lib/gcc/arm-none-eabi/14.2.1/thumb/v7-m/nofp\libg.a(libc_a-lseekr.o)
                0x08005a50                _lseek_r
 .text._read_r  0x08005a7c       0x2c D:/ARM/14.2 rel1/bin/../lib/gcc/arm-none-eabi/14.2.1/thumb/v7-m/nofp\libg.a(libc_a-readr.o)
                0x08005a7c                _read_r
 .text._write_r
                0x08005aa8       0x2c D:/ARM/14.2 rel1/bin/../lib/gcc/arm-none-eabi/14.2.1/thumb/v7-m/nofp\libg.a(libc_a-writer.o)
                0x08005aa8                _write_r
 .text.__errno  0x08005ad4        0xc D:/ARM/14.2 rel1/bin/../lib/gcc/arm-none-eabi/14.2.1/thumb/v7-m/nofp\libg.a(libc_a-errno.o)
                0x08005ad4                __errno
 .text.__libc_init_array
                0x08005ae0       0x50 D:/ARM/14.2 rel1/bin/../lib/gcc/arm-none-eabi/14.2.1/thumb/v7-m/nofp\libg.a(libc_a-init.o)
                0x08005ae0                __libc_init_array
 .text.__retarget_lock_init_recursive
                0x08005b30        0x4 D:/ARM/14.2 rel1/bin/../lib/gcc/arm-none-eabi/14.2.1/thumb/v7-m/nofp\libg.a(libc_a-lock.o)
                0x08005b30                __retarget_lock_init_recursive
 .text.__retarget_lock_close_recursive
                0x08005b34        0x4 D:/ARM/14.2 rel1/bin/../lib/gcc/arm-none-eabi/14.2.1/thumb/v7-m/nofp\libg.a(libc_a-lock.o)
                0x08005b34                __retarget_lock_close_recursive
 .text.__retarget_lock_acquire_recursive
                0x08005b38        0x4 D:/ARM/14.2 rel1/bin/../lib/gcc/arm-none-eabi/14.2.1/thumb/v7-m/nofp\libg.a(libc_a-lock.o)
                0x08005b38                __retarget_lock_acquire_recursive
 .text.__retarget_lock_release_recursive
                0x08005b3c        0x4 D:/ARM/14.2 rel1/bin/../lib/gcc/arm-none-eabi/14.2.1/thumb/v7-m/nofp\libg.a(libc_a-lock.o)
                0x08005b3c                __retarget_lock_release_recursive
 .text.startup.register_fini
                0x08005b40       0x14 D:/ARM/14.2 rel1/bin/../lib/gcc/arm-none-eabi/14.2.1/thumb/v7-m/nofp\libg.a(libc_a-__call_atexit.o)
 .text.atexit   0x08005b54        0xc D:/ARM/14.2 rel1/bin/../lib/gcc/arm-none-eabi/14.2.1/thumb/v7-m/nofp\libg.a(libc_a-atexit.o)
                0x08005b54                atexit
 .text._malloc_trim_r
                0x08005b60       0xb8 D:/ARM/14.2 rel1/bin/../lib/gcc/arm-none-eabi/14.2.1/thumb/v7-m/nofp\libg.a(libc_a-freer.o)
                0x08005b60                _malloc_trim_r
 .text._free_r  0x08005c18      0x1e8 D:/ARM/14.2 rel1/bin/../lib/gcc/arm-none-eabi/14.2.1/thumb/v7-m/nofp\libg.a(libc_a-freer.o)
                0x08005c18                _free_r
 .text._malloc_r
                0x08005e00      0x57c D:/ARM/14.2 rel1/bin/../lib/gcc/arm-none-eabi/14.2.1/thumb/v7-m/nofp\libg.a(libc_a-mallocr.o)
                0x08005e00                _malloc_r
 .text.__malloc_lock
                0x0800637c        0xc D:/ARM/14.2 rel1/bin/../lib/gcc/arm-none-eabi/14.2.1/thumb/v7-m/nofp\libg.a(libc_a-mlock.o)
                0x0800637c                __malloc_lock
 .text.__malloc_unlock
                0x08006388        0xc D:/ARM/14.2 rel1/bin/../lib/gcc/arm-none-eabi/14.2.1/thumb/v7-m/nofp\libg.a(libc_a-mlock.o)
                0x08006388                __malloc_unlock
 .text._svfprintf_r
                0x08006394     0x2250 D:/ARM/14.2 rel1/bin/../lib/gcc/arm-none-eabi/14.2.1/thumb/v7-m/nofp\libg.a(libc_a-svfprintf.o)
                0x08006394                _svfprintf_r
 .text.__ssprint_r
                0x080085e4       0x58 D:/ARM/14.2 rel1/bin/../lib/gcc/arm-none-eabi/14.2.1/thumb/v7-m/nofp\libg.a(libc_a-ssprint_r.o)
                0x080085e4                __ssprint_r
 .text._fclose_r
                0x0800863c       0xc0 D:/ARM/14.2 rel1/bin/../lib/gcc/arm-none-eabi/14.2.1/thumb/v7-m/nofp\libg.a(libc_a-fclose.o)
                0x0800863c                _fclose_r
 .text.__sflush_r
                0x080086fc      0x124 D:/ARM/14.2 rel1/bin/../lib/gcc/arm-none-eabi/14.2.1/thumb/v7-m/nofp\libg.a(libc_a-fflush.o)
                0x080086fc                __sflush_r
 .text._fflush_r
                0x08008820       0x54 D:/ARM/14.2 rel1/bin/../lib/gcc/arm-none-eabi/14.2.1/thumb/v7-m/nofp\libg.a(libc_a-fflush.o)
                0x08008820                _fflush_r
 .text.strncpy  0x08008874       0x6c D:/ARM/14.2 rel1/bin/../lib/gcc/arm-none-eabi/14.2.1/thumb/v7-m/nofp\libg.a(libc_a-strncpy.o)
                0x08008874                strncpy
 .text.__locale_mb_cur_max
                0x080088e0        0xc D:/ARM/14.2 rel1/bin/../lib/gcc/arm-none-eabi/14.2.1/thumb/v7-m/nofp\libg.a(libc_a-locale.o)
                0x080088e0                __locale_mb_cur_max
 .text._localeconv_r
                0x080088ec        0x8 D:/ARM/14.2 rel1/bin/../lib/gcc/arm-none-eabi/14.2.1/thumb/v7-m/nofp\libg.a(libc_a-localeconv.o)
                0x080088ec                _localeconv_r
 .text._sbrk_r  0x080088f4       0x24 D:/ARM/14.2 rel1/bin/../lib/gcc/arm-none-eabi/14.2.1/thumb/v7-m/nofp\libg.a(libc_a-sbrkr.o)
                0x080088f4                _sbrk_r
 .text.__libc_fini_array
                0x08008918       0x28 D:/ARM/14.2 rel1/bin/../lib/gcc/arm-none-eabi/14.2.1/thumb/v7-m/nofp\libg.a(libc_a-fini.o)
                0x08008918                __libc_fini_array
 .text.sysconf  0x08008940       0x1c D:/ARM/14.2 rel1/bin/../lib/gcc/arm-none-eabi/14.2.1/thumb/v7-m/nofp\libg.a(libc_a-sysconf.o)
                0x08008940                sysconf
 .text.memchr   0x0800895c       0x80 D:/ARM/14.2 rel1/bin/../lib/gcc/arm-none-eabi/14.2.1/thumb/v7-m/nofp\libg.a(libc_a-memchr-stub.o)
                0x0800895c                memchr
 .text.strlen   0x080089dc       0x5c D:/ARM/14.2 rel1/bin/../lib/gcc/arm-none-eabi/14.2.1/thumb/v7-m/nofp\libg.a(libc_a-strlen-stub.o)
                0x080089dc                strlen
 .text.frexp    0x08008a38       0x6c D:/ARM/14.2 rel1/bin/../lib/gcc/arm-none-eabi/14.2.1/thumb/v7-m/nofp\libg.a(libm_a-s_frexp.o)
                0x08008a38                frexp
 .text.__register_exitproc
                0x08008aa4       0x80 D:/ARM/14.2 rel1/bin/../lib/gcc/arm-none-eabi/14.2.1/thumb/v7-m/nofp\libg.a(libc_a-__atexit.o)
                0x08008aa4                __register_exitproc
 .text.quorem   0x08008b24      0x13c D:/ARM/14.2 rel1/bin/../lib/gcc/arm-none-eabi/14.2.1/thumb/v7-m/nofp\libg.a(libc_a-dtoa.o)
 .text._dtoa_r  0x08008c60     0x1030 D:/ARM/14.2 rel1/bin/../lib/gcc/arm-none-eabi/14.2.1/thumb/v7-m/nofp\libg.a(libc_a-dtoa.o)
                0x08008c60                _dtoa_r
 .text.__ascii_mbtowc
                0x08009c90       0x2c D:/ARM/14.2 rel1/bin/../lib/gcc/arm-none-eabi/14.2.1/thumb/v7-m/nofp\libg.a(libc_a-mbtowc_r.o)
                0x08009c90                __ascii_mbtowc
 .text._Balloc  0x08009cbc       0x4c D:/ARM/14.2 rel1/bin/../lib/gcc/arm-none-eabi/14.2.1/thumb/v7-m/nofp\libg.a(libc_a-mprec.o)
                0x08009cbc                _Balloc
 .text._Bfree   0x08009d08       0x14 D:/ARM/14.2 rel1/bin/../lib/gcc/arm-none-eabi/14.2.1/thumb/v7-m/nofp\libg.a(libc_a-mprec.o)
                0x08009d08                _Bfree
 .text.__multadd
                0x08009d1c       0xa4 D:/ARM/14.2 rel1/bin/../lib/gcc/arm-none-eabi/14.2.1/thumb/v7-m/nofp\libg.a(libc_a-mprec.o)
                0x08009d1c                __multadd
 .text.__hi0bits
                0x08009dc0       0x54 D:/ARM/14.2 rel1/bin/../lib/gcc/arm-none-eabi/14.2.1/thumb/v7-m/nofp\libg.a(libc_a-mprec.o)
                0x08009dc0                __hi0bits
 .text.__lo0bits
                0x08009e14       0x7c D:/ARM/14.2 rel1/bin/../lib/gcc/arm-none-eabi/14.2.1/thumb/v7-m/nofp\libg.a(libc_a-mprec.o)
                0x08009e14                __lo0bits
 .text.__i2b    0x08009e90       0x5c D:/ARM/14.2 rel1/bin/../lib/gcc/arm-none-eabi/14.2.1/thumb/v7-m/nofp\libg.a(libc_a-mprec.o)
                0x08009e90                __i2b
 .text.__multiply
                0x08009eec      0x168 D:/ARM/14.2 rel1/bin/../lib/gcc/arm-none-eabi/14.2.1/thumb/v7-m/nofp\libg.a(libc_a-mprec.o)
                0x08009eec                __multiply
 .text.__pow5mult
                0x0800a054       0xc0 D:/ARM/14.2 rel1/bin/../lib/gcc/arm-none-eabi/14.2.1/thumb/v7-m/nofp\libg.a(libc_a-mprec.o)
                0x0800a054                __pow5mult
 .text.__lshift
                0x0800a114       0xe8 D:/ARM/14.2 rel1/bin/../lib/gcc/arm-none-eabi/14.2.1/thumb/v7-m/nofp\libg.a(libc_a-mprec.o)
                0x0800a114                __lshift
 .text.__mcmp   0x0800a1fc       0x40 D:/ARM/14.2 rel1/bin/../lib/gcc/arm-none-eabi/14.2.1/thumb/v7-m/nofp\libg.a(libc_a-mprec.o)
                0x0800a1fc                __mcmp
 .text.__mdiff  0x0800a23c      0x164 D:/ARM/14.2 rel1/bin/../lib/gcc/arm-none-eabi/14.2.1/thumb/v7-m/nofp\libg.a(libc_a-mprec.o)
                0x0800a23c                __mdiff
 .text.__d2b    0x0800a3a0       0xb8 D:/ARM/14.2 rel1/bin/../lib/gcc/arm-none-eabi/14.2.1/thumb/v7-m/nofp\libg.a(libc_a-mprec.o)
                0x0800a3a0                __d2b
 .text.__ascii_wctomb
                0x0800a458       0x1c D:/ARM/14.2 rel1/bin/../lib/gcc/arm-none-eabi/14.2.1/thumb/v7-m/nofp\libg.a(libc_a-wctomb_r.o)
                0x0800a458                __ascii_wctomb
 .text._wcrtomb_r
                0x0800a474       0x4c D:/ARM/14.2 rel1/bin/../lib/gcc/arm-none-eabi/14.2.1/thumb/v7-m/nofp\libg.a(libc_a-wcrtomb.o)
                0x0800a474                _wcrtomb_r
 .text._wcsrtombs_r
                0x0800a4c0       0x18 D:/ARM/14.2 rel1/bin/../lib/gcc/arm-none-eabi/14.2.1/thumb/v7-m/nofp\libg.a(libc_a-wcsrtombs.o)
                0x0800a4c0                _wcsrtombs_r
 .text.__ssputs_r
                0x0800a4d8       0xc0 D:/ARM/14.2 rel1/bin/../lib/gcc/arm-none-eabi/14.2.1/thumb/v7-m/nofp\libg.a(libc_a-ssputs_r.o)
                0x0800a4d8                __ssputs_r
 .text.memmove  0x0800a598       0xfc D:/ARM/14.2 rel1/bin/../lib/gcc/arm-none-eabi/14.2.1/thumb/v7-m/nofp\libg.a(libc_a-memmove.o)
                0x0800a598                memmove
 .text.__assert_func
                0x0800a694       0x40 D:/ARM/14.2 rel1/bin/../lib/gcc/arm-none-eabi/14.2.1/thumb/v7-m/nofp\libg.a(libc_a-assert.o)
                0x0800a694                __assert_func
 .text._calloc_r
                0x0800a6d4       0x6c D:/ARM/14.2 rel1/bin/../lib/gcc/arm-none-eabi/14.2.1/thumb/v7-m/nofp\libg.a(libc_a-callocr.o)
                0x0800a6d4                _calloc_r
 .text._realloc_r
                0x0800a740      0x350 D:/ARM/14.2 rel1/bin/../lib/gcc/arm-none-eabi/14.2.1/thumb/v7-m/nofp\libg.a(libc_a-reallocr.o)
                0x0800a740                _realloc_r
 .text._wcsnrtombs_l
                0x0800aa90       0xf0 D:/ARM/14.2 rel1/bin/../lib/gcc/arm-none-eabi/14.2.1/thumb/v7-m/nofp\libg.a(libc_a-wcsnrtombs.o)
                0x0800aa90                _wcsnrtombs_l
 .text._wcsnrtombs_r
                0x0800ab80       0x24 D:/ARM/14.2 rel1/bin/../lib/gcc/arm-none-eabi/14.2.1/thumb/v7-m/nofp\libg.a(libc_a-wcsnrtombs.o)
                0x0800ab80                _wcsnrtombs_r
 .text.fiprintf
                0x0800aba4       0x28 D:/ARM/14.2 rel1/bin/../lib/gcc/arm-none-eabi/14.2.1/thumb/v7-m/nofp\libg.a(libc_a-fiprintf.o)
                0x0800aba4                fiprintf
 .text._vfiprintf_r
                0x0800abcc     0x1238 D:/ARM/14.2 rel1/bin/../lib/gcc/arm-none-eabi/14.2.1/thumb/v7-m/nofp\libg.a(libc_a-vfiprintf.o)
                0x0800abcc                _vfiprintf_r
 .text.__sbprintf
                0x0800be04       0x84 D:/ARM/14.2 rel1/bin/../lib/gcc/arm-none-eabi/14.2.1/thumb/v7-m/nofp\libg.a(libc_a-vfiprintf.o)
 .text.__sprint_r
                0x0800be88       0x20 D:/ARM/14.2 rel1/bin/../lib/gcc/arm-none-eabi/14.2.1/thumb/v7-m/nofp\libg.a(libc_a-sprint_r.o)
                0x0800be88                __sprint_r
 .text.__sfvwrite_r
                0x0800bea8      0x2d8 D:/ARM/14.2 rel1/bin/../lib/gcc/arm-none-eabi/14.2.1/thumb/v7-m/nofp\libg.a(libc_a-fvwrite.o)
                0x0800bea8                __sfvwrite_r
 .text.__swsetup_r
                0x0800c180       0xfc D:/ARM/14.2 rel1/bin/../lib/gcc/arm-none-eabi/14.2.1/thumb/v7-m/nofp\libg.a(libc_a-wsetup.o)
                0x0800c180                __swsetup_r
 .text.abort    0x0800c27c       0x10 D:/ARM/14.2 rel1/bin/../lib/gcc/arm-none-eabi/14.2.1/thumb/v7-m/nofp\libg.a(libc_a-abort.o)
                0x0800c27c                abort
 .text.__smakebuf_r
                0x0800c28c       0xd0 D:/ARM/14.2 rel1/bin/../lib/gcc/arm-none-eabi/14.2.1/thumb/v7-m/nofp\libg.a(libc_a-makebuf.o)
                0x0800c28c                __smakebuf_r
 .text.raise    0x0800c35c       0x58 D:/ARM/14.2 rel1/bin/../lib/gcc/arm-none-eabi/14.2.1/thumb/v7-m/nofp\libg.a(libc_a-signal.o)
                0x0800c35c                raise
 .text._fstat_r
                0x0800c3b4       0x28 D:/ARM/14.2 rel1/bin/../lib/gcc/arm-none-eabi/14.2.1/thumb/v7-m/nofp\libg.a(libc_a-fstatr.o)
                0x0800c3b4                _fstat_r
 .text._isatty_r
                0x0800c3dc       0x24 D:/ARM/14.2 rel1/bin/../lib/gcc/arm-none-eabi/14.2.1/thumb/v7-m/nofp\libg.a(libc_a-isattyr.o)
                0x0800c3dc                _isatty_r
 .text._kill_r  0x0800c400       0x28 D:/ARM/14.2 rel1/bin/../lib/gcc/arm-none-eabi/14.2.1/thumb/v7-m/nofp\libg.a(libc_a-signalr.o)
                0x0800c400                _kill_r
 .text._getpid_r
                0x0800c428        0x4 D:/ARM/14.2 rel1/bin/../lib/gcc/arm-none-eabi/14.2.1/thumb/v7-m/nofp\libg.a(libc_a-signalr.o)
                0x0800c428                _getpid_r
 *(.glue_7)
 .glue_7        0x0800c42c        0x0 linker stubs
 *(.glue_7t)
 .glue_7t       0x0800c42c        0x0 linker stubs
 *(.eh_frame)
 .eh_frame      0x0800c42c        0x0 D:/ARM/14.2 rel1/bin/../lib/gcc/arm-none-eabi/14.2.1/thumb/v7-m/nofp/crtbegin.o
 *(.init)
 .init          0x0800c42c        0x4 D:/ARM/14.2 rel1/bin/../lib/gcc/arm-none-eabi/14.2.1/thumb/v7-m/nofp/crti.o
                0x0800c42c                _init
 .init          0x0800c430        0x8 D:/ARM/14.2 rel1/bin/../lib/gcc/arm-none-eabi/14.2.1/thumb/v7-m/nofp/crtn.o
 *(.fini)
 .fini          0x0800c438        0x4 D:/ARM/14.2 rel1/bin/../lib/gcc/arm-none-eabi/14.2.1/thumb/v7-m/nofp/crti.o
                0x0800c438                _fini
 .fini          0x0800c43c        0x8 D:/ARM/14.2 rel1/bin/../lib/gcc/arm-none-eabi/14.2.1/thumb/v7-m/nofp/crtn.o
                0x0800c444                        . = ALIGN (0x4)
                0x0800c444                        _etext = .

.vfp11_veneer   0x0800c444        0x0
 .vfp11_veneer  0x0800c444        0x0 linker stubs

.v4_bx          0x0800c444        0x0
 .v4_bx         0x0800c444        0x0 linker stubs

.iplt           0x0800c444        0x0
 .iplt          0x0800c444        0x0 D:/ARM/14.2 rel1/bin/../lib/gcc/arm-none-eabi/14.2.1/thumb/v7-m/nofp/crtbegin.o

.rodata         0x0800c448      0xe64
                0x0800c448                        . = ALIGN (0x4)
 *(.rodata)
 *(.rodata*)
 .rodata.font15x15
                0x0800c448       0x10 CMakeFiles/1_TI_C.elf.dir/Core/Src/font.c.obj
                0x0800c448                font15x15
 .rodata.zh15x15
                0x0800c458      0x396 CMakeFiles/1_TI_C.elf.dir/Core/Src/font.c.obj
                0x0800c458                zh15x15
 *fill*         0x0800c7ee        0x2 
 .rodata.afont16x8
                0x0800c7f0        0x8 CMakeFiles/1_TI_C.elf.dir/Core/Src/font.c.obj
                0x0800c7f0                afont16x8
 .rodata.ascii_16x8
                0x0800c7f8      0x5f0 CMakeFiles/1_TI_C.elf.dir/Core/Src/font.c.obj
                0x0800c7f8                ascii_16x8
 .rodata.main.str1.4
                0x0800cde8      0x23f CMakeFiles/1_TI_C.elf.dir/Core/Src/main.c.obj
                                 0x97 (size before relaxing)
 *fill*         0x0800d027        0x1 
 .rodata.APBPrescTable
                0x0800d028        0x8 CMakeFiles/1_TI_C.elf.dir/Core/Src/system_stm32f1xx.c.obj
                0x0800d028                APBPrescTable
 .rodata.AHBPrescTable
                0x0800d030       0x10 CMakeFiles/1_TI_C.elf.dir/Core/Src/system_stm32f1xx.c.obj
                0x0800d030                AHBPrescTable
 .rodata.aPredivFactorTable.0
                0x0800d040        0x2 CMakeFiles/1_TI_C.elf.dir/Drivers/STM32F1xx_HAL_Driver/Src/stm32f1xx_hal_rcc.c.obj
 *fill*         0x0800d042        0x2 
 .rodata.aPLLMULFactorTable.1
                0x0800d044       0x10 CMakeFiles/1_TI_C.elf.dir/Drivers/STM32F1xx_HAL_Driver/Src/stm32f1xx_hal_rcc.c.obj
 .rodata.aPredivFactorTable.0
                0x0800d054        0x2 CMakeFiles/1_TI_C.elf.dir/Drivers/STM32F1xx_HAL_Driver/Src/stm32f1xx_hal_rcc_ex.c.obj
 *fill*         0x0800d056        0x2 
 .rodata.aPLLMULFactorTable.1
                0x0800d058       0x10 CMakeFiles/1_TI_C.elf.dir/Drivers/STM32F1xx_HAL_Driver/Src/stm32f1xx_hal_rcc_ex.c.obj
 .rodata._svfprintf_r.str1.4
                0x0800d068       0x42 D:/ARM/14.2 rel1/bin/../lib/gcc/arm-none-eabi/14.2.1/thumb/v7-m/nofp\libg.a(libc_a-svfprintf.o)
 .rodata.zeroes.0
                0x0800d068       0x10 D:/ARM/14.2 rel1/bin/../lib/gcc/arm-none-eabi/14.2.1/thumb/v7-m/nofp\libg.a(libc_a-svfprintf.o)
 .rodata.blanks.1
                0x0800d078       0x10 D:/ARM/14.2 rel1/bin/../lib/gcc/arm-none-eabi/14.2.1/thumb/v7-m/nofp\libg.a(libc_a-svfprintf.o)
 .rodata.str1.4
                0x0800d088       0x4c D:/ARM/14.2 rel1/bin/../lib/gcc/arm-none-eabi/14.2.1/thumb/v7-m/nofp\libg.a(libc_a-locale.o)
 .rodata._dtoa_r.str1.4
                0x0800d088       0x83 D:/ARM/14.2 rel1/bin/../lib/gcc/arm-none-eabi/14.2.1/thumb/v7-m/nofp\libg.a(libc_a-dtoa.o)
 .rodata.__multadd.str1.4
                0x0800d088       0x70 D:/ARM/14.2 rel1/bin/../lib/gcc/arm-none-eabi/14.2.1/thumb/v7-m/nofp\libg.a(libc_a-mprec.o)
 .rodata.p05.0  0x0800d088        0xc D:/ARM/14.2 rel1/bin/../lib/gcc/arm-none-eabi/14.2.1/thumb/v7-m/nofp\libg.a(libc_a-mprec.o)
 *fill*         0x0800d094        0x4 
 .rodata.__mprec_bigtens
                0x0800d098       0x28 D:/ARM/14.2 rel1/bin/../lib/gcc/arm-none-eabi/14.2.1/thumb/v7-m/nofp\libg.a(libc_a-mprec.o)
                0x0800d098                __mprec_bigtens
 .rodata.__mprec_tens
                0x0800d0c0       0xc8 D:/ARM/14.2 rel1/bin/../lib/gcc/arm-none-eabi/14.2.1/thumb/v7-m/nofp\libg.a(libc_a-mprec.o)
                0x0800d0c0                __mprec_tens
 .rodata._ctype_
                0x0800d188      0x101 D:/ARM/14.2 rel1/bin/../lib/gcc/arm-none-eabi/14.2.1/thumb/v7-m/nofp\libg.a(libc_a-ctype_.o)
                0x0800d188                _ctype_
 .rodata.__assert_func.str1.4
                0x0800d289       0x43 D:/ARM/14.2 rel1/bin/../lib/gcc/arm-none-eabi/14.2.1/thumb/v7-m/nofp\libg.a(libc_a-assert.o)
 .rodata._vfiprintf_r.str1.4
                0x0800d289       0x2f D:/ARM/14.2 rel1/bin/../lib/gcc/arm-none-eabi/14.2.1/thumb/v7-m/nofp\libg.a(libc_a-vfiprintf.o)
 *fill*         0x0800d289        0x3 
 .rodata.zeroes.0
                0x0800d28c       0x10 D:/ARM/14.2 rel1/bin/../lib/gcc/arm-none-eabi/14.2.1/thumb/v7-m/nofp\libg.a(libc_a-vfiprintf.o)
 .rodata.blanks.1
                0x0800d29c       0x10 D:/ARM/14.2 rel1/bin/../lib/gcc/arm-none-eabi/14.2.1/thumb/v7-m/nofp\libg.a(libc_a-vfiprintf.o)
                0x0800d2ac                        . = ALIGN (0x4)

.ARM.extab      0x0800d2ac        0x0
                0x0800d2ac                        . = ALIGN (0x4)
 *(.ARM.extab* .gnu.linkonce.armextab.*)
                0x0800d2ac                        . = ALIGN (0x4)

.ARM            0x0800d2ac        0x8
                0x0800d2ac                        . = ALIGN (0x4)
                0x0800d2ac                        __exidx_start = .
 *(.ARM.exidx*)
 .ARM.exidx     0x0800d2ac        0x8 D:/ARM/14.2 rel1/bin/../lib/gcc/arm-none-eabi/14.2.1/thumb/v7-m/nofp\libg.a(libc_a-memcpy.o)
                0x0800d2b4                        __exidx_end = .
                0x0800d2b4                        . = ALIGN (0x4)

.preinit_array  0x0800d2b4        0x0
                0x0800d2b4                        . = ALIGN (0x4)
                0x0800d2b4                        PROVIDE (__preinit_array_start = .)
 *(.preinit_array*)
                0x0800d2b4                        PROVIDE (__preinit_array_end = .)
                0x0800d2b4                        . = ALIGN (0x4)

.init_array     0x0800d2b4        0x8
                0x0800d2b4                        . = ALIGN (0x4)
                0x0800d2b4                        PROVIDE (__init_array_start = .)
 *(SORT_BY_NAME(.init_array.*))
 .init_array.00000
                0x0800d2b4        0x4 D:/ARM/14.2 rel1/bin/../lib/gcc/arm-none-eabi/14.2.1/thumb/v7-m/nofp\libg.a(libc_a-__call_atexit.o)
 *(.init_array*)
 .init_array    0x0800d2b8        0x4 D:/ARM/14.2 rel1/bin/../lib/gcc/arm-none-eabi/14.2.1/thumb/v7-m/nofp/crtbegin.o
                0x0800d2bc                        PROVIDE (__init_array_end = .)
                0x0800d2bc                        . = ALIGN (0x4)

.fini_array     0x0800d2bc        0x4
                0x0800d2bc                        . = ALIGN (0x4)
                0x0800d2bc                        PROVIDE (__fini_array_start = .)
 *(SORT_BY_NAME(.fini_array.*))
 *(.fini_array*)
 .fini_array    0x0800d2bc        0x4 D:/ARM/14.2 rel1/bin/../lib/gcc/arm-none-eabi/14.2.1/thumb/v7-m/nofp/crtbegin.o
                0x0800d2c0                        PROVIDE (__fini_array_end = .)
                0x0800d2c0                        . = ALIGN (0x4)
                0x0800d2c0                        _sidata = LOADADDR (.data)

.rel.dyn        0x0800d2c0        0x0
 .rel.iplt      0x0800d2c0        0x0 D:/ARM/14.2 rel1/bin/../lib/gcc/arm-none-eabi/14.2.1/thumb/v7-m/nofp/crtbegin.o

.data           0x20000000      0x6ec load address 0x0800d2c0
                0x20000000                        . = ALIGN (0x4)
                0x20000000                        _sdata = .
 *(.data)
 *(.data*)
 .data.t_new    0x20000000        0x4 CMakeFiles/1_TI_C.elf.dir/Core/Src/main.c.obj
                0x20000000                t_new
 .data.t        0x20000004        0x4 CMakeFiles/1_TI_C.elf.dir/Core/Src/main.c.obj
                0x20000004                t
 .data.dead_area
                0x20000008        0x4 CMakeFiles/1_TI_C.elf.dir/Core/Src/my_main.c.obj
                0x20000008                dead_area
 .data.SystemCoreClock
                0x2000000c        0x4 CMakeFiles/1_TI_C.elf.dir/Core/Src/system_stm32f1xx.c.obj
                0x2000000c                SystemCoreClock
 .data.uwTickFreq
                0x20000010        0x1 CMakeFiles/1_TI_C.elf.dir/Drivers/STM32F1xx_HAL_Driver/Src/stm32f1xx_hal.c.obj
                0x20000010                uwTickFreq
 *fill*         0x20000011        0x3 
 .data.uwTickPrio
                0x20000014        0x4 CMakeFiles/1_TI_C.elf.dir/Drivers/STM32F1xx_HAL_Driver/Src/stm32f1xx_hal.c.obj
                0x20000014                uwTickPrio
 .data.__sglue  0x20000018        0xc D:/ARM/14.2 rel1/bin/../lib/gcc/arm-none-eabi/14.2.1/thumb/v7-m/nofp\libg.a(libc_a-findfp.o)
                0x20000018                __sglue
 .data._impure_ptr
                0x20000024        0x4 D:/ARM/14.2 rel1/bin/../lib/gcc/arm-none-eabi/14.2.1/thumb/v7-m/nofp\libg.a(libc_a-impure.o)
                0x20000024                _impure_ptr
 .data._impure_data
                0x20000028      0x140 D:/ARM/14.2 rel1/bin/../lib/gcc/arm-none-eabi/14.2.1/thumb/v7-m/nofp\libg.a(libc_a-impure.o)
                0x20000028                _impure_data
 .data.__atexit_recursive_mutex
                0x20000168        0x4 D:/ARM/14.2 rel1/bin/../lib/gcc/arm-none-eabi/14.2.1/thumb/v7-m/nofp\libg.a(libc_a-__call_atexit.o)
                0x20000168                __atexit_recursive_mutex
 .data.__malloc_sbrk_base
                0x2000016c        0x4 D:/ARM/14.2 rel1/bin/../lib/gcc/arm-none-eabi/14.2.1/thumb/v7-m/nofp\libg.a(libc_a-mallocr.o)
                0x2000016c                __malloc_sbrk_base
 .data.__malloc_trim_threshold
                0x20000170        0x4 D:/ARM/14.2 rel1/bin/../lib/gcc/arm-none-eabi/14.2.1/thumb/v7-m/nofp\libg.a(libc_a-mallocr.o)
                0x20000170                __malloc_trim_threshold
 *fill*         0x20000174        0x4 
 .data.__malloc_av_
                0x20000178      0x408 D:/ARM/14.2 rel1/bin/../lib/gcc/arm-none-eabi/14.2.1/thumb/v7-m/nofp\libg.a(libc_a-mallocr.o)
                0x20000178                __malloc_av_
 .data.__global_locale
                0x20000580      0x16c D:/ARM/14.2 rel1/bin/../lib/gcc/arm-none-eabi/14.2.1/thumb/v7-m/nofp\libg.a(libc_a-locale.o)
                0x20000580                __global_locale
 *(.RamFunc)
 *(.RamFunc*)
                0x200006ec                        . = ALIGN (0x4)
                0x200006ec                        _edata = .

.tm_clone_table
                0x200006ec        0x0 load address 0x0800d9ac
 .tm_clone_table
                0x200006ec        0x0 D:/ARM/14.2 rel1/bin/../lib/gcc/arm-none-eabi/14.2.1/thumb/v7-m/nofp/crtbegin.o
 .tm_clone_table
                0x200006ec        0x0 D:/ARM/14.2 rel1/bin/../lib/gcc/arm-none-eabi/14.2.1/thumb/v7-m/nofp/crtend.o

.igot.plt       0x200006ec        0x0 load address 0x0800d9ac
 .igot.plt      0x200006ec        0x0 D:/ARM/14.2 rel1/bin/../lib/gcc/arm-none-eabi/14.2.1/thumb/v7-m/nofp/crtbegin.o
                0x200006ec                        . = ALIGN (0x4)

.bss            0x200006ec      0xb9c load address 0x0800d9ac
                0x200006ec                        _sbss = .
                0x200006ec                        __bss_start__ = _sbss
 *(.bss)
 *(.bss*)
 .bss.completed.1
                0x200006ec        0x1 D:/ARM/14.2 rel1/bin/../lib/gcc/arm-none-eabi/14.2.1/thumb/v7-m/nofp/crtbegin.o
 *fill*         0x200006ed        0x3 
 .bss.object.0  0x200006f0       0x18 D:/ARM/14.2 rel1/bin/../lib/gcc/arm-none-eabi/14.2.1/thumb/v7-m/nofp/crtbegin.o
 .bss.hadc1     0x20000708       0x30 CMakeFiles/1_TI_C.elf.dir/Core/Src/adc.c.obj
                0x20000708                hadc1
 .bss.hi2c2     0x20000738       0x54 CMakeFiles/1_TI_C.elf.dir/Core/Src/i2c.c.obj
                0x20000738                hi2c2
 .bss.hi2c1     0x2000078c       0x54 CMakeFiles/1_TI_C.elf.dir/Core/Src/i2c.c.obj
                0x2000078c                hi2c1
 .bss.order     0x200007e0        0xa CMakeFiles/1_TI_C.elf.dir/Core/Src/main.c.obj
                0x200007e0                order
 *fill*         0x200007ea        0x2 
 .bss.angle2    0x200007ec        0x4 CMakeFiles/1_TI_C.elf.dir/Core/Src/main.c.obj
                0x200007ec                angle2
 .bss.angle1    0x200007f0        0x4 CMakeFiles/1_TI_C.elf.dir/Core/Src/main.c.obj
                0x200007f0                angle1
 .bss.angle_n   0x200007f4       0x14 CMakeFiles/1_TI_C.elf.dir/Core/Src/main.c.obj
                0x200007f4                angle_n
 .bss.key_x     0x20000808       0x14 CMakeFiles/1_TI_C.elf.dir/Core/Src/main.c.obj
                0x20000808                key_x
 .bss.adc_xx    0x2000081c       0x14 CMakeFiles/1_TI_C.elf.dir/Core/Src/main.c.obj
                0x2000081c                adc_xx
 .bss.en_place  0x20000830       0x14 CMakeFiles/1_TI_C.elf.dir/Core/Src/main.c.obj
                0x20000830                en_place
 .bss.angle     0x20000844        0x4 CMakeFiles/1_TI_C.elf.dir/Core/Src/main.c.obj
                0x20000844                angle
 .bss.key_real  0x20000848        0x4 CMakeFiles/1_TI_C.elf.dir/Core/Src/main.c.obj
                0x20000848                key_real
 .bss.key       0x2000084c        0x4 CMakeFiles/1_TI_C.elf.dir/Core/Src/main.c.obj
                0x2000084c                key
 .bss.message_4
                0x20000850       0x14 CMakeFiles/1_TI_C.elf.dir/Core/Src/main.c.obj
                0x20000850                message_4
 .bss.message_2
                0x20000864       0x14 CMakeFiles/1_TI_C.elf.dir/Core/Src/main.c.obj
                0x20000864                message_2
 .bss.message_1x
                0x20000878       0x14 CMakeFiles/1_TI_C.elf.dir/Core/Src/main.c.obj
                0x20000878                message_1x
 .bss.message_1
                0x2000088c       0x14 CMakeFiles/1_TI_C.elf.dir/Core/Src/main.c.obj
                0x2000088c                message_1
 .bss.message_0
                0x200008a0       0x14 CMakeFiles/1_TI_C.elf.dir/Core/Src/main.c.obj
                0x200008a0                message_0
 .bss.adc       0x200008b4        0xa CMakeFiles/1_TI_C.elf.dir/Core/Src/my_main.c.obj
                0x200008b4                adc
 .bss.adc_value
                0x200008be        0x2 CMakeFiles/1_TI_C.elf.dir/Core/Src/my_main.c.obj
                0x200008be                adc_value
 .bss.Encoder_Integral
                0x200008c0        0x4 CMakeFiles/1_TI_C.elf.dir/Core/Src/my_main.c.obj
                0x200008c0                Encoder_Integral
 .bss.Encoder_Aim
                0x200008c4        0x4 CMakeFiles/1_TI_C.elf.dir/Core/Src/my_main.c.obj
                0x200008c4                Encoder_Aim
 .bss.Encoder_Cnt
                0x200008c8        0x4 CMakeFiles/1_TI_C.elf.dir/Core/Src/my_main.c.obj
                0x200008c8                Encoder_Cnt
 .bss.flag_pid  0x200008cc        0x4 CMakeFiles/1_TI_C.elf.dir/Core/Src/my_main.c.obj
                0x200008cc                flag_pid
 .bss.flag_5s   0x200008d0        0x4 CMakeFiles/1_TI_C.elf.dir/Core/Src/my_main.c.obj
                0x200008d0                flag_5s
 .bss.t_5s      0x200008d4        0x4 CMakeFiles/1_TI_C.elf.dir/Core/Src/my_main.c.obj
                0x200008d4                t_5s
 .bss.t_1       0x200008d8        0x4 CMakeFiles/1_TI_C.elf.dir/Core/Src/my_main.c.obj
                0x200008d8                t_1
 .bss.count     0x200008dc        0x4 CMakeFiles/1_TI_C.elf.dir/Core/Src/my_main.c.obj
                0x200008dc                count
 .bss.Turn_PID_2
                0x200008e0       0x2c CMakeFiles/1_TI_C.elf.dir/Core/Src/my_main.c.obj
                0x200008e0                Turn_PID_2
 .bss.Turn_PID_1
                0x2000090c       0x2c CMakeFiles/1_TI_C.elf.dir/Core/Src/my_main.c.obj
                0x2000090c                Turn_PID_1
 .bss.temp.0    0x20000938        0x1 CMakeFiles/1_TI_C.elf.dir/Core/Src/oled.c.obj
 .bss.temp.1    0x20000939        0x1 CMakeFiles/1_TI_C.elf.dir/Core/Src/oled.c.obj
 *fill*         0x2000093a        0x2 
 .bss.sendBuffer.2
                0x2000093c       0x81 CMakeFiles/1_TI_C.elf.dir/Core/Src/oled.c.obj
 *fill*         0x200009bd        0x3 
 .bss.sendBuffer.3
                0x200009c0        0x2 CMakeFiles/1_TI_C.elf.dir/Core/Src/oled.c.obj
 *fill*         0x200009c2        0x2 
 .bss.OLED_GRAM
                0x200009c4      0x400 CMakeFiles/1_TI_C.elf.dir/Core/Src/oled.c.obj
                0x200009c4                OLED_GRAM
 .bss.__sbrk_heap_end
                0x20000dc4        0x4 CMakeFiles/1_TI_C.elf.dir/Core/Src/sysmem.c.obj
 .bss.htim4     0x20000dc8       0x48 CMakeFiles/1_TI_C.elf.dir/Core/Src/tim.c.obj
                0x20000dc8                htim4
 .bss.htim3     0x20000e10       0x48 CMakeFiles/1_TI_C.elf.dir/Core/Src/tim.c.obj
                0x20000e10                htim3
 .bss.htim2     0x20000e58       0x48 CMakeFiles/1_TI_C.elf.dir/Core/Src/tim.c.obj
                0x20000e58                htim2
 .bss.hdma_usart2_tx
                0x20000ea0       0x44 CMakeFiles/1_TI_C.elf.dir/Core/Src/usart.c.obj
                0x20000ea0                hdma_usart2_tx
 .bss.hdma_usart2_rx
                0x20000ee4       0x44 CMakeFiles/1_TI_C.elf.dir/Core/Src/usart.c.obj
                0x20000ee4                hdma_usart2_rx
 .bss.huart2    0x20000f28       0x48 CMakeFiles/1_TI_C.elf.dir/Core/Src/usart.c.obj
                0x20000f28                huart2
 .bss.uwTick    0x20000f70        0x4 CMakeFiles/1_TI_C.elf.dir/Drivers/STM32F1xx_HAL_Driver/Src/stm32f1xx_hal.c.obj
                0x20000f70                uwTick
 .bss.__sf      0x20000f74      0x138 D:/ARM/14.2 rel1/bin/../lib/gcc/arm-none-eabi/14.2.1/thumb/v7-m/nofp\libg.a(libc_a-findfp.o)
                0x20000f74                __sf
 .bss.__stdio_exit_handler
                0x200010ac        0x4 D:/ARM/14.2 rel1/bin/../lib/gcc/arm-none-eabi/14.2.1/thumb/v7-m/nofp\libg.a(libc_a-findfp.o)
                0x200010ac                __stdio_exit_handler
 .bss.errno     0x200010b0        0x4 D:/ARM/14.2 rel1/bin/../lib/gcc/arm-none-eabi/14.2.1/thumb/v7-m/nofp\libg.a(libc_a-reent.o)
                0x200010b0                errno
 .bss.__lock___malloc_recursive_mutex
                0x200010b4        0x1 D:/ARM/14.2 rel1/bin/../lib/gcc/arm-none-eabi/14.2.1/thumb/v7-m/nofp\libg.a(libc_a-lock.o)
                0x200010b4                __lock___malloc_recursive_mutex
 *fill*         0x200010b5        0x3 
 .bss.__lock___atexit_recursive_mutex
                0x200010b8        0x1 D:/ARM/14.2 rel1/bin/../lib/gcc/arm-none-eabi/14.2.1/thumb/v7-m/nofp\libg.a(libc_a-lock.o)
                0x200010b8                __lock___atexit_recursive_mutex
 *fill*         0x200010b9        0x3 
 .bss.__lock___sfp_recursive_mutex
                0x200010bc        0x1 D:/ARM/14.2 rel1/bin/../lib/gcc/arm-none-eabi/14.2.1/thumb/v7-m/nofp\libg.a(libc_a-lock.o)
                0x200010bc                __lock___sfp_recursive_mutex
 *fill*         0x200010bd        0x3 
 .bss.__atexit  0x200010c0        0x4 D:/ARM/14.2 rel1/bin/../lib/gcc/arm-none-eabi/14.2.1/thumb/v7-m/nofp\libg.a(libc_a-__call_atexit.o)
                0x200010c0                __atexit
 .bss.__malloc_current_mallinfo
                0x200010c4       0x28 D:/ARM/14.2 rel1/bin/../lib/gcc/arm-none-eabi/14.2.1/thumb/v7-m/nofp\libg.a(libc_a-mallocr.o)
                0x200010c4                __malloc_current_mallinfo
 .bss.__malloc_max_total_mem
                0x200010ec        0x4 D:/ARM/14.2 rel1/bin/../lib/gcc/arm-none-eabi/14.2.1/thumb/v7-m/nofp\libg.a(libc_a-mallocr.o)
                0x200010ec                __malloc_max_total_mem
 .bss.__malloc_max_sbrked_mem
                0x200010f0        0x4 D:/ARM/14.2 rel1/bin/../lib/gcc/arm-none-eabi/14.2.1/thumb/v7-m/nofp\libg.a(libc_a-mallocr.o)
                0x200010f0                __malloc_max_sbrked_mem
 .bss.__malloc_top_pad
                0x200010f4        0x4 D:/ARM/14.2 rel1/bin/../lib/gcc/arm-none-eabi/14.2.1/thumb/v7-m/nofp\libg.a(libc_a-mallocr.o)
                0x200010f4                __malloc_top_pad
 .bss.__atexit0
                0x200010f8      0x190 D:/ARM/14.2 rel1/bin/../lib/gcc/arm-none-eabi/14.2.1/thumb/v7-m/nofp\libg.a(libc_a-__atexit.o)
                0x200010f8                __atexit0
 *(COMMON)
                0x20001288                        . = ALIGN (0x4)
                0x20001288                        _ebss = .
                0x20001288                        __bss_end__ = _ebss

._user_heap_stack
                0x20001288      0x600 load address 0x0800d9ac
                0x20001288                        . = ALIGN (0x8)
                [!provide]                        PROVIDE (end = .)
                0x20001288                        PROVIDE (_end = .)
                0x20001488                        . = (. + _Min_Heap_Size)
 *fill*         0x20001288      0x200 
                0x20001888                        . = (. + _Min_Stack_Size)
 *fill*         0x20001488      0x400 
                0x20001888                        . = ALIGN (0x8)

/DISCARD/
 libc.a(*)
 libm.a(*)
 libgcc.a(*)

.ARM.attributes
                0x00000000       0x29
 *(.ARM.attributes)
 .ARM.attributes
                0x00000000       0x1d D:/ARM/14.2 rel1/bin/../lib/gcc/arm-none-eabi/14.2.1/thumb/v7-m/nofp/crti.o
 .ARM.attributes
                0x0000001d       0x2d D:/ARM/14.2 rel1/bin/../lib/gcc/arm-none-eabi/14.2.1/thumb/v7-m/nofp/crtbegin.o
 .ARM.attributes
                0x0000004a       0x2d CMakeFiles/1_TI_C.elf.dir/Core/Src/PID.c.obj
 .ARM.attributes
                0x00000077       0x2d CMakeFiles/1_TI_C.elf.dir/Core/Src/adc.c.obj
 .ARM.attributes
                0x000000a4       0x2d CMakeFiles/1_TI_C.elf.dir/Core/Src/dma.c.obj
 .ARM.attributes
                0x000000d1       0x2d CMakeFiles/1_TI_C.elf.dir/Core/Src/font.c.obj
 .ARM.attributes
                0x000000fe       0x2d CMakeFiles/1_TI_C.elf.dir/Core/Src/gpio.c.obj
 .ARM.attributes
                0x0000012b       0x2d CMakeFiles/1_TI_C.elf.dir/Core/Src/i2c.c.obj
 .ARM.attributes
                0x00000158       0x2d CMakeFiles/1_TI_C.elf.dir/Core/Src/main.c.obj
 .ARM.attributes
                0x00000185       0x2d CMakeFiles/1_TI_C.elf.dir/Core/Src/my_main.c.obj
 .ARM.attributes
                0x000001b2       0x2d CMakeFiles/1_TI_C.elf.dir/Core/Src/oled.c.obj
 .ARM.attributes
                0x000001df       0x2d CMakeFiles/1_TI_C.elf.dir/Core/Src/stm32f1xx_hal_msp.c.obj
 .ARM.attributes
                0x0000020c       0x2d CMakeFiles/1_TI_C.elf.dir/Core/Src/stm32f1xx_it.c.obj
 .ARM.attributes
                0x00000239       0x2d CMakeFiles/1_TI_C.elf.dir/Core/Src/syscalls.c.obj
 .ARM.attributes
                0x00000266       0x2d CMakeFiles/1_TI_C.elf.dir/Core/Src/sysmem.c.obj
 .ARM.attributes
                0x00000293       0x2d CMakeFiles/1_TI_C.elf.dir/Core/Src/system_stm32f1xx.c.obj
 .ARM.attributes
                0x000002c0       0x2d CMakeFiles/1_TI_C.elf.dir/Core/Src/tim.c.obj
 .ARM.attributes
                0x000002ed       0x2d CMakeFiles/1_TI_C.elf.dir/Core/Src/usart.c.obj
 .ARM.attributes
                0x0000031a       0x21 CMakeFiles/1_TI_C.elf.dir/Core/Startup/startup_stm32f103c8tx.s.obj
 .ARM.attributes
                0x0000033b       0x2d CMakeFiles/1_TI_C.elf.dir/Drivers/STM32F1xx_HAL_Driver/Src/stm32f1xx_hal.c.obj
 .ARM.attributes
                0x00000368       0x2d CMakeFiles/1_TI_C.elf.dir/Drivers/STM32F1xx_HAL_Driver/Src/stm32f1xx_hal_adc.c.obj
 .ARM.attributes
                0x00000395       0x2d CMakeFiles/1_TI_C.elf.dir/Drivers/STM32F1xx_HAL_Driver/Src/stm32f1xx_hal_adc_ex.c.obj
 .ARM.attributes
                0x000003c2       0x2d CMakeFiles/1_TI_C.elf.dir/Drivers/STM32F1xx_HAL_Driver/Src/stm32f1xx_hal_cortex.c.obj
 .ARM.attributes
                0x000003ef       0x2d CMakeFiles/1_TI_C.elf.dir/Drivers/STM32F1xx_HAL_Driver/Src/stm32f1xx_hal_dma.c.obj
 .ARM.attributes
                0x0000041c       0x2d CMakeFiles/1_TI_C.elf.dir/Drivers/STM32F1xx_HAL_Driver/Src/stm32f1xx_hal_gpio.c.obj
 .ARM.attributes
                0x00000449       0x2d CMakeFiles/1_TI_C.elf.dir/Drivers/STM32F1xx_HAL_Driver/Src/stm32f1xx_hal_i2c.c.obj
 .ARM.attributes
                0x00000476       0x2d CMakeFiles/1_TI_C.elf.dir/Drivers/STM32F1xx_HAL_Driver/Src/stm32f1xx_hal_rcc.c.obj
 .ARM.attributes
                0x000004a3       0x2d CMakeFiles/1_TI_C.elf.dir/Drivers/STM32F1xx_HAL_Driver/Src/stm32f1xx_hal_rcc_ex.c.obj
 .ARM.attributes
                0x000004d0       0x2d CMakeFiles/1_TI_C.elf.dir/Drivers/STM32F1xx_HAL_Driver/Src/stm32f1xx_hal_tim.c.obj
 .ARM.attributes
                0x000004fd       0x2d CMakeFiles/1_TI_C.elf.dir/Drivers/STM32F1xx_HAL_Driver/Src/stm32f1xx_hal_tim_ex.c.obj
 .ARM.attributes
                0x0000052a       0x2d CMakeFiles/1_TI_C.elf.dir/Drivers/STM32F1xx_HAL_Driver/Src/stm32f1xx_hal_uart.c.obj
 .ARM.attributes
                0x00000557       0x1d D:/ARM/14.2 rel1/bin/../lib/gcc/arm-none-eabi/14.2.1/thumb/v7-m/nofp\libgcc.a(_arm_addsubdf3.o)
 .ARM.attributes
                0x00000574       0x1d D:/ARM/14.2 rel1/bin/../lib/gcc/arm-none-eabi/14.2.1/thumb/v7-m/nofp\libgcc.a(_arm_muldivdf3.o)
 .ARM.attributes
                0x00000591       0x1d D:/ARM/14.2 rel1/bin/../lib/gcc/arm-none-eabi/14.2.1/thumb/v7-m/nofp\libgcc.a(_arm_fixdfsi.o)
 .ARM.attributes
                0x000005ae       0x1d D:/ARM/14.2 rel1/bin/../lib/gcc/arm-none-eabi/14.2.1/thumb/v7-m/nofp\libgcc.a(_arm_addsubsf3.o)
 .ARM.attributes
                0x000005cb       0x1d D:/ARM/14.2 rel1/bin/../lib/gcc/arm-none-eabi/14.2.1/thumb/v7-m/nofp\libgcc.a(_arm_muldivsf3.o)
 .ARM.attributes
                0x000005e8       0x1d D:/ARM/14.2 rel1/bin/../lib/gcc/arm-none-eabi/14.2.1/thumb/v7-m/nofp\libgcc.a(_arm_cmpsf2.o)
 .ARM.attributes
                0x00000605       0x1d D:/ARM/14.2 rel1/bin/../lib/gcc/arm-none-eabi/14.2.1/thumb/v7-m/nofp\libgcc.a(_arm_fixsfsi.o)
 .ARM.attributes
                0x00000622       0x2d D:/ARM/14.2 rel1/bin/../lib/gcc/arm-none-eabi/14.2.1/thumb/v7-m/nofp\libg.a(libc_a-findfp.o)
 .ARM.attributes
                0x0000064f       0x2d D:/ARM/14.2 rel1/bin/../lib/gcc/arm-none-eabi/14.2.1/thumb/v7-m/nofp\libg.a(libc_a-fwalk.o)
 .ARM.attributes
                0x0000067c       0x2d D:/ARM/14.2 rel1/bin/../lib/gcc/arm-none-eabi/14.2.1/thumb/v7-m/nofp\libg.a(libc_a-sprintf.o)
 .ARM.attributes
                0x000006a9       0x2d D:/ARM/14.2 rel1/bin/../lib/gcc/arm-none-eabi/14.2.1/thumb/v7-m/nofp\libg.a(libc_a-stdio.o)
 .ARM.attributes
                0x000006d6       0x2d D:/ARM/14.2 rel1/bin/../lib/gcc/arm-none-eabi/14.2.1/thumb/v7-m/nofp\libg.a(libc_a-memcmp.o)
 .ARM.attributes
                0x00000703       0x2d D:/ARM/14.2 rel1/bin/../lib/gcc/arm-none-eabi/14.2.1/thumb/v7-m/nofp\libg.a(libc_a-memset.o)
 .ARM.attributes
                0x00000730       0x2d D:/ARM/14.2 rel1/bin/../lib/gcc/arm-none-eabi/14.2.1/thumb/v7-m/nofp\libg.a(libc_a-closer.o)
 .ARM.attributes
                0x0000075d       0x2d D:/ARM/14.2 rel1/bin/../lib/gcc/arm-none-eabi/14.2.1/thumb/v7-m/nofp\libg.a(libc_a-reent.o)
 .ARM.attributes
                0x0000078a       0x2d D:/ARM/14.2 rel1/bin/../lib/gcc/arm-none-eabi/14.2.1/thumb/v7-m/nofp\libg.a(libc_a-impure.o)
 .ARM.attributes
                0x000007b7       0x2d D:/ARM/14.2 rel1/bin/../lib/gcc/arm-none-eabi/14.2.1/thumb/v7-m/nofp\libg.a(libc_a-lseekr.o)
 .ARM.attributes
                0x000007e4       0x2d D:/ARM/14.2 rel1/bin/../lib/gcc/arm-none-eabi/14.2.1/thumb/v7-m/nofp\libg.a(libc_a-readr.o)
 .ARM.attributes
                0x00000811       0x2d D:/ARM/14.2 rel1/bin/../lib/gcc/arm-none-eabi/14.2.1/thumb/v7-m/nofp\libg.a(libc_a-writer.o)
 .ARM.attributes
                0x0000083e       0x2d D:/ARM/14.2 rel1/bin/../lib/gcc/arm-none-eabi/14.2.1/thumb/v7-m/nofp\libg.a(libc_a-errno.o)
 .ARM.attributes
                0x0000086b       0x2d D:/ARM/14.2 rel1/bin/../lib/gcc/arm-none-eabi/14.2.1/thumb/v7-m/nofp\libg.a(libc_a-init.o)
 .ARM.attributes
                0x00000898       0x2d D:/ARM/14.2 rel1/bin/../lib/gcc/arm-none-eabi/14.2.1/thumb/v7-m/nofp\libg.a(libc_a-lock.o)
 .ARM.attributes
                0x000008c5       0x1b D:/ARM/14.2 rel1/bin/../lib/gcc/arm-none-eabi/14.2.1/thumb/v7-m/nofp\libg.a(libc_a-memcpy.o)
 .ARM.attributes
                0x000008e0       0x2d D:/ARM/14.2 rel1/bin/../lib/gcc/arm-none-eabi/14.2.1/thumb/v7-m/nofp\libg.a(libc_a-__call_atexit.o)
 .ARM.attributes
                0x0000090d       0x2d D:/ARM/14.2 rel1/bin/../lib/gcc/arm-none-eabi/14.2.1/thumb/v7-m/nofp\libg.a(libc_a-atexit.o)
 .ARM.attributes
                0x0000093a       0x2d D:/ARM/14.2 rel1/bin/../lib/gcc/arm-none-eabi/14.2.1/thumb/v7-m/nofp\libg.a(libc_a-freer.o)
 .ARM.attributes
                0x00000967       0x2d D:/ARM/14.2 rel1/bin/../lib/gcc/arm-none-eabi/14.2.1/thumb/v7-m/nofp\libg.a(libc_a-mallocr.o)
 .ARM.attributes
                0x00000994       0x2d D:/ARM/14.2 rel1/bin/../lib/gcc/arm-none-eabi/14.2.1/thumb/v7-m/nofp\libg.a(libc_a-mlock.o)
 .ARM.attributes
                0x000009c1       0x2d D:/ARM/14.2 rel1/bin/../lib/gcc/arm-none-eabi/14.2.1/thumb/v7-m/nofp\libg.a(libc_a-svfprintf.o)
 .ARM.attributes
                0x000009ee       0x2d D:/ARM/14.2 rel1/bin/../lib/gcc/arm-none-eabi/14.2.1/thumb/v7-m/nofp\libg.a(libc_a-ssprint_r.o)
 .ARM.attributes
                0x00000a1b       0x2d D:/ARM/14.2 rel1/bin/../lib/gcc/arm-none-eabi/14.2.1/thumb/v7-m/nofp\libg.a(libc_a-fclose.o)
 .ARM.attributes
                0x00000a48       0x2d D:/ARM/14.2 rel1/bin/../lib/gcc/arm-none-eabi/14.2.1/thumb/v7-m/nofp\libg.a(libc_a-fflush.o)
 .ARM.attributes
                0x00000a75       0x2d D:/ARM/14.2 rel1/bin/../lib/gcc/arm-none-eabi/14.2.1/thumb/v7-m/nofp\libg.a(libc_a-strncpy.o)
 .ARM.attributes
                0x00000aa2       0x2d D:/ARM/14.2 rel1/bin/../lib/gcc/arm-none-eabi/14.2.1/thumb/v7-m/nofp\libg.a(libc_a-locale.o)
 .ARM.attributes
                0x00000acf       0x2d D:/ARM/14.2 rel1/bin/../lib/gcc/arm-none-eabi/14.2.1/thumb/v7-m/nofp\libg.a(libc_a-localeconv.o)
 .ARM.attributes
                0x00000afc       0x2d D:/ARM/14.2 rel1/bin/../lib/gcc/arm-none-eabi/14.2.1/thumb/v7-m/nofp\libg.a(libc_a-sbrkr.o)
 .ARM.attributes
                0x00000b29       0x2d D:/ARM/14.2 rel1/bin/../lib/gcc/arm-none-eabi/14.2.1/thumb/v7-m/nofp\libg.a(libc_a-fini.o)
 .ARM.attributes
                0x00000b56       0x2d D:/ARM/14.2 rel1/bin/../lib/gcc/arm-none-eabi/14.2.1/thumb/v7-m/nofp\libg.a(libc_a-sysconf.o)
 .ARM.attributes
                0x00000b83       0x2d D:/ARM/14.2 rel1/bin/../lib/gcc/arm-none-eabi/14.2.1/thumb/v7-m/nofp\libg.a(libc_a-memchr-stub.o)
 .ARM.attributes
                0x00000bb0       0x2d D:/ARM/14.2 rel1/bin/../lib/gcc/arm-none-eabi/14.2.1/thumb/v7-m/nofp\libg.a(libc_a-strlen-stub.o)
 .ARM.attributes
                0x00000bdd       0x2d D:/ARM/14.2 rel1/bin/../lib/gcc/arm-none-eabi/14.2.1/thumb/v7-m/nofp\libg.a(libm_a-s_frexp.o)
 .ARM.attributes
                0x00000c0a       0x2d D:/ARM/14.2 rel1/bin/../lib/gcc/arm-none-eabi/14.2.1/thumb/v7-m/nofp\libg.a(libc_a-__atexit.o)
 .ARM.attributes
                0x00000c37       0x2d D:/ARM/14.2 rel1/bin/../lib/gcc/arm-none-eabi/14.2.1/thumb/v7-m/nofp\libg.a(libc_a-dtoa.o)
 .ARM.attributes
                0x00000c64       0x2d D:/ARM/14.2 rel1/bin/../lib/gcc/arm-none-eabi/14.2.1/thumb/v7-m/nofp\libg.a(libc_a-mbtowc_r.o)
 .ARM.attributes
                0x00000c91       0x2d D:/ARM/14.2 rel1/bin/../lib/gcc/arm-none-eabi/14.2.1/thumb/v7-m/nofp\libg.a(libc_a-mprec.o)
 .ARM.attributes
                0x00000cbe       0x2d D:/ARM/14.2 rel1/bin/../lib/gcc/arm-none-eabi/14.2.1/thumb/v7-m/nofp\libg.a(libc_a-wctomb_r.o)
 .ARM.attributes
                0x00000ceb       0x2d D:/ARM/14.2 rel1/bin/../lib/gcc/arm-none-eabi/14.2.1/thumb/v7-m/nofp\libg.a(libc_a-wcrtomb.o)
 .ARM.attributes
                0x00000d18       0x2d D:/ARM/14.2 rel1/bin/../lib/gcc/arm-none-eabi/14.2.1/thumb/v7-m/nofp\libg.a(libc_a-wcsrtombs.o)
 .ARM.attributes
                0x00000d45       0x2d D:/ARM/14.2 rel1/bin/../lib/gcc/arm-none-eabi/14.2.1/thumb/v7-m/nofp\libg.a(libc_a-ctype_.o)
 .ARM.attributes
                0x00000d72       0x2d D:/ARM/14.2 rel1/bin/../lib/gcc/arm-none-eabi/14.2.1/thumb/v7-m/nofp\libg.a(libc_a-ssputs_r.o)
 .ARM.attributes
                0x00000d9f       0x2d D:/ARM/14.2 rel1/bin/../lib/gcc/arm-none-eabi/14.2.1/thumb/v7-m/nofp\libg.a(libc_a-memmove.o)
 .ARM.attributes
                0x00000dcc       0x2d D:/ARM/14.2 rel1/bin/../lib/gcc/arm-none-eabi/14.2.1/thumb/v7-m/nofp\libg.a(libc_a-assert.o)
 .ARM.attributes
                0x00000df9       0x2d D:/ARM/14.2 rel1/bin/../lib/gcc/arm-none-eabi/14.2.1/thumb/v7-m/nofp\libg.a(libc_a-callocr.o)
 .ARM.attributes
                0x00000e26       0x2d D:/ARM/14.2 rel1/bin/../lib/gcc/arm-none-eabi/14.2.1/thumb/v7-m/nofp\libg.a(libc_a-reallocr.o)
 .ARM.attributes
                0x00000e53       0x2d D:/ARM/14.2 rel1/bin/../lib/gcc/arm-none-eabi/14.2.1/thumb/v7-m/nofp\libg.a(libc_a-wcsnrtombs.o)
 .ARM.attributes
                0x00000e80       0x2d D:/ARM/14.2 rel1/bin/../lib/gcc/arm-none-eabi/14.2.1/thumb/v7-m/nofp\libg.a(libc_a-fiprintf.o)
 .ARM.attributes
                0x00000ead       0x2d D:/ARM/14.2 rel1/bin/../lib/gcc/arm-none-eabi/14.2.1/thumb/v7-m/nofp\libg.a(libc_a-vfiprintf.o)
 .ARM.attributes
                0x00000eda       0x2d D:/ARM/14.2 rel1/bin/../lib/gcc/arm-none-eabi/14.2.1/thumb/v7-m/nofp\libg.a(libc_a-sprint_r.o)
 .ARM.attributes
                0x00000f07       0x2d D:/ARM/14.2 rel1/bin/../lib/gcc/arm-none-eabi/14.2.1/thumb/v7-m/nofp\libg.a(libc_a-fvwrite.o)
 .ARM.attributes
                0x00000f34       0x2d D:/ARM/14.2 rel1/bin/../lib/gcc/arm-none-eabi/14.2.1/thumb/v7-m/nofp\libg.a(libc_a-wsetup.o)
 .ARM.attributes
                0x00000f61       0x2d D:/ARM/14.2 rel1/bin/../lib/gcc/arm-none-eabi/14.2.1/thumb/v7-m/nofp\libg.a(libc_a-abort.o)
 .ARM.attributes
                0x00000f8e       0x2d D:/ARM/14.2 rel1/bin/../lib/gcc/arm-none-eabi/14.2.1/thumb/v7-m/nofp\libg.a(libc_a-makebuf.o)
 .ARM.attributes
                0x00000fbb       0x2d D:/ARM/14.2 rel1/bin/../lib/gcc/arm-none-eabi/14.2.1/thumb/v7-m/nofp\libg.a(libc_a-signal.o)
 .ARM.attributes
                0x00000fe8       0x2d D:/ARM/14.2 rel1/bin/../lib/gcc/arm-none-eabi/14.2.1/thumb/v7-m/nofp\libg.a(libc_a-fstatr.o)
 .ARM.attributes
                0x00001015       0x2d D:/ARM/14.2 rel1/bin/../lib/gcc/arm-none-eabi/14.2.1/thumb/v7-m/nofp\libg.a(libc_a-isattyr.o)
 .ARM.attributes
                0x00001042       0x2d D:/ARM/14.2 rel1/bin/../lib/gcc/arm-none-eabi/14.2.1/thumb/v7-m/nofp\libg.a(libc_a-signalr.o)
 .ARM.attributes
                0x0000106f       0x1d D:/ARM/14.2 rel1/bin/../lib/gcc/arm-none-eabi/14.2.1/thumb/v7-m/nofp\libgcc.a(_arm_cmpdf2.o)
 .ARM.attributes
                0x0000108c       0x1d D:/ARM/14.2 rel1/bin/../lib/gcc/arm-none-eabi/14.2.1/thumb/v7-m/nofp\libgcc.a(_arm_unorddf2.o)
 .ARM.attributes
                0x000010a9       0x2d D:/ARM/14.2 rel1/bin/../lib/gcc/arm-none-eabi/14.2.1/thumb/v7-m/nofp/crtend.o
 .ARM.attributes
                0x000010d6       0x1d D:/ARM/14.2 rel1/bin/../lib/gcc/arm-none-eabi/14.2.1/thumb/v7-m/nofp/crtn.o
OUTPUT(1_TI_C.elf elf32-littlearm)
LOAD linker stubs
LOAD D:/ARM/14.2 rel1/bin/../lib/gcc/arm-none-eabi/14.2.1/thumb/v7-m/nofp\libc.a
LOAD D:/ARM/14.2 rel1/bin/../lib/gcc/arm-none-eabi/14.2.1/thumb/v7-m/nofp\libm.a
LOAD D:/ARM/14.2 rel1/bin/../lib/gcc/arm-none-eabi/14.2.1/thumb/v7-m/nofp\libgcc.a

.debug_info     0x00000000    0x1bcbc
 .debug_info    0x00000000      0x519 CMakeFiles/1_TI_C.elf.dir/Core/Src/PID.c.obj
 .debug_info    0x00000519      0x839 CMakeFiles/1_TI_C.elf.dir/Core/Src/adc.c.obj
 .debug_info    0x00000d52      0x32b CMakeFiles/1_TI_C.elf.dir/Core/Src/dma.c.obj